Archive member included to satisfy reference by file (symbol)

/opt/st/stm32cubeide_1.13.2/plugins/com.st.stm32cube.ide.mcu.externaltools.gnu-tools-for-stm32.11.3.rel1.linux64_1.1.1.202309131626/tools/bin/../lib/gcc/arm-none-eabi/11.3.1/../../../../arm-none-eabi/lib/thumb/v6-m/nofp/libc_nano.a(libc_a-atof.o)
                              ./Src/boardConsole/interface.o (atof)
/opt/st/stm32cubeide_1.13.2/plugins/com.st.stm32cube.ide.mcu.externaltools.gnu-tools-for-stm32.11.3.rel1.linux64_1.1.1.202309131626/tools/bin/../lib/gcc/arm-none-eabi/11.3.1/../../../../arm-none-eabi/lib/thumb/v6-m/nofp/libc_nano.a(libc_a-atoi.o)
                              ./Src/boardConsole/interface.o (atoi)
/opt/st/stm32cubeide_1.13.2/plugins/com.st.stm32cube.ide.mcu.externaltools.gnu-tools-for-stm32.11.3.rel1.linux64_1.1.1.202309131626/tools/bin/../lib/gcc/arm-none-eabi/11.3.1/../../../../arm-none-eabi/lib/thumb/v6-m/nofp/libc_nano.a(libc_a-exit.o)
                              /opt/st/stm32cubeide_1.13.2/plugins/com.st.stm32cube.ide.mcu.externaltools.gnu-tools-for-stm32.11.3.rel1.linux64_1.1.1.202309131626/tools/bin/../lib/gcc/arm-none-eabi/11.3.1/../../../../arm-none-eabi/lib/thumb/v6-m/nofp/crt0.o (exit)
/opt/st/stm32cubeide_1.13.2/plugins/com.st.stm32cube.ide.mcu.externaltools.gnu-tools-for-stm32.11.3.rel1.linux64_1.1.1.202309131626/tools/bin/../lib/gcc/arm-none-eabi/11.3.1/../../../../arm-none-eabi/lib/thumb/v6-m/nofp/libc_nano.a(libc_a-itoa.o)
                              ./Src/boardConsole/interface.o (itoa)
/opt/st/stm32cubeide_1.13.2/plugins/com.st.stm32cube.ide.mcu.externaltools.gnu-tools-for-stm32.11.3.rel1.linux64_1.1.1.202309131626/tools/bin/../lib/gcc/arm-none-eabi/11.3.1/../../../../arm-none-eabi/lib/thumb/v6-m/nofp/libc_nano.a(libc_a-strtod.o)
                              /opt/st/stm32cubeide_1.13.2/plugins/com.st.stm32cube.ide.mcu.externaltools.gnu-tools-for-stm32.11.3.rel1.linux64_1.1.1.202309131626/tools/bin/../lib/gcc/arm-none-eabi/11.3.1/../../../../arm-none-eabi/lib/thumb/v6-m/nofp/libc_nano.a(libc_a-atof.o) (strtod)
/opt/st/stm32cubeide_1.13.2/plugins/com.st.stm32cube.ide.mcu.externaltools.gnu-tools-for-stm32.11.3.rel1.linux64_1.1.1.202309131626/tools/bin/../lib/gcc/arm-none-eabi/11.3.1/../../../../arm-none-eabi/lib/thumb/v6-m/nofp/libc_nano.a(libc_a-strtol.o)
                              /opt/st/stm32cubeide_1.13.2/plugins/com.st.stm32cube.ide.mcu.externaltools.gnu-tools-for-stm32.11.3.rel1.linux64_1.1.1.202309131626/tools/bin/../lib/gcc/arm-none-eabi/11.3.1/../../../../arm-none-eabi/lib/thumb/v6-m/nofp/libc_nano.a(libc_a-atoi.o) (_strtol_r)
/opt/st/stm32cubeide_1.13.2/plugins/com.st.stm32cube.ide.mcu.externaltools.gnu-tools-for-stm32.11.3.rel1.linux64_1.1.1.202309131626/tools/bin/../lib/gcc/arm-none-eabi/11.3.1/../../../../arm-none-eabi/lib/thumb/v6-m/nofp/libc_nano.a(libc_a-utoa.o)
                              /opt/st/stm32cubeide_1.13.2/plugins/com.st.stm32cube.ide.mcu.externaltools.gnu-tools-for-stm32.11.3.rel1.linux64_1.1.1.202309131626/tools/bin/../lib/gcc/arm-none-eabi/11.3.1/../../../../arm-none-eabi/lib/thumb/v6-m/nofp/libc_nano.a(libc_a-itoa.o) (__utoa)
/opt/st/stm32cubeide_1.13.2/plugins/com.st.stm32cube.ide.mcu.externaltools.gnu-tools-for-stm32.11.3.rel1.linux64_1.1.1.202309131626/tools/bin/../lib/gcc/arm-none-eabi/11.3.1/../../../../arm-none-eabi/lib/thumb/v6-m/nofp/libc_nano.a(libc_a-ctype_.o)
                              /opt/st/stm32cubeide_1.13.2/plugins/com.st.stm32cube.ide.mcu.externaltools.gnu-tools-for-stm32.11.3.rel1.linux64_1.1.1.202309131626/tools/bin/../lib/gcc/arm-none-eabi/11.3.1/../../../../arm-none-eabi/lib/thumb/v6-m/nofp/libc_nano.a(libc_a-strtol.o) (_ctype_)
/opt/st/stm32cubeide_1.13.2/plugins/com.st.stm32cube.ide.mcu.externaltools.gnu-tools-for-stm32.11.3.rel1.linux64_1.1.1.202309131626/tools/bin/../lib/gcc/arm-none-eabi/11.3.1/../../../../arm-none-eabi/lib/thumb/v6-m/nofp/libc_nano.a(libc_a-findfp.o)
                              /opt/st/stm32cubeide_1.13.2/plugins/com.st.stm32cube.ide.mcu.externaltools.gnu-tools-for-stm32.11.3.rel1.linux64_1.1.1.202309131626/tools/bin/../lib/gcc/arm-none-eabi/11.3.1/../../../../arm-none-eabi/lib/thumb/v6-m/nofp/libc_nano.a(libc_a-exit.o) (__stdio_exit_handler)
/opt/st/stm32cubeide_1.13.2/plugins/com.st.stm32cube.ide.mcu.externaltools.gnu-tools-for-stm32.11.3.rel1.linux64_1.1.1.202309131626/tools/bin/../lib/gcc/arm-none-eabi/11.3.1/../../../../arm-none-eabi/lib/thumb/v6-m/nofp/libc_nano.a(libc_a-fwalk.o)
                              /opt/st/stm32cubeide_1.13.2/plugins/com.st.stm32cube.ide.mcu.externaltools.gnu-tools-for-stm32.11.3.rel1.linux64_1.1.1.202309131626/tools/bin/../lib/gcc/arm-none-eabi/11.3.1/../../../../arm-none-eabi/lib/thumb/v6-m/nofp/libc_nano.a(libc_a-findfp.o) (_fwalk_sglue)
[...]
Memory Configuration

Name             Origin             Length             Attributes
RAM              0x0000000020000000 0x0000000000009000 xrw
FLASH            0x0000000008000000 0x0000000000020000 xr
*default*        0x0000000000000000 0xffffffffffffffff

Linker script and memory map

LOAD /opt/st/stm32cubeide_1.13.2/plugins/com.st.stm32cube.ide.mcu.externaltools.gnu-tools-for-stm32.11.3.rel1.linux64_1.1.1.202309131626/tools/bin/../lib/gcc/arm-none-eabi/11.3.1/thumb/v6-m/nofp/crti.o
LOAD /opt/st/stm32cubeide_1.13.2/plugins/com.st.stm32cube.ide.mcu.externaltools.gnu-tools-for-stm32.11.3.rel1.linux64_1.1.1.202309131626/tools/bin/../lib/gcc/arm-none-eabi/11.3.1/thumb/v6-m/nofp/crtbegin.o
LOAD /opt/st/stm32cubeide_1.13.2/plugins/com.st.stm32cube.ide.mcu.externaltools.gnu-tools-for-stm32.11.3.rel1.linux64_1.1.1.202309131626/tools/bin/../lib/gcc/arm-none-eabi/11.3.1/../../../../arm-none-eabi/lib/thumb/v6-m/nofp/crt0.o
LOAD ./Drivers/STM32G0xx_HAL_Driver/Src/stm32g0xx_hal.o
LOAD ./Drivers/STM32G0xx_HAL_Driver/Src/stm32g0xx_hal_adc.o
LOAD ./Drivers/STM32G0xx_HAL_Driver/Src/stm32g0xx_hal_adc_ex.o
LOAD ./Drivers/STM32G0xx_HAL_Driver/Src/stm32g0xx_hal_comp.o
LOAD ./Drivers/STM32G0xx_HAL_Driver/Src/stm32g0xx_hal_cortex.o
LOAD ./Drivers/STM32G0xx_HAL_Driver/Src/stm32g0xx_hal_dma.o
LOAD ./Drivers/STM32G0xx_HAL_Driver/Src/stm32g0xx_hal_dma_ex.o
LOAD ./Drivers/STM32G0xx_HAL_Driver/Src/stm32g0xx_hal_exti.o
LOAD ./Drivers/STM32G0xx_HAL_Driver/Src/stm32g0xx_hal_flash.o
LOAD ./Drivers/STM32G0xx_HAL_Driver/Src/stm32g0xx_hal_flash_ex.o
LOAD ./Drivers/STM32G0xx_HAL_Driver/Src/stm32g0xx_hal_gpio.o
LOAD ./Drivers/STM32G0xx_HAL_Driver/Src/stm32g0xx_hal_i2c.o
LOAD ./Drivers/STM32G0xx_HAL_Driver/Src/stm32g0xx_hal_i2c_ex.o
LOAD ./Drivers/STM32G0xx_HAL_Driver/Src/stm32g0xx_hal_pwr.o
LOAD ./Drivers/STM32G0xx_HAL_Driver/Src/stm32g0xx_hal_pwr_ex.o
LOAD ./Drivers/STM32G0xx_HAL_Driver/Src/stm32g0xx_hal_rcc.o
LOAD ./Drivers/STM32G0xx_HAL_Driver/Src/stm32g0xx_hal_rcc_ex.o
LOAD ./Drivers/STM32G0xx_HAL_Driver/Src/stm32g0xx_hal_tim.o
LOAD ./Drivers/STM32G0xx_HAL_Driver/Src/stm32g0xx_hal_tim_ex.o
LOAD ./Drivers/STM32G0xx_HAL_Driver/Src/stm32g0xx_hal_uart.o
LOAD ./Drivers/STM32G0xx_HAL_Driver/Src/stm32g0xx_hal_uart_ex.o
LOAD ./Drivers/STM32G0xx_HAL_Driver/Src/stm32g0xx_ll_adc.o
LOAD ./Drivers/STM32G0xx_HAL_Driver/Src/stm32g0xx_ll_dma.o
LOAD ./Drivers/STM32G0xx_HAL_Driver/Src/stm32g0xx_ll_rcc.o
LOAD ./FreeRTOS/Source/croutine.o
LOAD ./FreeRTOS/Source/event_groups.o
LOAD ./FreeRTOS/Source/list.o
LOAD ./FreeRTOS/Source/queue.o
LOAD ./FreeRTOS/Source/stream_buffer.o
LOAD ./FreeRTOS/Source/tasks.o
LOAD ./FreeRTOS/Source/timers.o
LOAD ./FreeRTOS/Source/portable/GCC/ARM_CM0/port.o
LOAD ./FreeRTOS/Source/portable/MemMang/heap_4.o
LOAD ./Src/adc.o
LOAD ./Src/comp.o
LOAD ./Src/dma.o
LOAD ./Src/gpio.o
LOAD ./Src/i2c.o
LOAD ./Src/main.o
LOAD ./Src/stm32g0xx_hal_msp.o
LOAD ./Src/stm32g0xx_hal_timebase_tim.o
LOAD ./Src/stm32g0xx_it.o
LOAD ./Src/syscalls.o
LOAD ./Src/sysmem.o
LOAD ./Src/system_stm32g0xx.o
LOAD ./Src/tim.o
LOAD ./Src/usart.o
LOAD ./Src/boardConsole/boardconsoleapp.o
LOAD ./Src/boardConsole/buttons.o
LOAD ./Src/boardConsole/interface.o
LOAD ./Src/boardConsole/interrupts.o
LOAD ./Src/libs/adconv.o
LOAD ./Src/libs/blinkpin.o
LOAD ./Src/libs/delays.o
LOAD ./Src/libs/eeprom.o
LOAD ./Src/libs/hd44780.o
LOAD ./Src/libs/menu.o
LOAD ./Src/libs/motohours.o
LOAD ./Src/libs/nmea0183.o
LOAD ./Src/libs/pwm.o
LOAD ./Src/libs/scheduler.o
LOAD ./Src/libs/tachometer.o
LOAD ./Startup/startup_stm32g071rbtx.o
START GROUP
LOAD /opt/st/stm32cubeide_1.13.2/plugins/com.st.stm32cube.ide.mcu.externaltools.gnu-tools-for-stm32.11.3.rel1.linux64_1.1.1.202309131626/tools/bin/../lib/gcc/arm-none-eabi/11.3.1/../../../../arm-none-eabi/lib/thumb/v6-m/nofp/libc_nano.a
LOAD /opt/st/stm32cubeide_1.13.2/plugins/com.st.stm32cube.ide.mcu.externaltools.gnu-tools-for-stm32.11.3.rel1.linux64_1.1.1.202309131626/tools/bin/../lib/gcc/arm-none-eabi/11.3.1/../../../../arm-none-eabi/lib/thumb/v6-m/nofp/libm.a
END GROUP
START GROUP
LOAD /opt/st/stm32cubeide_1.13.2/plugins/com.st.stm32cube.ide.mcu.externaltools.gnu-tools-for-stm32.11.3.rel1.linux64_1.1.1.202309131626/tools/bin/../lib/gcc/arm-none-eabi/11.3.1/thumb/v6-m/nofp/libgcc.a
LOAD /opt/st/stm32cubeide_1.13.2/plugins/com.st.stm32cube.ide.mcu.externaltools.gnu-tools-for-stm32.11.3.rel1.linux64_1.1.1.202309131626/tools/bin/../lib/gcc/arm-none-eabi/11.3.1/../../../../arm-none-eabi/lib/thumb/v6-m/nofp/libc_nano.a
END GROUP
START GROUP
LOAD /opt/st/stm32cubeide_1.13.2/plugins/com.st.stm32cube.ide.mcu.externaltools.gnu-tools-for-stm32.11.3.rel1.linux64_1.1.1.202309131626/tools/bin/../lib/gcc/arm-none-eabi/11.3.1/thumb/v6-m/nofp/libgcc.a
LOAD /opt/st/stm32cubeide_1.13.2/plugins/com.st.stm32cube.ide.mcu.externaltools.gnu-tools-for-stm32.11.3.rel1.linux64_1.1.1.202309131626/tools/bin/../lib/gcc/arm-none-eabi/11.3.1/../../../../arm-none-eabi/lib/thumb/v6-m/nofp/libc_nano.a
LOAD /opt/st/stm32cubeide_1.13.2/plugins/com.st.stm32cube.ide.mcu.externaltools.gnu-tools-for-stm32.11.3.rel1.linux64_1.1.1.202309131626/tools/bin/../lib/gcc/arm-none-eabi/11.3.1/../../../../arm-none-eabi/lib/thumb/v6-m/nofp/libnosys.a
END GROUP
START GROUP
LOAD /opt/st/stm32cubeide_1.13.2/plugins/com.st.stm32cube.ide.mcu.externaltools.gnu-tools-for-stm32.11.3.rel1.linux64_1.1.1.202309131626/tools/bin/../lib/gcc/arm-none-eabi/11.3.1/thumb/v6-m/nofp/libgcc.a
LOAD /opt/st/stm32cubeide_1.13.2/plugins/com.st.stm32cube.ide.mcu.externaltools.gnu-tools-for-stm32.11.3.rel1.linux64_1.1.1.202309131626/tools/bin/../lib/gcc/arm-none-eabi/11.3.1/../../../../arm-none-eabi/lib/thumb/v6-m/nofp/libc_nano.a
LOAD /opt/st/stm32cubeide_1.13.2/plugins/com.st.stm32cube.ide.mcu.externaltools.gnu-tools-for-stm32.11.3.rel1.linux64_1.1.1.202309131626/tools/bin/../lib/gcc/arm-none-eabi/11.3.1/../../../../arm-none-eabi/lib/thumb/v6-m/nofp/libnosys.a
END GROUP
LOAD /opt/st/stm32cubeide_1.13.2/plugins/com.st.stm32cube.ide.mcu.externaltools.gnu-tools-for-stm32.11.3.rel1.linux64_1.1.1.202309131626/tools/bin/../lib/gcc/arm-none-eabi/11.3.1/thumb/v6-m/nofp/crtend.o
LOAD /opt/st/stm32cubeide_1.13.2/plugins/com.st.stm32cube.ide.mcu.externaltools.gnu-tools-for-stm32.11.3.rel1.linux64_1.1.1.202309131626/tools/bin/../lib/gcc/arm-none-eabi/11.3.1/thumb/v6-m/nofp/crtn.o
                0x0000000020009000                _estack = (ORIGIN (RAM) + LENGTH (RAM))
                0x0000000000000200                _Min_Heap_Size = 0x200
                0x0000000000000400                _Min_Stack_Size = 0x400

.isr_vector     0x0000000008000000       0xbc
                0x0000000008000000                . = ALIGN (0x4)
 *(.isr_vector)
 .isr_vector    0x0000000008000000       0xbc ./Startup/startup_stm32g071rbtx.o
                0x0000000008000000                g_pfnVectors
                0x00000000080000bc                . = ALIGN (0x4)

.text           0x00000000080000c0    0x136d4
                0x00000000080000c0                . = ALIGN (0x4)
 *(.text)
 .text          0x00000000080000c0       0x48 /opt/st/stm32cubeide_1.13.2/plugins/com.st.stm32cube.ide.mcu.externaltools.gnu-tools-for-stm32.11.3.rel1.linux64_1.1.1.202309131626/tools/bin/../lib/gcc/arm-none-eabi/11.3.1/thumb/v6-m/nofp/crtbegin.o
 .text          0x0000000008000108        0xe /opt/st/stm32cubeide_1.13.2/plugins/com.st.stm32cube.ide.mcu.externaltools.gnu-tools-for-stm32.11.3.rel1.linux64_1.1.1.202309131626/tools/bin/../lib/gcc/arm-none-eabi/11.3.1/../../../../arm-none-eabi/lib/thumb/v6-m/nofp/libc_nano.a(libc_a-strlen.o)
                0x0000000008000108                strlen
 *fill*         0x0000000008000116        0x2 
 .text          0x0000000008000118       0x14 /opt/st/stm32cubeide_1.13.2/plugins/com.st.stm32cube.ide.mcu.externaltools.gnu-tools-for-stm32.11.3.rel1.linux64_1.1.1.202309131626/tools/bin/../lib/gcc/arm-none-eabi/11.3.1/thumb/v6-m/nofp/libgcc.a(_thumb1_case_uqi.o)
                0x0000000008000118                __gnu_thumb1_case_uqi
 .text          0x000000000800012c       0x14 /opt/st/stm32cubeide_1.13.2/plugins/com.st.stm32cube.ide.mcu.externaltools.gnu-tools-for-stm32.11.3.rel1.linux64_1.1.1.202309131626/tools/bin/../lib/gcc/arm-none-eabi/11.3.1/thumb/v6-m/nofp/libgcc.a(_thumb1_case_shi.o)
                0x000000000800012c                __gnu_thumb1_case_shi
 .text          0x0000000008000140      0x114 /opt/st/stm32cubeide_1.13.2/plugins/com.st.stm32cube.ide.mcu.externaltools.gnu-tools-for-stm32.11.3.rel1.linux64_1.1.1.202309131626/tools/bin/../lib/gcc/arm-none-eabi/11.3.1/thumb/v6-m/nofp/libgcc.a(_udivsi3.o)
                0x0000000008000140                __udivsi3
                0x0000000008000140                __aeabi_uidiv
                0x000000000800024c                __aeabi_uidivmod
 .text          0x0000000008000254      0x1d4 /opt/st/stm32cubeide_1.13.2/plugins/com.st.stm32cube.ide.mcu.externaltools.gnu-tools-for-stm32.11.3.rel1.linux64_1.1.1.202309131626/tools/bin/../lib/gcc/arm-none-eabi/11.3.1/thumb/v6-m/nofp/libgcc.a(_divsi3.o)
                0x0000000008000254                __aeabi_idiv
                0x0000000008000254                __divsi3
                0x0000000008000420                __aeabi_idivmod
 .text          0x0000000008000428        0x4 /opt/st/stm32cubeide_1.13.2/plugins/com.st.stm32cube.ide.mcu.externaltools.gnu-tools-for-stm32.11.3.rel1.linux64_1.1.1.202309131626/tools/bin/../lib/gcc/arm-none-eabi/11.3.1/thumb/v6-m/nofp/libgcc.a(_dvmd_tls.o)
                0x0000000008000428                __aeabi_ldiv0
                0x0000000008000428                __aeabi_idiv0
 .text          0x000000000800042c       0x7c /opt/st/stm32cubeide_1.13.2/plugins/com.st.stm32cube.ide.mcu.externaltools.gnu-tools-for-stm32.11.3.rel1.linux64_1.1.1.202309131626/tools/bin/../lib/gcc/arm-none-eabi/11.3.1/thumb/v6-m/nofp/libgcc.a(_arm_cmpdf2.o)
                0x000000000800042c                __aeabi_cdrcmple
                0x000000000800043c                __aeabi_cdcmple
                0x000000000800043c                __aeabi_cdcmpeq
                0x000000000800044c                __aeabi_dcmpeq
                0x0000000008000458                __aeabi_dcmplt
                0x000000000800046c                __aeabi_dcmple
                0x0000000008000480                __aeabi_dcmpgt
                0x0000000008000494                __aeabi_dcmpge
 .text          0x00000000080004a8       0x74 /opt/st/stm32cubeide_1.13.2/plugins/com.st.stm32cube.ide.mcu.externaltools.gnu-tools-for-stm32.11.3.rel1.linux64_1.1.1.202309131626/tools/bin/../lib/gcc/arm-none-eabi/11.3.1/thumb/v6-m/nofp/libgcc.a(_arm_cmpsf2.o)
                0x00000000080004a8                __aeabi_cfrcmple
                0x00000000080004b0                __aeabi_cfcmple
                0x00000000080004b0                __aeabi_cfcmpeq
                0x00000000080004c0                __aeabi_fcmpeq
                0x00000000080004cc                __aeabi_fcmplt
                0x00000000080004e0                __aeabi_fcmple
                0x00000000080004f4                __aeabi_fcmpgt
                0x0000000008000508                __aeabi_fcmpge
 .text          0x000000000800051c       0x40 /opt/st/stm32cubeide_1.13.2/plugins/com.st.stm32cube.ide.mcu.externaltools.gnu-tools-for-stm32.11.3.rel1.linux64_1.1.1.202309131626/tools/bin/../lib/gcc/arm-none-eabi/11.3.1/thumb/v6-m/nofp/libgcc.a(_aeabi_uldivmod.o)
                0x000000000800051c                __aeabi_uldivmod
 .text          0x000000000800055c       0x30 /opt/st/stm32cubeide_1.13.2/plugins/com.st.stm32cube.ide.mcu.externaltools.gnu-tools-for-stm32.11.3.rel1.linux64_1.1.1.202309131626/tools/bin/../lib/gcc/arm-none-eabi/11.3.1/thumb/v6-m/nofp/libgcc.a(_fixunssfsi.o)
                0x000000000800055c                __aeabi_f2uiz
                0x000000000800055c                __fixunssfsi
 .text          0x000000000800058c       0x3c /opt/st/stm32cubeide_1.13.2/plugins/com.st.stm32cube.ide.mcu.externaltools.gnu-tools-for-stm32.11.3.rel1.linux64_1.1.1.202309131626/tools/bin/../lib/gcc/arm-none-eabi/11.3.1/thumb/v6-m/nofp/libgcc.a(_fixunsdfsi.o)
                0x000000000800058c                __fixunsdfsi
                0x000000000800058c                __aeabi_d2uiz
 .text          0x00000000080005c8       0x3c /opt/st/stm32cubeide_1.13.2/plugins/com.st.stm32cube.ide.mcu.externaltools.gnu-tools-for-stm32.11.3.rel1.linux64_1.1.1.202309131626/tools/bin/../lib/gcc/arm-none-eabi/11.3.1/thumb/v6-m/nofp/libgcc.a(_fixdfdi.o)
                0x00000000080005c8                __aeabi_d2lz
                0x00000000080005c8                __fixdfdi
 .text          0x0000000008000604       0x3c /opt/st/stm32cubeide_1.13.2/plugins/com.st.stm32cube.ide.mcu.externaltools.gnu-tools-for-stm32.11.3.rel1.linux64_1.1.1.202309131626/tools/bin/../lib/gcc/arm-none-eabi/11.3.1/thumb/v6-m/nofp/libgcc.a(_fixunsdfdi.o)
                0x0000000008000604                __aeabi_d2ulz
                0x0000000008000604                __fixunsdfdi
 .text          0x0000000008000640       0x2c /opt/st/stm32cubeide_1.13.2/plugins/com.st.stm32cube.ide.mcu.externaltools.gnu-tools-for-stm32.11.3.rel1.linux64_1.1.1.202309131626/tools/bin/../lib/gcc/arm-none-eabi/11.3.1/thumb/v6-m/nofp/libgcc.a(_floatdidf.o)
                0x0000000008000640                __floatdidf
                0x0000000008000640                __aeabi_l2d
 .text          0x000000000800066c      0x198 /opt/st/stm32cubeide_1.13.2/plugins/com.st.stm32cube.ide.mcu.externaltools.gnu-tools-for-stm32.11.3.rel1.linux64_1.1.1.202309131626/tools/bin/../lib/gcc/arm-none-eabi/11.3.1/thumb/v6-m/nofp/libgcc.a(_udivmoddi4.o)
                0x000000000800066c                __udivmoddi4
 .text          0x0000000008000804       0x4c /opt/st/stm32cubeide_1.13.2/plugins/com.st.stm32cube.ide.mcu.externaltools.gnu-tools-for-stm32.11.3.rel1.linux64_1.1.1.202309131626/tools/bin/../lib/gcc/arm-none-eabi/11.3.1/thumb/v6-m/nofp/libgcc.a(eqsf2.o)
                0x0000000008000804                __nesf2
                0x0000000008000804                __eqsf2
 .text          0x0000000008000850       0x8c /opt/st/stm32cubeide_1.13.2/plugins/com.st.stm32cube.ide.mcu.externaltools.gnu-tools-for-stm32.11.3.rel1.linux64_1.1.1.202309131626/tools/bin/../lib/gcc/arm-none-eabi/11.3.1/thumb/v6-m/nofp/libgcc.a(gesf2.o)
                0x0000000008000850                __gtsf2
                0x0000000008000850                __gesf2
 .text          0x00000000080008dc       0x88 /opt/st/stm32cubeide_1.13.2/plugins/com.st.stm32cube.ide.mcu.externaltools.gnu-tools-for-stm32.11.3.rel1.linux64_1.1.1.202309131626/tools/bin/../lib/gcc/arm-none-eabi/11.3.1/thumb/v6-m/nofp/libgcc.a(lesf2.o)
                0x00000000080008dc                __lesf2
                0x00000000080008dc                __ltsf2
 .text          0x0000000008000964      0x29c /opt/st/stm32cubeide_1.13.2/plugins/com.st.stm32cube.ide.mcu.externaltools.gnu-tools-for-stm32.11.3.rel1.linux64_1.1.1.202309131626/tools/bin/../lib/gcc/arm-none-eabi/11.3.1/thumb/v6-m/nofp/libgcc.a(mulsf3.o)
                0x0000000008000964                __aeabi_fmul
 .text          0x0000000008000c00      0x340 /opt/st/stm32cubeide_1.13.2/plugins/com.st.stm32cube.ide.mcu.externaltools.gnu-tools-for-stm32.11.3.rel1.linux64_1.1.1.202309131626/tools/bin/../lib/gcc/arm-none-eabi/11.3.1/thumb/v6-m/nofp/libgcc.a(subsf3.o)
                0x0000000008000c00                __aeabi_fsub
 .text          0x0000000008000f40       0x40 /opt/st/stm32cubeide_1.13.2/plugins/com.st.stm32cube.ide.mcu.externaltools.gnu-tools-for-stm32.11.3.rel1.linux64_1.1.1.202309131626/tools/bin/../lib/gcc/arm-none-eabi/11.3.1/thumb/v6-m/nofp/libgcc.a(fixsfsi.o)
                0x0000000008000f40                __aeabi_f2iz
 .text          0x0000000008000f80       0x90 /opt/st/stm32cubeide_1.13.2/plugins/com.st.stm32cube.ide.mcu.externaltools.gnu-tools-for-stm32.11.3.rel1.linux64_1.1.1.202309131626/tools/bin/../lib/gcc/arm-none-eabi/11.3.1/thumb/v6-m/nofp/libgcc.a(floatunsisf.o)
                0x0000000008000f80                __aeabi_ui2f
 .text          0x0000000008001010      0x6c0 /opt/st/stm32cubeide_1.13.2/plugins/com.st.stm32cube.ide.mcu.externaltools.gnu-tools-for-stm32.11.3.rel1.linux64_1.1.1.202309131626/tools/bin/../lib/gcc/arm-none-eabi/11.3.1/thumb/v6-m/nofp/libgcc.a(adddf3.o)
                0x0000000008001010                __aeabi_dadd
 .text          0x00000000080016d0      0x5dc /opt/st/stm32cubeide_1.13.2/plugins/com.st.stm32cube.ide.mcu.externaltools.gnu-tools-for-stm32.11.3.rel1.linux64_1.1.1.202309131626/tools/bin/../lib/gcc/arm-none-eabi/11.3.1/thumb/v6-m/nofp/libgcc.a(divdf3.o)
                0x00000000080016d0                __aeabi_ddiv
 .text          0x0000000008001cac       0x84 /opt/st/stm32cubeide_1.13.2/plugins/com.st.stm32cube.ide.mcu.externaltools.gnu-tools-for-stm32.11.3.rel1.linux64_1.1.1.202309131626/tools/bin/../lib/gcc/arm-none-eabi/11.3.1/thumb/v6-m/nofp/libgcc.a(eqdf2.o)
                0x0000000008001cac                __eqdf2
                0x0000000008001cac                __nedf2
 .text          0x0000000008001d30       0xcc /opt/st/stm32cubeide_1.13.2/plugins/com.st.stm32cube.ide.mcu.externaltools.gnu-tools-for-stm32.11.3.rel1.linux64_1.1.1.202309131626/tools/bin/../lib/gcc/arm-none-eabi/11.3.1/thumb/v6-m/nofp/libgcc.a(gedf2.o)
                0x0000000008001d30                __gtdf2
                0x0000000008001d30                __gedf2
 .text          0x0000000008001dfc       0xc8 /opt/st/stm32cubeide_1.13.2/plugins/com.st.stm32cube.ide.mcu.externaltools.gnu-tools-for-stm32.11.3.rel1.linux64_1.1.1.202309131626/tools/bin/../lib/gcc/arm-none-eabi/11.3.1/thumb/v6-m/nofp/libgcc.a(ledf2.o)
                0x0000000008001dfc                __ltdf2
                0x0000000008001dfc                __ledf2
 .text          0x0000000008001ec4      0x584 /opt/st/stm32cubeide_1.13.2/plugins/com.st.stm32cube.ide.mcu.externaltools.gnu-tools-for-stm32.11.3.rel1.linux64_1.1.1.202309131626/tools/bin/../lib/gcc/arm-none-eabi/11.3.1/thumb/v6-m/nofp/libgcc.a(muldf3.o)
                0x0000000008001ec4                __aeabi_dmul
 .text          0x0000000008002448      0x704 /opt/st/stm32cubeide_1.13.2/plugins/com.st.stm32cube.ide.mcu.externaltools.gnu-tools-for-stm32.11.3.rel1.linux64_1.1.1.202309131626/tools/bin/../lib/gcc/arm-none-eabi/11.3.1/thumb/v6-m/nofp/libgcc.a(subdf3.o)
                0x0000000008002448                __aeabi_dsub
 .text          0x0000000008002b4c       0x6c /opt/st/stm32cubeide_1.13.2/plugins/com.st.stm32cube.ide.mcu.externaltools.gnu-tools-for-stm32.11.3.rel1.linux64_1.1.1.202309131626/tools/bin/../lib/gcc/arm-none-eabi/11.3.1/thumb/v6-m/nofp/libgcc.a(fixdfsi.o)
                0x0000000008002b4c                __aeabi_d2iz
 .text          0x0000000008002bb8       0x60 /opt/st/stm32cubeide_1.13.2/plugins/com.st.stm32cube.ide.mcu.externaltools.gnu-tools-for-stm32.11.3.rel1.linux64_1.1.1.202309131626/tools/bin/../lib/gcc/arm-none-eabi/11.3.1/thumb/v6-m/nofp/libgcc.a(floatsidf.o)
                0x0000000008002bb8                __aeabi_i2d
 .text          0x0000000008002c18       0x4c /opt/st/stm32cubeide_1.13.2/plugins/com.st.stm32cube.ide.mcu.externaltools.gnu-tools-for-stm32.11.3.rel1.linux64_1.1.1.202309131626/tools/bin/../lib/gcc/arm-none-eabi/11.3.1/thumb/v6-m/nofp/libgcc.a(floatunsidf.o)
                0x0000000008002c18                __aeabi_ui2d
 .text          0x0000000008002c64       0x3c /opt/st/stm32cubeide_1.13.2/plugins/com.st.stm32cube.ide.mcu.externaltools.gnu-tools-for-stm32.11.3.rel1.linux64_1.1.1.202309131626/tools/bin/../lib/gcc/arm-none-eabi/11.3.1/thumb/v6-m/nofp/libgcc.a(_clzsi2.o)
                0x0000000008002c64                __clzsi2
 .text          0x0000000008002ca0       0x18 /opt/st/stm32cubeide_1.13.2/plugins/com.st.stm32cube.ide.mcu.externaltools.gnu-tools-for-stm32.11.3.rel1.linux64_1.1.1.202309131626/tools/bin/../lib/gcc/arm-none-eabi/11.3.1/thumb/v6-m/nofp/libgcc.a(_clzdi2.o)
                0x0000000008002ca0                __clzdi2
 *(.text*)
 .text.HAL_Init
                0x0000000008002cb8       0x40 ./Drivers/STM32G0xx_HAL_Driver/Src/stm32g0xx_hal.o
                0x0000000008002cb8                HAL_Init
 .text.HAL_IncTick
                0x0000000008002cf8       0x24 ./Drivers/STM32G0xx_HAL_Driver/Src/stm32g0xx_hal.o
                0x0000000008002cf8                HAL_IncTick
 .text.HAL_GetTick
                0x0000000008002d1c       0x14 ./Drivers/STM32G0xx_HAL_Driver/Src/stm32g0xx_hal.o
                0x0000000008002d1c                HAL_GetTick
 .text.HAL_Delay
                0x0000000008002d30       0x48 ./Drivers/STM32G0xx_HAL_Driver/Src/stm32g0xx_hal.o
                0x0000000008002d30                HAL_Delay
 .text.HAL_SYSCFG_StrobeDBattpinsConfig
                0x0000000008002d78       0x2c ./Drivers/STM32G0xx_HAL_Driver/Src/stm32g0xx_hal.o
                0x0000000008002d78                HAL_SYSCFG_StrobeDBattpinsConfig
 .text.LL_ADC_SetCommonPathInternalCh
                0x0000000008002da4       0x28 ./Drivers/STM32G0xx_HAL_Driver/Src/stm32g0xx_hal_adc.o
 .text.LL_ADC_GetCommonPathInternalCh
                0x0000000008002dcc       0x1a ./Drivers/STM32G0xx_HAL_Driver/Src/stm32g0xx_hal_adc.o
 .text.LL_ADC_SetSamplingTimeCommonChannels
                0x0000000008002de6       0x3a ./Drivers/STM32G0xx_HAL_Driver/Src/stm32g0xx_hal_adc.o
 .text.LL_ADC_GetSamplingTimeCommonChannels
                0x0000000008002e20       0x2e ./Drivers/STM32G0xx_HAL_Driver/Src/stm32g0xx_hal_adc.o
 .text.LL_ADC_REG_IsTriggerSourceSWStart
                0x0000000008002e4e       0x22 ./Drivers/STM32G0xx_HAL_Driver/Src/stm32g0xx_hal_adc.o
 .text.LL_ADC_REG_SetSequencerRanks
                0x0000000008002e70       0x40 ./Drivers/STM32G0xx_HAL_Driver/Src/stm32g0xx_hal_adc.o
 .text.LL_ADC_REG_SetSequencerChAdd
                0x0000000008002eb0       0x22 ./Drivers/STM32G0xx_HAL_Driver/Src/stm32g0xx_hal_adc.o
 .text.LL_ADC_REG_SetSequencerChRem
                0x0000000008002ed2       0x24 ./Drivers/STM32G0xx_HAL_Driver/Src/stm32g0xx_hal_adc.o
 .text.LL_ADC_REG_GetDMATransfer
                0x0000000008002ef6       0x18 ./Drivers/STM32G0xx_HAL_Driver/Src/stm32g0xx_hal_adc.o
 *fill*         0x0000000008002f0e        0x2 
 .text.LL_ADC_SetChannelSamplingTime
                0x0000000008002f10       0x38 ./Drivers/STM32G0xx_HAL_Driver/Src/stm32g0xx_hal_adc.o
 .text.LL_ADC_EnableInternalRegulator
                0x0000000008002f48       0x28 ./Drivers/STM32G0xx_HAL_Driver/Src/stm32g0xx_hal_adc.o
 .text.LL_ADC_IsInternalRegulatorEnabled
                0x0000000008002f70       0x28 ./Drivers/STM32G0xx_HAL_Driver/Src/stm32g0xx_hal_adc.o
 .text.LL_ADC_Enable
                0x0000000008002f98       0x24 ./Drivers/STM32G0xx_HAL_Driver/Src/stm32g0xx_hal_adc.o
 .text.LL_ADC_Disable
                0x0000000008002fbc       0x24 ./Drivers/STM32G0xx_HAL_Driver/Src/stm32g0xx_hal_adc.o
 .text.LL_ADC_IsEnabled
                0x0000000008002fe0       0x22 ./Drivers/STM32G0xx_HAL_Driver/Src/stm32g0xx_hal_adc.o
 .text.LL_ADC_IsDisableOngoing
                0x0000000008003002       0x22 ./Drivers/STM32G0xx_HAL_Driver/Src/stm32g0xx_hal_adc.o
 .text.LL_ADC_REG_StartConversion
                0x0000000008003024       0x24 ./Drivers/STM32G0xx_HAL_Driver/Src/stm32g0xx_hal_adc.o
 .text.LL_ADC_REG_IsConversionOngoing
                0x0000000008003048       0x22 ./Drivers/STM32G0xx_HAL_Driver/Src/stm32g0xx_hal_adc.o
 *fill*         0x000000000800306a        0x2 
 .text.HAL_ADC_Init
                0x000000000800306c      0x350 ./Drivers/STM32G0xx_HAL_Driver/Src/stm32g0xx_hal_adc.o
                0x000000000800306c                HAL_ADC_Init
 .text.HAL_ADC_Start_DMA
                0x00000000080033bc      0x11c ./Drivers/STM32G0xx_HAL_Driver/Src/stm32g0xx_hal_adc.o
                0x00000000080033bc                HAL_ADC_Start_DMA
 .text.HAL_ADC_IRQHandler
                0x00000000080034d8      0x230 ./Drivers/STM32G0xx_HAL_Driver/Src/stm32g0xx_hal_adc.o
                0x00000000080034d8                HAL_ADC_IRQHandler
 .text.HAL_ADC_ConvCpltCallback
                0x0000000008003708       0x10 ./Drivers/STM32G0xx_HAL_Driver/Src/stm32g0xx_hal_adc.o
                0x0000000008003708                HAL_ADC_ConvCpltCallback
 .text.HAL_ADC_ConvHalfCpltCallback
                0x0000000008003718       0x10 ./Drivers/STM32G0xx_HAL_Driver/Src/stm32g0xx_hal_adc.o
                0x0000000008003718                HAL_ADC_ConvHalfCpltCallback
 .text.HAL_ADC_LevelOutOfWindowCallback
                0x0000000008003728       0x10 ./Drivers/STM32G0xx_HAL_Driver/Src/stm32g0xx_hal_adc.o
                0x0000000008003728                HAL_ADC_LevelOutOfWindowCallback
 .text.HAL_ADC_ErrorCallback
                0x0000000008003738       0x10 ./Drivers/STM32G0xx_HAL_Driver/Src/stm32g0xx_hal_adc.o
                0x0000000008003738                HAL_ADC_ErrorCallback
 .text.HAL_ADC_ConfigChannel
                0x0000000008003748      0x3b0 ./Drivers/STM32G0xx_HAL_Driver/Src/stm32g0xx_hal_adc.o
                0x0000000008003748                HAL_ADC_ConfigChannel
 .text.ADC_Enable
                0x0000000008003af8      0x10c ./Drivers/STM32G0xx_HAL_Driver/Src/stm32g0xx_hal_adc.o
                0x0000000008003af8                ADC_Enable
 .text.ADC_Disable
                0x0000000008003c04       0xbc ./Drivers/STM32G0xx_HAL_Driver/Src/stm32g0xx_hal_adc.o
                0x0000000008003c04                ADC_Disable
 .text.ADC_DMAConvCplt
                0x0000000008003cc0       0xc8 ./Drivers/STM32G0xx_HAL_Driver/Src/stm32g0xx_hal_adc.o
 .text.ADC_DMAHalfConvCplt
                0x0000000008003d88       0x1e ./Drivers/STM32G0xx_HAL_Driver/Src/stm32g0xx_hal_adc.o
 .text.ADC_DMAError
                0x0000000008003da6       0x36 ./Drivers/STM32G0xx_HAL_Driver/Src/stm32g0xx_hal_adc.o
 .text.LL_ADC_SetCalibrationFactor
                0x0000000008003ddc       0x28 ./Drivers/STM32G0xx_HAL_Driver/Src/stm32g0xx_hal_adc_ex.o
 .text.LL_ADC_GetCalibrationFactor
                0x0000000008003e04       0x1a ./Drivers/STM32G0xx_HAL_Driver/Src/stm32g0xx_hal_adc_ex.o
 *fill*         0x0000000008003e1e        0x2 
 .text.LL_ADC_Enable
                0x0000000008003e20       0x24 ./Drivers/STM32G0xx_HAL_Driver/Src/stm32g0xx_hal_adc_ex.o
 .text.LL_ADC_Disable
                0x0000000008003e44       0x24 ./Drivers/STM32G0xx_HAL_Driver/Src/stm32g0xx_hal_adc_ex.o
 .text.LL_ADC_IsEnabled
                0x0000000008003e68       0x22 ./Drivers/STM32G0xx_HAL_Driver/Src/stm32g0xx_hal_adc_ex.o
 *fill*         0x0000000008003e8a        0x2 
 .text.LL_ADC_StartCalibration
                0x0000000008003e8c       0x28 ./Drivers/STM32G0xx_HAL_Driver/Src/stm32g0xx_hal_adc_ex.o
 .text.LL_ADC_IsCalibrationOnGoing
                0x0000000008003eb4       0x26 ./Drivers/STM32G0xx_HAL_Driver/Src/stm32g0xx_hal_adc_ex.o
 *fill*         0x0000000008003eda        0x2 
 .text.HAL_ADCEx_Calibration_Start
                0x0000000008003edc      0x1ac ./Drivers/STM32G0xx_HAL_Driver/Src/stm32g0xx_hal_adc_ex.o
                0x0000000008003edc                HAL_ADCEx_Calibration_Start
 .text.HAL_ADCEx_LevelOutOfWindow2Callback
                0x0000000008004088       0x10 ./Drivers/STM32G0xx_HAL_Driver/Src/stm32g0xx_hal_adc_ex.o
                0x0000000008004088                HAL_ADCEx_LevelOutOfWindow2Callback
 .text.HAL_ADCEx_LevelOutOfWindow3Callback
                0x0000000008004098       0x10 ./Drivers/STM32G0xx_HAL_Driver/Src/stm32g0xx_hal_adc_ex.o
                0x0000000008004098                HAL_ADCEx_LevelOutOfWindow3Callback
 .text.HAL_ADCEx_EndOfSamplingCallback
                0x00000000080040a8       0x10 ./Drivers/STM32G0xx_HAL_Driver/Src/stm32g0xx_hal_adc_ex.o
                0x00000000080040a8                HAL_ADCEx_EndOfSamplingCallback
 .text.HAL_ADCEx_ChannelConfigReadyCallback
                0x00000000080040b8       0x10 ./Drivers/STM32G0xx_HAL_Driver/Src/stm32g0xx_hal_adc_ex.o
                0x00000000080040b8                HAL_ADCEx_ChannelConfigReadyCallback
 .text.LL_EXTI_EnableIT_0_31
                0x00000000080040c8       0x24 ./Drivers/STM32G0xx_HAL_Driver/Src/stm32g0xx_hal_comp.o
 .text.LL_EXTI_DisableIT_0_31
                0x00000000080040ec       0x28 ./Drivers/STM32G0xx_HAL_Driver/Src/stm32g0xx_hal_comp.o
 .text.LL_EXTI_EnableEvent_0_31
                0x0000000008004114       0x24 ./Drivers/STM32G0xx_HAL_Driver/Src/stm32g0xx_hal_comp.o
 .text.LL_EXTI_DisableEvent_0_31
                0x0000000008004138       0x28 ./Drivers/STM32G0xx_HAL_Driver/Src/stm32g0xx_hal_comp.o
 .text.LL_EXTI_EnableRisingTrig_0_31
                0x0000000008004160       0x20 ./Drivers/STM32G0xx_HAL_Driver/Src/stm32g0xx_hal_comp.o
 .text.LL_EXTI_DisableRisingTrig_0_31
                0x0000000008004180       0x24 ./Drivers/STM32G0xx_HAL_Driver/Src/stm32g0xx_hal_comp.o
 .text.LL_EXTI_EnableFallingTrig_0_31
                0x00000000080041a4       0x20 ./Drivers/STM32G0xx_HAL_Driver/Src/stm32g0xx_hal_comp.o
 .text.LL_EXTI_DisableFallingTrig_0_31
                0x00000000080041c4       0x24 ./Drivers/STM32G0xx_HAL_Driver/Src/stm32g0xx_hal_comp.o
 .text.LL_EXTI_IsActiveFallingFlag_0_31
                0x00000000080041e8       0x28 ./Drivers/STM32G0xx_HAL_Driver/Src/stm32g0xx_hal_comp.o
 .text.LL_EXTI_ClearFallingFlag_0_31
                0x0000000008004210       0x1c ./Drivers/STM32G0xx_HAL_Driver/Src/stm32g0xx_hal_comp.o
 .text.LL_EXTI_IsActiveRisingFlag_0_31
                0x000000000800422c       0x28 ./Drivers/STM32G0xx_HAL_Driver/Src/stm32g0xx_hal_comp.o
 .text.LL_EXTI_ClearRisingFlag_0_31
                0x0000000008004254       0x1c ./Drivers/STM32G0xx_HAL_Driver/Src/stm32g0xx_hal_comp.o
 .text.HAL_COMP_Init
                0x0000000008004270      0x2c4 ./Drivers/STM32G0xx_HAL_Driver/Src/stm32g0xx_hal_comp.o
                0x0000000008004270                HAL_COMP_Init
 .text.HAL_COMP_Start
                0x0000000008004534       0xa4 ./Drivers/STM32G0xx_HAL_Driver/Src/stm32g0xx_hal_comp.o
                0x0000000008004534                HAL_COMP_Start
 .text.HAL_COMP_IRQHandler
                0x00000000080045d8       0xa8 ./Drivers/STM32G0xx_HAL_Driver/Src/stm32g0xx_hal_comp.o
                0x00000000080045d8                HAL_COMP_IRQHandler
 .text.HAL_COMP_GetOutputLevel
                0x0000000008004680       0x1c ./Drivers/STM32G0xx_HAL_Driver/Src/stm32g0xx_hal_comp.o
                0x0000000008004680                HAL_COMP_GetOutputLevel
 .text.__NVIC_EnableIRQ
                0x000000000800469c       0x34 ./Drivers/STM32G0xx_HAL_Driver/Src/stm32g0xx_hal_cortex.o
 .text.__NVIC_SetPriority
                0x00000000080046d0       0xdc ./Drivers/STM32G0xx_HAL_Driver/Src/stm32g0xx_hal_cortex.o
 .text.HAL_NVIC_SetPriority
                0x00000000080047ac       0x2a ./Drivers/STM32G0xx_HAL_Driver/Src/stm32g0xx_hal_cortex.o
                0x00000000080047ac                HAL_NVIC_SetPriority
 .text.HAL_NVIC_EnableIRQ
                0x00000000080047d6       0x20 ./Drivers/STM32G0xx_HAL_Driver/Src/stm32g0xx_hal_cortex.o
                0x00000000080047d6                HAL_NVIC_EnableIRQ
 *fill*         0x00000000080047f6        0x2 
 .text.HAL_DMA_Init
                0x00000000080047f8      0x114 ./Drivers/STM32G0xx_HAL_Driver/Src/stm32g0xx_hal_dma.o
                0x00000000080047f8                HAL_DMA_Init
 .text.HAL_DMA_Start_IT
                0x000000000800490c      0x10c ./Drivers/STM32G0xx_HAL_Driver/Src/stm32g0xx_hal_dma.o
                0x000000000800490c                HAL_DMA_Start_IT
 .text.HAL_DMA_Abort
                0x0000000008004a18       0xc4 ./Drivers/STM32G0xx_HAL_Driver/Src/stm32g0xx_hal_dma.o
                0x0000000008004a18                HAL_DMA_Abort
 .text.HAL_DMA_Abort_IT
                0x0000000008004adc       0xd4 ./Drivers/STM32G0xx_HAL_Driver/Src/stm32g0xx_hal_dma.o
                0x0000000008004adc                HAL_DMA_Abort_IT
 .text.HAL_DMA_IRQHandler
                0x0000000008004bb0      0x164 ./Drivers/STM32G0xx_HAL_Driver/Src/stm32g0xx_hal_dma.o
                0x0000000008004bb0                HAL_DMA_IRQHandler
 .text.DMA_SetConfig
                0x0000000008004d14       0x80 ./Drivers/STM32G0xx_HAL_Driver/Src/stm32g0xx_hal_dma.o
 .text.DMA_CalcDMAMUXChannelBaseAndMask
                0x0000000008004d94       0x58 ./Drivers/STM32G0xx_HAL_Driver/Src/stm32g0xx_hal_dma.o
 .text.DMA_CalcDMAMUXRequestGenBaseAndMask
                0x0000000008004dec       0x48 ./Drivers/STM32G0xx_HAL_Driver/Src/stm32g0xx_hal_dma.o
 .text.HAL_GPIO_Init
                0x0000000008004e34      0x2c8 ./Drivers/STM32G0xx_HAL_Driver/Src/stm32g0xx_hal_gpio.o
                0x0000000008004e34                HAL_GPIO_Init
 .text.HAL_GPIO_ReadPin
                0x00000000080050fc       0x3a ./Drivers/STM32G0xx_HAL_Driver/Src/stm32g0xx_hal_gpio.o
                0x00000000080050fc                HAL_GPIO_ReadPin
 .text.HAL_GPIO_WritePin
                0x0000000008005136       0x3a ./Drivers/STM32G0xx_HAL_Driver/Src/stm32g0xx_hal_gpio.o
                0x0000000008005136                HAL_GPIO_WritePin
 .text.HAL_GPIO_EXTI_IRQHandler
                0x0000000008005170       0x54 ./Drivers/STM32G0xx_HAL_Driver/Src/stm32g0xx_hal_gpio.o
                0x0000000008005170                HAL_GPIO_EXTI_IRQHandler
 .text.HAL_GPIO_EXTI_Falling_Callback
                0x00000000080051c4       0x14 ./Drivers/STM32G0xx_HAL_Driver/Src/stm32g0xx_hal_gpio.o
                0x00000000080051c4                HAL_GPIO_EXTI_Falling_Callback
 .text.HAL_I2C_Init
                0x00000000080051d8      0x12c ./Drivers/STM32G0xx_HAL_Driver/Src/stm32g0xx_hal_i2c.o
                0x00000000080051d8                HAL_I2C_Init
 .text.HAL_I2C_Mem_Write
                0x0000000008005304      0x25c ./Drivers/STM32G0xx_HAL_Driver/Src/stm32g0xx_hal_i2c.o
                0x0000000008005304                HAL_I2C_Mem_Write
 .text.HAL_I2C_Mem_Read
                0x0000000008005560      0x268 ./Drivers/STM32G0xx_HAL_Driver/Src/stm32g0xx_hal_i2c.o
                0x0000000008005560                HAL_I2C_Mem_Read
 .text.I2C_RequestMemoryWrite
                0x00000000080057c8       0xc8 ./Drivers/STM32G0xx_HAL_Driver/Src/stm32g0xx_hal_i2c.o
 .text.I2C_RequestMemoryRead
                0x0000000008005890       0xc4 ./Drivers/STM32G0xx_HAL_Driver/Src/stm32g0xx_hal_i2c.o
 .text.I2C_Flush_TXDR
                0x0000000008005954       0x44 ./Drivers/STM32G0xx_HAL_Driver/Src/stm32g0xx_hal_i2c.o
 .text.I2C_WaitOnFlagUntilTimeout
                0x0000000008005998       0x7e ./Drivers/STM32G0xx_HAL_Driver/Src/stm32g0xx_hal_i2c.o
 .text.I2C_WaitOnTXISFlagUntilTimeout
                0x0000000008005a16       0x7e ./Drivers/STM32G0xx_HAL_Driver/Src/stm32g0xx_hal_i2c.o
 .text.I2C_WaitOnSTOPFlagUntilTimeout
                0x0000000008005a94       0x78 ./Drivers/STM32G0xx_HAL_Driver/Src/stm32g0xx_hal_i2c.o
 .text.I2C_IsErrorOccurred
                0x0000000008005b0c      0x200 ./Drivers/STM32G0xx_HAL_Driver/Src/stm32g0xx_hal_i2c.o
 .text.I2C_TransferConfig
                0x0000000008005d0c       0x74 ./Drivers/STM32G0xx_HAL_Driver/Src/stm32g0xx_hal_i2c.o
 .text.HAL_I2CEx_ConfigAnalogFilter
                0x0000000008005d80       0x98 ./Drivers/STM32G0xx_HAL_Driver/Src/stm32g0xx_hal_i2c_ex.o
                0x0000000008005d80                HAL_I2CEx_ConfigAnalogFilter
 .text.HAL_I2CEx_ConfigDigitalFilter
                0x0000000008005e18       0x98 ./Drivers/STM32G0xx_HAL_Driver/Src/stm32g0xx_hal_i2c_ex.o
                0x0000000008005e18                HAL_I2CEx_ConfigDigitalFilter
 .text.HAL_PWREx_ControlVoltageScaling
                0x0000000008005eb0       0x80 ./Drivers/STM32G0xx_HAL_Driver/Src/stm32g0xx_hal_pwr_ex.o
                0x0000000008005eb0                HAL_PWREx_ControlVoltageScaling
 .text.LL_RCC_GetAPB1Prescaler
                0x0000000008005f30       0x18 ./Drivers/STM32G0xx_HAL_Driver/Src/stm32g0xx_hal_rcc.o
 .text.HAL_RCC_OscConfig
                0x0000000008005f48      0x634 ./Drivers/STM32G0xx_HAL_Driver/Src/stm32g0xx_hal_rcc.o
                0x0000000008005f48                HAL_RCC_OscConfig
 .text.HAL_RCC_ClockConfig
                0x000000000800657c      0x210 ./Drivers/STM32G0xx_HAL_Driver/Src/stm32g0xx_hal_rcc.o
                0x000000000800657c                HAL_RCC_ClockConfig
 .text.HAL_RCC_GetSysClockFreq
                0x000000000800678c      0x100 ./Drivers/STM32G0xx_HAL_Driver/Src/stm32g0xx_hal_rcc.o
                0x000000000800678c                HAL_RCC_GetSysClockFreq
 .text.HAL_RCC_GetHCLKFreq
                0x000000000800688c       0x14 ./Drivers/STM32G0xx_HAL_Driver/Src/stm32g0xx_hal_rcc.o
                0x000000000800688c                HAL_RCC_GetHCLKFreq
 .text.HAL_RCC_GetPCLK1Freq
                0x00000000080068a0       0x2c ./Drivers/STM32G0xx_HAL_Driver/Src/stm32g0xx_hal_rcc.o
                0x00000000080068a0                HAL_RCC_GetPCLK1Freq
 .text.HAL_RCC_GetClockConfig
                0x00000000080068cc       0x54 ./Drivers/STM32G0xx_HAL_Driver/Src/stm32g0xx_hal_rcc.o
                0x00000000080068cc                HAL_RCC_GetClockConfig
 .text.HAL_RCCEx_PeriphCLKConfig
                0x0000000008006920      0x370 ./Drivers/STM32G0xx_HAL_Driver/Src/stm32g0xx_hal_rcc_ex.o
                0x0000000008006920                HAL_RCCEx_PeriphCLKConfig
 .text.HAL_TIM_Base_Init
                0x0000000008006c90       0xb0 ./Drivers/STM32G0xx_HAL_Driver/Src/stm32g0xx_hal_tim.o
                0x0000000008006c90                HAL_TIM_Base_Init
 .text.HAL_TIM_Base_Start
                0x0000000008006d40       0xa8 ./Drivers/STM32G0xx_HAL_Driver/Src/stm32g0xx_hal_tim.o
                0x0000000008006d40                HAL_TIM_Base_Start
 .text.HAL_TIM_Base_Start_IT
                0x0000000008006de8       0xb8 ./Drivers/STM32G0xx_HAL_Driver/Src/stm32g0xx_hal_tim.o
                0x0000000008006de8                HAL_TIM_Base_Start_IT
 .text.HAL_TIM_PWM_Init
                0x0000000008006ea0       0xb0 ./Drivers/STM32G0xx_HAL_Driver/Src/stm32g0xx_hal_tim.o
                0x0000000008006ea0                HAL_TIM_PWM_Init
 .text.HAL_TIM_PWM_MspInit
                0x0000000008006f50       0x10 ./Drivers/STM32G0xx_HAL_Driver/Src/stm32g0xx_hal_tim.o
                0x0000000008006f50                HAL_TIM_PWM_MspInit
 .text.HAL_TIM_PWM_Start
                0x0000000008006f60      0x1d4 ./Drivers/STM32G0xx_HAL_Driver/Src/stm32g0xx_hal_tim.o
                0x0000000008006f60                HAL_TIM_PWM_Start
 .text.HAL_TIM_IRQHandler
                0x0000000008007134      0x264 ./Drivers/STM32G0xx_HAL_Driver/Src/stm32g0xx_hal_tim.o
                0x0000000008007134                HAL_TIM_IRQHandler
 .text.HAL_TIM_PWM_ConfigChannel
                0x0000000008007398      0x200 ./Drivers/STM32G0xx_HAL_Driver/Src/stm32g0xx_hal_tim.o
                0x0000000008007398                HAL_TIM_PWM_ConfigChannel
 .text.HAL_TIM_ConfigClockSource
                0x0000000008007598      0x1ac ./Drivers/STM32G0xx_HAL_Driver/Src/stm32g0xx_hal_tim.o
                0x0000000008007598                HAL_TIM_ConfigClockSource
 .text.HAL_TIM_OC_DelayElapsedCallback
                0x0000000008007744       0x10 ./Drivers/STM32G0xx_HAL_Driver/Src/stm32g0xx_hal_tim.o
                0x0000000008007744                HAL_TIM_OC_DelayElapsedCallback
 .text.HAL_TIM_IC_CaptureCallback
                0x0000000008007754       0x10 ./Drivers/STM32G0xx_HAL_Driver/Src/stm32g0xx_hal_tim.o
                0x0000000008007754                HAL_TIM_IC_CaptureCallback
 .text.HAL_TIM_PWM_PulseFinishedCallback
                0x0000000008007764       0x10 ./Drivers/STM32G0xx_HAL_Driver/Src/stm32g0xx_hal_tim.o
                0x0000000008007764                HAL_TIM_PWM_PulseFinishedCallback
 .text.HAL_TIM_TriggerCallback
                0x0000000008007774       0x10 ./Drivers/STM32G0xx_HAL_Driver/Src/stm32g0xx_hal_tim.o
                0x0000000008007774                HAL_TIM_TriggerCallback
 .text.TIM_Base_SetConfig
                0x0000000008007784      0x100 ./Drivers/STM32G0xx_HAL_Driver/Src/stm32g0xx_hal_tim.o
                0x0000000008007784                TIM_Base_SetConfig
 .text.TIM_OC1_SetConfig
                0x0000000008007884      0x114 ./Drivers/STM32G0xx_HAL_Driver/Src/stm32g0xx_hal_tim.o
 .text.TIM_OC2_SetConfig
                0x0000000008007998      0x108 ./Drivers/STM32G0xx_HAL_Driver/Src/stm32g0xx_hal_tim.o
                0x0000000008007998                TIM_OC2_SetConfig
 .text.TIM_OC3_SetConfig
                0x0000000008007aa0      0x110 ./Drivers/STM32G0xx_HAL_Driver/Src/stm32g0xx_hal_tim.o
 .text.TIM_OC4_SetConfig
                0x0000000008007bb0       0xd4 ./Drivers/STM32G0xx_HAL_Driver/Src/stm32g0xx_hal_tim.o
 .text.TIM_OC5_SetConfig
                0x0000000008007c84       0xc0 ./Drivers/STM32G0xx_HAL_Driver/Src/stm32g0xx_hal_tim.o
 .text.TIM_OC6_SetConfig
                0x0000000008007d44       0xc8 ./Drivers/STM32G0xx_HAL_Driver/Src/stm32g0xx_hal_tim.o
 .text.TIM_TI1_ConfigInputStage
                0x0000000008007e0c       0x5c ./Drivers/STM32G0xx_HAL_Driver/Src/stm32g0xx_hal_tim.o
 .text.TIM_TI2_ConfigInputStage
                0x0000000008007e68       0x64 ./Drivers/STM32G0xx_HAL_Driver/Src/stm32g0xx_hal_tim.o
 .text.TIM_ITRx_SetConfig
                0x0000000008007ecc       0x38 ./Drivers/STM32G0xx_HAL_Driver/Src/stm32g0xx_hal_tim.o
 .text.TIM_ETR_SetConfig
                0x0000000008007f04       0x40 ./Drivers/STM32G0xx_HAL_Driver/Src/stm32g0xx_hal_tim.o
                0x0000000008007f04                TIM_ETR_SetConfig
 .text.TIM_CCxChannelCmd
                0x0000000008007f44       0x46 ./Drivers/STM32G0xx_HAL_Driver/Src/stm32g0xx_hal_tim.o
                0x0000000008007f44                TIM_CCxChannelCmd
 *fill*         0x0000000008007f8a        0x2 
 .text.HAL_TIMEx_MasterConfigSynchronization
                0x0000000008007f8c       0xdc ./Drivers/STM32G0xx_HAL_Driver/Src/stm32g0xx_hal_tim_ex.o
                0x0000000008007f8c                HAL_TIMEx_MasterConfigSynchronization
 .text.HAL_TIMEx_CommutCallback
                0x0000000008008068       0x10 ./Drivers/STM32G0xx_HAL_Driver/Src/stm32g0xx_hal_tim_ex.o
                0x0000000008008068                HAL_TIMEx_CommutCallback
 .text.HAL_TIMEx_BreakCallback
                0x0000000008008078       0x10 ./Drivers/STM32G0xx_HAL_Driver/Src/stm32g0xx_hal_tim_ex.o
                0x0000000008008078                HAL_TIMEx_BreakCallback
 .text.HAL_TIMEx_Break2Callback
                0x0000000008008088       0x10 ./Drivers/STM32G0xx_HAL_Driver/Src/stm32g0xx_hal_tim_ex.o
                0x0000000008008088                HAL_TIMEx_Break2Callback
 .text.HAL_UART_Init
                0x0000000008008098       0xac ./Drivers/STM32G0xx_HAL_Driver/Src/stm32g0xx_hal_uart.o
                0x0000000008008098                HAL_UART_Init
 .text.HAL_UART_Receive_IT
                0x0000000008008144       0xbc ./Drivers/STM32G0xx_HAL_Driver/Src/stm32g0xx_hal_uart.o
                0x0000000008008144                HAL_UART_Receive_IT
 .text.HAL_UART_IRQHandler
                0x0000000008008200      0x64c ./Drivers/STM32G0xx_HAL_Driver/Src/stm32g0xx_hal_uart.o
                0x0000000008008200                HAL_UART_IRQHandler
 .text.HAL_UART_TxCpltCallback
                0x000000000800884c       0x10 ./Drivers/STM32G0xx_HAL_Driver/Src/stm32g0xx_hal_uart.o
                0x000000000800884c                HAL_UART_TxCpltCallback
 .text.HAL_UART_ErrorCallback
                0x000000000800885c       0x10 ./Drivers/STM32G0xx_HAL_Driver/Src/stm32g0xx_hal_uart.o
                0x000000000800885c                HAL_UART_ErrorCallback
 .text.HAL_UARTEx_RxEventCallback
                0x000000000800886c       0x16 ./Drivers/STM32G0xx_HAL_Driver/Src/stm32g0xx_hal_uart.o
                0x000000000800886c                HAL_UARTEx_RxEventCallback
 *fill*         0x0000000008008882        0x2 
 .text.UART_SetConfig
                0x0000000008008884      0x57c ./Drivers/STM32G0xx_HAL_Driver/Src/stm32g0xx_hal_uart.o
                0x0000000008008884                UART_SetConfig
 .text.UART_AdvFeatureConfig
                0x0000000008008e00      0x168 ./Drivers/STM32G0xx_HAL_Driver/Src/stm32g0xx_hal_uart.o
                0x0000000008008e00                UART_AdvFeatureConfig
 .text.UART_CheckIdleState
                0x0000000008008f68       0x9c ./Drivers/STM32G0xx_HAL_Driver/Src/stm32g0xx_hal_uart.o
                0x0000000008008f68                UART_CheckIdleState
 .text.UART_WaitOnFlagUntilTimeout
                0x0000000008009004      0x190 ./Drivers/STM32G0xx_HAL_Driver/Src/stm32g0xx_hal_uart.o
                0x0000000008009004                UART_WaitOnFlagUntilTimeout
 .text.UART_Start_Receive_IT
                0x0000000008009194      0x248 ./Drivers/STM32G0xx_HAL_Driver/Src/stm32g0xx_hal_uart.o
                0x0000000008009194                UART_Start_Receive_IT
 .text.UART_EndRxTransfer
                0x00000000080093dc       0xcc ./Drivers/STM32G0xx_HAL_Driver/Src/stm32g0xx_hal_uart.o
 .text.UART_DMAAbortOnError
                0x00000000080094a8       0x2e ./Drivers/STM32G0xx_HAL_Driver/Src/stm32g0xx_hal_uart.o
 .text.UART_EndTransmit_IT
                0x00000000080094d6       0x58 ./Drivers/STM32G0xx_HAL_Driver/Src/stm32g0xx_hal_uart.o
 *fill*         0x000000000800952e        0x2 
 .text.UART_RxISR_8BIT
                0x0000000008009530      0x174 ./Drivers/STM32G0xx_HAL_Driver/Src/stm32g0xx_hal_uart.o
 .text.UART_RxISR_16BIT
                0x00000000080096a4      0x174 ./Drivers/STM32G0xx_HAL_Driver/Src/stm32g0xx_hal_uart.o
 .text.UART_RxISR_8BIT_FIFOEN
                0x0000000008009818      0x2ec ./Drivers/STM32G0xx_HAL_Driver/Src/stm32g0xx_hal_uart.o
 .text.UART_RxISR_16BIT_FIFOEN
                0x0000000008009b04      0x2ec ./Drivers/STM32G0xx_HAL_Driver/Src/stm32g0xx_hal_uart.o
 .text.HAL_UARTEx_WakeupCallback
                0x0000000008009df0       0x10 ./Drivers/STM32G0xx_HAL_Driver/Src/stm32g0xx_hal_uart_ex.o
                0x0000000008009df0                HAL_UARTEx_WakeupCallback
 .text.HAL_UARTEx_RxFifoFullCallback
                0x0000000008009e00       0x10 ./Drivers/STM32G0xx_HAL_Driver/Src/stm32g0xx_hal_uart_ex.o
                0x0000000008009e00                HAL_UARTEx_RxFifoFullCallback
 .text.HAL_UARTEx_TxFifoEmptyCallback
                0x0000000008009e10       0x10 ./Drivers/STM32G0xx_HAL_Driver/Src/stm32g0xx_hal_uart_ex.o
                0x0000000008009e10                HAL_UARTEx_TxFifoEmptyCallback
 .text.HAL_UARTEx_DisableFifoMode
                0x0000000008009e20       0x74 ./Drivers/STM32G0xx_HAL_Driver/Src/stm32g0xx_hal_uart_ex.o
                0x0000000008009e20                HAL_UARTEx_DisableFifoMode
 .text.HAL_UARTEx_SetTxFifoThreshold
                0x0000000008009e94       0x7e ./Drivers/STM32G0xx_HAL_Driver/Src/stm32g0xx_hal_uart_ex.o
                0x0000000008009e94                HAL_UARTEx_SetTxFifoThreshold
 *fill*         0x0000000008009f12        0x2 
 .text.HAL_UARTEx_SetRxFifoThreshold
                0x0000000008009f14       0x84 ./Drivers/STM32G0xx_HAL_Driver/Src/stm32g0xx_hal_uart_ex.o
                0x0000000008009f14                HAL_UARTEx_SetRxFifoThreshold
 .text.UARTEx_SetNbDataToProcess
                0x0000000008009f98       0xbc ./Drivers/STM32G0xx_HAL_Driver/Src/stm32g0xx_hal_uart_ex.o
 .text.vListInitialise
                0x000000000800a054       0x3c ./FreeRTOS/Source/list.o
                0x000000000800a054                vListInitialise
 .text.vListInitialiseItem
                0x000000000800a090       0x16 ./FreeRTOS/Source/list.o
                0x000000000800a090                vListInitialiseItem
 .text.vListInsert
                0x000000000800a0a6       0x6c ./FreeRTOS/Source/list.o
                0x000000000800a0a6                vListInsert
 .text.uxListRemove
                0x000000000800a112       0x50 ./FreeRTOS/Source/list.o
                0x000000000800a112                uxListRemove
 .text.xQueueGenericReset
                0x000000000800a162      0x112 ./FreeRTOS/Source/queue.o
                0x000000000800a162                xQueueGenericReset
 .text.xQueueGenericCreateStatic
                0x000000000800a274       0x88 ./FreeRTOS/Source/queue.o
                0x000000000800a274                xQueueGenericCreateStatic
 .text.prvInitialiseNewQueue
                0x000000000800a2fc       0x4e ./FreeRTOS/Source/queue.o
 .text.xQueueReceive
                0x000000000800a34a      0x16a ./FreeRTOS/Source/queue.o
                0x000000000800a34a                xQueueReceive
 .text.prvCopyDataFromQueue
                0x000000000800a4b4       0x4c ./FreeRTOS/Source/queue.o
 .text.prvUnlockQueue
                0x000000000800a500       0xbc ./FreeRTOS/Source/queue.o
 .text.prvIsQueueEmpty
                0x000000000800a5bc       0x2c ./FreeRTOS/Source/queue.o
 .text.vQueueAddToRegistry
                0x000000000800a5e8       0x88 ./FreeRTOS/Source/queue.o
                0x000000000800a5e8                vQueueAddToRegistry
 .text.vQueueWaitForMessageRestricted
                0x000000000800a670       0x66 ./FreeRTOS/Source/queue.o
                0x000000000800a670                vQueueWaitForMessageRestricted
 .text.xTaskCreateStatic
                0x000000000800a6d6       0x94 ./FreeRTOS/Source/tasks.o
                0x000000000800a6d6                xTaskCreateStatic
 .text.xTaskCreate
                0x000000000800a76a       0xa4 ./FreeRTOS/Source/tasks.o
                0x000000000800a76a                xTaskCreate
 *fill*         0x000000000800a80e        0x2 
 .text.prvInitialiseNewTask
                0x000000000800a810      0x100 ./FreeRTOS/Source/tasks.o
 .text.prvAddNewTaskToReadyList
                0x000000000800a910      0x11c ./FreeRTOS/Source/tasks.o
 .text.xTaskDelayUntil
                0x000000000800aa2c       0xb8 ./FreeRTOS/Source/tasks.o
                0x000000000800aa2c                xTaskDelayUntil
 .text.vTaskStartScheduler
                0x000000000800aae4       0xb0 ./FreeRTOS/Source/tasks.o
                0x000000000800aae4                vTaskStartScheduler
 .text.vTaskSuspendAll
                0x000000000800ab94       0x18 ./FreeRTOS/Source/tasks.o
                0x000000000800ab94                vTaskSuspendAll
 .text.xTaskResumeAll
                0x000000000800abac      0x1d0 ./FreeRTOS/Source/tasks.o
                0x000000000800abac                xTaskResumeAll
 .text.xTaskGetTickCount
                0x000000000800ad7c       0x1c ./FreeRTOS/Source/tasks.o
                0x000000000800ad7c                xTaskGetTickCount
 .text.xTaskIncrementTick
                0x000000000800ad98      0x218 ./FreeRTOS/Source/tasks.o
                0x000000000800ad98                xTaskIncrementTick
 .text.vTaskSwitchContext
                0x000000000800afb0       0xa4 ./FreeRTOS/Source/tasks.o
                0x000000000800afb0                vTaskSwitchContext
 .text.vTaskPlaceOnEventList
                0x000000000800b054       0x3c ./FreeRTOS/Source/tasks.o
                0x000000000800b054                vTaskPlaceOnEventList
 .text.vTaskPlaceOnEventListRestricted
                0x000000000800b090       0x7c ./FreeRTOS/Source/tasks.o
                0x000000000800b090                vTaskPlaceOnEventListRestricted
 .text.xTaskRemoveFromEventList
                0x000000000800b10c      0x194 ./FreeRTOS/Source/tasks.o
                0x000000000800b10c                xTaskRemoveFromEventList
 .text.vTaskInternalSetTimeOutState
                0x000000000800b2a0       0x28 ./FreeRTOS/Source/tasks.o
                0x000000000800b2a0                vTaskInternalSetTimeOutState
 .text.xTaskCheckForTimeOut
                0x000000000800b2c8       0xa8 ./FreeRTOS/Source/tasks.o
                0x000000000800b2c8                xTaskCheckForTimeOut
 .text.vTaskMissedYield
                0x000000000800b370       0x14 ./FreeRTOS/Source/tasks.o
                0x000000000800b370                vTaskMissedYield
 .text.prvIdleTask
                0x000000000800b384       0x20 ./FreeRTOS/Source/tasks.o
 .text.prvInitialiseTaskLists
                0x000000000800b3a4       0x88 ./FreeRTOS/Source/tasks.o
 .text.prvCheckTasksWaitingTermination
                0x000000000800b42c       0x5c ./FreeRTOS/Source/tasks.o
 .text.prvDeleteTCB
                0x000000000800b488       0x50 ./FreeRTOS/Source/tasks.o
 .text.prvResetNextTaskUnblockTime
                0x000000000800b4d8       0x34 ./FreeRTOS/Source/tasks.o
 .text.xTaskGetSchedulerState
                0x000000000800b50c       0x38 ./FreeRTOS/Source/tasks.o
                0x000000000800b50c                xTaskGetSchedulerState
 .text.prvAddCurrentTaskToDelayedList
                0x000000000800b544       0xdc ./FreeRTOS/Source/tasks.o
 .text.xTimerCreateTimerTask
                0x000000000800b620       0x7c ./FreeRTOS/Source/timers.o
                0x000000000800b620                xTimerCreateTimerTask
 .text.prvReloadTimer
                0x000000000800b69c       0x42 ./FreeRTOS/Source/timers.o
 *fill*         0x000000000800b6de        0x2 
 .text.prvProcessExpiredTimer
                0x000000000800b6e0       0x64 ./FreeRTOS/Source/timers.o
 .text.prvTimerTask
                0x000000000800b744       0x28 ./FreeRTOS/Source/timers.o
 .text.prvProcessTimerOrBlockTask
                0x000000000800b76c       0x90 ./FreeRTOS/Source/timers.o
 .text.prvGetNextExpireTime
                0x000000000800b7fc       0x44 ./FreeRTOS/Source/timers.o
 .text.prvSampleTimeNow
                0x000000000800b840       0x40 ./FreeRTOS/Source/timers.o
 .text.prvInsertTimerInActiveList
                0x000000000800b880       0x84 ./FreeRTOS/Source/timers.o
 .text.prvProcessReceivedCommands
                0x000000000800b904      0x184 ./FreeRTOS/Source/timers.o
 .text.prvSwitchTimerLists
                0x000000000800ba88       0x50 ./FreeRTOS/Source/timers.o
 .text.prvCheckForValidListAndQueue
                0x000000000800bad8       0x84 ./FreeRTOS/Source/timers.o
 .text.pxPortInitialiseStack
                0x000000000800bb5c       0x54 ./FreeRTOS/Source/portable/GCC/ARM_CM0/port.o
                0x000000000800bb5c                pxPortInitialiseStack
 .text.prvTaskExitError
                0x000000000800bbb0       0x30 ./FreeRTOS/Source/portable/GCC/ARM_CM0/port.o
 .text.vPortStartFirstTask
                0x000000000800bbe0       0x38 ./FreeRTOS/Source/portable/GCC/ARM_CM0/port.o
 .text.xPortStartScheduler
                0x000000000800bc18       0x48 ./FreeRTOS/Source/portable/GCC/ARM_CM0/port.o
                0x000000000800bc18                xPortStartScheduler
 .text.vPortYield
                0x000000000800bc60       0x20 ./FreeRTOS/Source/portable/GCC/ARM_CM0/port.o
                0x000000000800bc60                vPortYield
 .text.vPortEnterCritical
                0x000000000800bc80       0x24 ./FreeRTOS/Source/portable/GCC/ARM_CM0/port.o
                0x000000000800bc80                vPortEnterCritical
 .text.vPortExitCritical
                0x000000000800bca4       0x30 ./FreeRTOS/Source/portable/GCC/ARM_CM0/port.o
                0x000000000800bca4                vPortExitCritical
 .text.ulSetInterruptMaskFromISR
                0x000000000800bcd4        0xc ./FreeRTOS/Source/portable/GCC/ARM_CM0/port.o
                0x000000000800bcd4                ulSetInterruptMaskFromISR
 .text.vClearInterruptMaskFromISR
                0x000000000800bce0        0x8 ./FreeRTOS/Source/portable/GCC/ARM_CM0/port.o
                0x000000000800bce0                vClearInterruptMaskFromISR
 *fill*         0x000000000800bce8        0x8 
 .text.PendSV_Handler
                0x000000000800bcf0       0x48 ./FreeRTOS/Source/portable/GCC/ARM_CM0/port.o
                0x000000000800bcf0                PendSV_Handler
 .text.SysTick_Handler
                0x000000000800bd38       0x34 ./FreeRTOS/Source/portable/GCC/ARM_CM0/port.o
                0x000000000800bd38                SysTick_Handler
 .text.vPortSetupTimerInterrupt
                0x000000000800bd6c       0x44 ./FreeRTOS/Source/portable/GCC/ARM_CM0/port.o
                0x000000000800bd6c                vPortSetupTimerInterrupt
 .text.pvPortMalloc
                0x000000000800bdb0      0x150 ./FreeRTOS/Source/portable/MemMang/heap_4.o
                0x000000000800bdb0                pvPortMalloc
 .text.vPortFree
                0x000000000800bf00       0x98 ./FreeRTOS/Source/portable/MemMang/heap_4.o
                0x000000000800bf00                vPortFree
 .text.prvHeapInit
                0x000000000800bf98       0xb4 ./FreeRTOS/Source/portable/MemMang/heap_4.o
 .text.prvInsertBlockIntoFreeList
                0x000000000800c04c       0xb0 ./FreeRTOS/Source/portable/MemMang/heap_4.o
 .text.MX_ADC1_Init
                0x000000000800c0fc      0x150 ./Src/adc.o
                0x000000000800c0fc                MX_ADC1_Init
 .text.HAL_ADC_MspInit
                0x000000000800c24c      0x124 ./Src/adc.o
                0x000000000800c24c                HAL_ADC_MspInit
 .text.MX_COMP1_Init
                0x000000000800c370       0x64 ./Src/comp.o
                0x000000000800c370                MX_COMP1_Init
 .text.HAL_COMP_MspInit
                0x000000000800c3d4       0x7c ./Src/comp.o
                0x000000000800c3d4                HAL_COMP_MspInit
 .text.MX_DMA_Init
                0x000000000800c450       0x3c ./Src/dma.o
                0x000000000800c450                MX_DMA_Init
 .text.MX_GPIO_Init
                0x000000000800c48c      0x19c ./Src/gpio.o
                0x000000000800c48c                MX_GPIO_Init
 .text.MX_I2C1_Init
                0x000000000800c628       0x80 ./Src/i2c.o
                0x000000000800c628                MX_I2C1_Init
 .text.HAL_I2C_MspInit
                0x000000000800c6a8       0xc4 ./Src/i2c.o
                0x000000000800c6a8                HAL_I2C_MspInit
 .text.main     0x000000000800c76c       0x3e ./Src/main.o
                0x000000000800c76c                main
 .text.SystemClock_Config
                0x000000000800c7aa       0xb0 ./Src/main.o
                0x000000000800c7aa                SystemClock_Config
 *fill*         0x000000000800c85a        0x2 
 .text.vApplicationGetIdleTaskMemory
                0x000000000800c85c       0x30 ./Src/main.o
                0x000000000800c85c                vApplicationGetIdleTaskMemory
 .text.vApplicationGetTimerTaskMemory
                0x000000000800c88c       0x30 ./Src/main.o
                0x000000000800c88c                vApplicationGetTimerTaskMemory
 .text.HAL_TIM_PeriodElapsedCallback
                0x000000000800c8bc       0x2c ./Src/main.o
                0x000000000800c8bc                HAL_TIM_PeriodElapsedCallback
 .text.Error_Handler
                0x000000000800c8e8        0xa ./Src/main.o
                0x000000000800c8e8                Error_Handler
 *fill*         0x000000000800c8f2        0x2 
 .text.HAL_MspInit
                0x000000000800c8f4       0x50 ./Src/stm32g0xx_hal_msp.o
                0x000000000800c8f4                HAL_MspInit
 .text.HAL_InitTick
                0x000000000800c944      0x108 ./Src/stm32g0xx_hal_timebase_tim.o
                0x000000000800c944                HAL_InitTick
 .text.NMI_Handler
                0x000000000800ca4c        0x6 ./Src/stm32g0xx_it.o
                0x000000000800ca4c                NMI_Handler
 .text.HardFault_Handler
                0x000000000800ca52        0x6 ./Src/stm32g0xx_it.o
                0x000000000800ca52                HardFault_Handler
 .text.SVC_Handler
                0x000000000800ca58        0xa ./Src/stm32g0xx_it.o
                0x000000000800ca58                SVC_Handler
 .text.EXTI4_15_IRQHandler
                0x000000000800ca62       0x10 ./Src/stm32g0xx_it.o
                0x000000000800ca62                EXTI4_15_IRQHandler
 *fill*         0x000000000800ca72        0x2 
 .text.DMA1_Channel1_IRQHandler
                0x000000000800ca74       0x18 ./Src/stm32g0xx_it.o
                0x000000000800ca74                DMA1_Channel1_IRQHandler
 .text.ADC1_COMP_IRQHandler
                0x000000000800ca8c       0x24 ./Src/stm32g0xx_it.o
                0x000000000800ca8c                ADC1_COMP_IRQHandler
 .text.TIM2_IRQHandler
                0x000000000800cab0       0x18 ./Src/stm32g0xx_it.o
                0x000000000800cab0                TIM2_IRQHandler
 .text.TIM7_LPTIM2_IRQHandler
                0x000000000800cac8       0x18 ./Src/stm32g0xx_it.o
                0x000000000800cac8                TIM7_LPTIM2_IRQHandler
 .text.TIM16_IRQHandler
                0x000000000800cae0       0x18 ./Src/stm32g0xx_it.o
                0x000000000800cae0                TIM16_IRQHandler
 .text.USART1_IRQHandler
                0x000000000800caf8       0x18 ./Src/stm32g0xx_it.o
                0x000000000800caf8                USART1_IRQHandler
 .text._getpid  0x000000000800cb10        0xc ./Src/syscalls.o
                0x000000000800cb10                _getpid
 .text._kill    0x000000000800cb1c       0x20 ./Src/syscalls.o
                0x000000000800cb1c                _kill
 .text._exit    0x000000000800cb3c       0x18 ./Src/syscalls.o
                0x000000000800cb3c                _exit
 .text._read    0x000000000800cb54       0x3a ./Src/syscalls.o
                0x000000000800cb54                _read
 .text._write   0x000000000800cb8e       0x38 ./Src/syscalls.o
                0x000000000800cb8e                _write
 .text._close   0x000000000800cbc6       0x14 ./Src/syscalls.o
                0x000000000800cbc6                _close
 .text._fstat   0x000000000800cbda       0x1c ./Src/syscalls.o
                0x000000000800cbda                _fstat
 .text._isatty  0x000000000800cbf6       0x12 ./Src/syscalls.o
                0x000000000800cbf6                _isatty
 .text._lseek   0x000000000800cc08       0x16 ./Src/syscalls.o
                0x000000000800cc08                _lseek
 *fill*         0x000000000800cc1e        0x2 
 .text._sbrk    0x000000000800cc20       0x6c ./Src/sysmem.o
                0x000000000800cc20                _sbrk
 .text.SystemInit
                0x000000000800cc8c        0xa ./Src/system_stm32g0xx.o
                0x000000000800cc8c                SystemInit
 *fill*         0x000000000800cc96        0x2 
 .text.MX_TIM2_Init
                0x000000000800cc98       0xa8 ./Src/tim.o
                0x000000000800cc98                MX_TIM2_Init
 .text.MX_TIM3_Init
                0x000000000800cd40      0x100 ./Src/tim.o
                0x000000000800cd40                MX_TIM3_Init
 .text.MX_TIM16_Init
                0x000000000800ce40       0x54 ./Src/tim.o
                0x000000000800ce40                MX_TIM16_Init
 .text.MX_TIM17_Init
                0x000000000800ce94       0x50 ./Src/tim.o
                0x000000000800ce94                MX_TIM17_Init
 .text.HAL_TIM_Base_MspInit
                0x000000000800cee4       0xd8 ./Src/tim.o
                0x000000000800cee4                HAL_TIM_Base_MspInit
 .text.HAL_TIM_MspPostInit
                0x000000000800cfbc       0x78 ./Src/tim.o
                0x000000000800cfbc                HAL_TIM_MspPostInit
 .text.MX_USART1_UART_Init
                0x000000000800d034       0xa4 ./Src/usart.o
                0x000000000800d034                MX_USART1_UART_Init
 .text.MX_USART2_UART_Init
                0x000000000800d0d8       0x9c ./Src/usart.o
                0x000000000800d0d8                MX_USART2_UART_Init
 .text.HAL_UART_MspInit
                0x000000000800d174      0x164 ./Src/usart.o
                0x000000000800d174                HAL_UART_MspInit
 .text.boardComputer_process
                0x000000000800d2d8      0x51c ./Src/boardConsole/boardconsoleapp.o
                0x000000000800d2d8                boardComputer_process
 .text.displayTask
                0x000000000800d7f4       0x50 ./Src/boardConsole/boardconsoleapp.o
                0x000000000800d7f4                displayTask
 .text.mthDumpTask
                0x000000000800d844       0x30 ./Src/boardConsole/boardconsoleapp.o
                0x000000000800d844                mthDumpTask
 .text.brightnessTask
                0x000000000800d874       0x48 ./Src/boardConsole/boardconsoleapp.o
                0x000000000800d874                brightnessTask
 .text.buttonsTask
                0x000000000800d8bc       0xf8 ./Src/boardConsole/boardconsoleapp.o
                0x000000000800d8bc                buttonsTask
 .text.lowFuelAlertTask
                0x000000000800d9b4      0x128 ./Src/boardConsole/boardconsoleapp.o
                0x000000000800d9b4                lowFuelAlertTask
 .text.readConfigFromEEPROM
                0x000000000800dadc      0x25c ./Src/boardConsole/boardconsoleapp.o
                0x000000000800dadc                readConfigFromEEPROM
 .text.writeConfigToEEPROM
                0x000000000800dd38      0x124 ./Src/boardConsole/boardconsoleapp.o
                0x000000000800dd38                writeConfigToEEPROM
 .text.buttons_read
                0x000000000800de5c       0x60 ./Src/boardConsole/buttons.o
                0x000000000800de5c                buttons_read
 .text.interface_init
                0x000000000800debc       0x88 ./Src/boardConsole/interface.o
                0x000000000800debc                interface_init
 .text.interface_switchScreen
                0x000000000800df44       0x20 ./Src/boardConsole/interface.o
                0x000000000800df44                interface_switchScreen
 .text.interface_display
                0x000000000800df64       0xd0 ./Src/boardConsole/interface.o
                0x000000000800df64                interface_display
 .text.interface_draw_speedo
                0x000000000800e034       0x90 ./Src/boardConsole/interface.o
 .text.interface_draw_tacho_digital
                0x000000000800e0c4       0xcc ./Src/boardConsole/interface.o
 .text.interface_draw_tacho_analog
                0x000000000800e190       0xa8 ./Src/boardConsole/interface.o
 .text.interface_draw_course
                0x000000000800e238      0x214 ./Src/boardConsole/interface.o
 .text.interface_draw_clock
                0x000000000800e44c      0x12c ./Src/boardConsole/interface.o
 .text.interface_draw_voltage
                0x000000000800e578       0xcc ./Src/boardConsole/interface.o
 .text.interface_draw_temperature
                0x000000000800e644       0xe8 ./Src/boardConsole/interface.o
 .text.interface_draw_trim
                0x000000000800e72c      0x15c ./Src/boardConsole/interface.o
 .text.interface_draw_fuel
                0x000000000800e888      0x184 ./Src/boardConsole/interface.o
 .text.interface_draw_settings
                0x000000000800ea0c       0xf4 ./Src/boardConsole/interface.o
 .text.interface_draw_motohours
                0x000000000800eb00      0x138 ./Src/boardConsole/interface.o
 .text.HAL_UART_RxCpltCallback
                0x000000000800ec38       0x20 ./Src/boardConsole/interrupts.o
                0x000000000800ec38                HAL_UART_RxCpltCallback
 .text.HAL_GPIO_EXTI_Rising_Callback
                0x000000000800ec58       0x28 ./Src/boardConsole/interrupts.o
                0x000000000800ec58                HAL_GPIO_EXTI_Rising_Callback
 .text.periodElapsedCallback
                0x000000000800ec80       0x3c ./Src/boardConsole/interrupts.o
                0x000000000800ec80                periodElapsedCallback
 .text.HAL_COMP_TriggerCallback
                0x000000000800ecbc       0x4c ./Src/boardConsole/interrupts.o
                0x000000000800ecbc                HAL_COMP_TriggerCallback
 .text.adconv_init
                0x000000000800ed08       0x9a ./Src/libs/adconv.o
                0x000000000800ed08                adconv_init
 .text.adconv_configChannel
                0x000000000800eda2       0x2c ./Src/libs/adconv.o
                0x000000000800eda2                adconv_configChannel
 .text.adconv_getValue
                0x000000000800edce       0x4c ./Src/libs/adconv.o
                0x000000000800edce                adconv_getValue
 .text.blinkpin_init
                0x000000000800ee1a       0x32 ./Src/libs/blinkpin.o
                0x000000000800ee1a                blinkpin_init
 .text.blinkpin_pattern
                0x000000000800ee4c       0x3a ./Src/libs/blinkpin.o
                0x000000000800ee4c                blinkpin_pattern
 *fill*         0x000000000800ee86        0x2 
 .text.delay_us_init
                0x000000000800ee88       0x24 ./Src/libs/delays.o
                0x000000000800ee88                delay_us_init
 .text.delay_us
                0x000000000800eeac       0x38 ./Src/libs/delays.o
                0x000000000800eeac                delay_us
 .text.eeprom_init
                0x000000000800eee4       0x74 ./Src/libs/eeprom.o
                0x000000000800eee4                eeprom_init
 .text.eeprom_writeByte
                0x000000000800ef58       0x6a ./Src/libs/eeprom.o
                0x000000000800ef58                eeprom_writeByte
 .text.eeprom_readByte
                0x000000000800efc2       0x40 ./Src/libs/eeprom.o
                0x000000000800efc2                eeprom_readByte
 .text.eeprom_write
                0x000000000800f002       0x8a ./Src/libs/eeprom.o
                0x000000000800f002                eeprom_write
 .text.eeprom_read
                0x000000000800f08c       0x74 ./Src/libs/eeprom.o
                0x000000000800f08c                eeprom_read
 .text.eeprom_writeWord
                0x000000000800f100       0x46 ./Src/libs/eeprom.o
                0x000000000800f100                eeprom_writeWord
 .text.eeprom_readWord
                0x000000000800f146       0x28 ./Src/libs/eeprom.o
                0x000000000800f146                eeprom_readWord
 *fill*         0x000000000800f16e        0x2 
 .text.LCD_SetDataPort
                0x000000000800f170       0xb8 ./Src/libs/hd44780.o
 .text.LCD_DataOut
                0x000000000800f228       0x38 ./Src/libs/hd44780.o
 .text.LCD_WriteByte
                0x000000000800f260       0x70 ./Src/libs/hd44780.o
                0x000000000800f260                LCD_WriteByte
 .text.LCD_WriteCmd
                0x000000000800f2d0       0x3c ./Src/libs/hd44780.o
                0x000000000800f2d0                LCD_WriteCmd
 .text.LCD_WriteData
                0x000000000800f30c       0x30 ./Src/libs/hd44780.o
                0x000000000800f30c                LCD_WriteData
 .text.LCD_Char
                0x000000000800f33c       0x3c ./Src/libs/hd44780.o
                0x000000000800f33c                LCD_Char
 .text.LCD_String
                0x000000000800f378       0x2a ./Src/libs/hd44780.o
                0x000000000800f378                LCD_String
 .text.LCD_Data
                0x000000000800f3a2       0x4c ./Src/libs/hd44780.o
                0x000000000800f3a2                LCD_Data
 .text.LCD_DefChar
                0x000000000800f3ee       0x66 ./Src/libs/hd44780.o
                0x000000000800f3ee                LCD_DefChar
 .text.LCD_Locate
                0x000000000800f454       0x4e ./Src/libs/hd44780.o
                0x000000000800f454                LCD_Locate
 .text.LCD_Cls  0x000000000800f4a2       0x10 ./Src/libs/hd44780.o
                0x000000000800f4a2                LCD_Cls
 *fill*         0x000000000800f4b2        0x2 
 .text.LCD_Init
                0x000000000800f4b4       0x7c ./Src/libs/hd44780.o
                0x000000000800f4b4                LCD_Init
 .text.menu_init
                0x000000000800f530       0x34 ./Src/libs/menu.o
                0x000000000800f530                menu_init
 .text.menu_itemChangeValue
                0x000000000800f564      0x17c ./Src/libs/menu.o
                0x000000000800f564                menu_itemChangeValue
 .text.menu_itemSetValue
                0x000000000800f6e0       0x4c ./Src/libs/menu.o
                0x000000000800f6e0                menu_itemSetValue
 .text.menu_itemInit
                0x000000000800f72c      0x234 ./Src/libs/menu.o
                0x000000000800f72c                menu_itemInit
 .text.menu_readCurrentValue
                0x000000000800f960       0x40 ./Src/libs/menu.o
                0x000000000800f960                menu_readCurrentValue
 .text.menu_readCurrentName
                0x000000000800f9a0       0x50 ./Src/libs/menu.o
                0x000000000800f9a0                menu_readCurrentName
 .text.menu_itemReadValue
                0x000000000800f9f0       0x44 ./Src/libs/menu.o
                0x000000000800f9f0                menu_itemReadValue
 .text.menu_switch
                0x000000000800fa34      0x450 ./Src/libs/menu.o
                0x000000000800fa34                menu_switch
 .text.menu_readCurrentEditFlag
                0x000000000800fe84       0x1c ./Src/libs/menu.o
                0x000000000800fe84                menu_readCurrentEditFlag
 .text.menu_readActiveFlag
                0x000000000800fea0       0x18 ./Src/libs/menu.o
                0x000000000800fea0                menu_readActiveFlag
 .text.menu_readIfHaveSubmenu
                0x000000000800feb8       0x24 ./Src/libs/menu.o
                0x000000000800feb8                menu_readIfHaveSubmenu
 .text.menu_turnOn
                0x000000000800fedc       0xd4 ./Src/libs/menu.o
                0x000000000800fedc                menu_turnOn
 .text.menu_turnOff
                0x000000000800ffb0       0x28 ./Src/libs/menu.o
                0x000000000800ffb0                menu_turnOff
 .text.motohours_init
                0x000000000800ffd8       0x78 ./Src/libs/motohours.o
                0x000000000800ffd8                motohours_init
 .text.motohours_dumpSetFlag
                0x0000000008010050       0x34 ./Src/libs/motohours.o
                0x0000000008010050                motohours_dumpSetFlag
 .text.motohours_dump
                0x0000000008010084       0x3c ./Src/libs/motohours.o
                0x0000000008010084                motohours_dump
 .text.motohours_read
                0x00000000080100c0       0x20 ./Src/libs/motohours.o
                0x00000000080100c0                motohours_read
 .text.motohours_readMts
                0x00000000080100e0       0x14 ./Src/libs/motohours.o
                0x00000000080100e0                motohours_readMts
 .text.motohours_inc
                0x00000000080100f4       0x2a ./Src/libs/motohours.o
                0x00000000080100f4                motohours_inc
 .text.nmea0183_init_IT
                0x000000000801011e       0x42 ./Src/libs/nmea0183.o
                0x000000000801011e                nmea0183_init_IT
 .text.nmea0183_retval
                0x0000000008010160       0xe2 ./Src/libs/nmea0183.o
                0x0000000008010160                nmea0183_retval
 .text.nmea0183_grabFrame_IT
                0x0000000008010242       0xe8 ./Src/libs/nmea0183.o
                0x0000000008010242                nmea0183_grabFrame_IT
 .text.nmea0183_pullParameters
                0x000000000801032a      0x1c6 ./Src/libs/nmea0183.o
 .text.nmea0183_classifyFrame
                0x00000000080104f0       0xe0 ./Src/libs/nmea0183.o
 .text.pwm_init
                0x00000000080105d0       0x3c ./Src/libs/pwm.o
                0x00000000080105d0                pwm_init
 .text.pwm_setDuty
                0x000000000801060c       0x88 ./Src/libs/pwm.o
                0x000000000801060c                pwm_setDuty
 .text.tachometer_start
                0x0000000008010694       0x78 ./Src/libs/tachometer.o
                0x0000000008010694                tachometer_start
 .text.tachometer_read
                0x000000000801070c       0x14 ./Src/libs/tachometer.o
                0x000000000801070c                tachometer_read
 .text.tachometer_extiCallback
                0x0000000008010720       0xc4 ./Src/libs/tachometer.o
                0x0000000008010720                tachometer_extiCallback
 .text.tachometer_timerCallback
                0x00000000080107e4       0x22 ./Src/libs/tachometer.o
                0x00000000080107e4                tachometer_timerCallback
 *fill*         0x0000000008010806        0x2 
 .text.Reset_Handler
                0x0000000008010808       0x50 ./Startup/startup_stm32g071rbtx.o
                0x0000000008010808                Reset_Handler
 .text.Default_Handler
                0x0000000008010858        0x2 ./Startup/startup_stm32g071rbtx.o
                0x0000000008010858                USART3_4_LPUART1_IRQHandler
                0x0000000008010858                TIM1_CC_IRQHandler
                0x0000000008010858                PVD_IRQHandler
                0x0000000008010858                I2C1_IRQHandler
                0x0000000008010858                RTC_TAMP_IRQHandler
                0x0000000008010858                SPI1_IRQHandler
                0x0000000008010858                EXTI2_3_IRQHandler
                0x0000000008010858                I2C2_IRQHandler
                0x0000000008010858                TIM17_IRQHandler
                0x0000000008010858                TIM3_IRQHandler
                0x0000000008010858                RCC_IRQHandler
                0x0000000008010858                Default_Handler
                0x0000000008010858                CEC_IRQHandler
                0x0000000008010858                TIM14_IRQHandler
                0x0000000008010858                TIM15_IRQHandler
                0x0000000008010858                EXTI0_1_IRQHandler
                0x0000000008010858                SPI2_IRQHandler
                0x0000000008010858                TIM6_DAC_LPTIM1_IRQHandler
                0x0000000008010858                WWDG_IRQHandler
                0x0000000008010858                DMA1_Ch4_7_DMAMUX1_OVR_IRQHandler
                0x0000000008010858                DMA1_Channel2_3_IRQHandler
                0x0000000008010858                UCPD1_2_IRQHandler
                0x0000000008010858                USART2_IRQHandler
                0x0000000008010858                FLASH_IRQHandler
                0x0000000008010858                TIM1_BRK_UP_TRG_COM_IRQHandler
 .text.atof     0x000000000801085a        0xa /opt/st/stm32cubeide_1.13.2/plugins/com.st.stm32cube.ide.mcu.externaltools.gnu-tools-for-stm32.11.3.rel1.linux64_1.1.1.202309131626/tools/bin/../lib/gcc/arm-none-eabi/11.3.1/../../../../arm-none-eabi/lib/thumb/v6-m/nofp/libc_nano.a(libc_a-atof.o)
                0x000000000801085a                atof
 .text.atoi     0x0000000008010864        0xc /opt/st/stm32cubeide_1.13.2/plugins/com.st.stm32cube.ide.mcu.externaltools.gnu-tools-for-stm32.11.3.rel1.linux64_1.1.1.202309131626/tools/bin/../lib/gcc/arm-none-eabi/11.3.1/../../../../arm-none-eabi/lib/thumb/v6-m/nofp/libc_nano.a(libc_a-atoi.o)
                0x0000000008010864                atoi
 .text.__itoa   0x0000000008010870       0x30 /opt/st/stm32cubeide_1.13.2/plugins/com.st.stm32cube.ide.mcu.externaltools.gnu-tools-for-stm32.11.3.rel1.linux64_1.1.1.202309131626/tools/bin/../lib/gcc/arm-none-eabi/11.3.1/../../../../arm-none-eabi/lib/thumb/v6-m/nofp/libc_nano.a(libc_a-itoa.o)
                0x0000000008010870                __itoa
 .text.itoa     0x00000000080108a0        0x8 /opt/st/stm32cubeide_1.13.2/plugins/com.st.stm32cube.ide.mcu.externaltools.gnu-tools-for-stm32.11.3.rel1.linux64_1.1.1.202309131626/tools/bin/../lib/gcc/arm-none-eabi/11.3.1/../../../../arm-none-eabi/lib/thumb/v6-m/nofp/libc_nano.a(libc_a-itoa.o)
                0x00000000080108a0                itoa
 .text.sulp     0x00000000080108a8       0x30 /opt/st/stm32cubeide_1.13.2/plugins/com.st.stm32cube.ide.mcu.externaltools.gnu-tools-for-stm32.11.3.rel1.linux64_1.1.1.202309131626/tools/bin/../lib/gcc/arm-none-eabi/11.3.1/../../../../arm-none-eabi/lib/thumb/v6-m/nofp/libc_nano.a(libc_a-strtod.o)
 .text._strtod_l
                0x00000000080108d8      0xc14 /opt/st/stm32cubeide_1.13.2/plugins/com.st.stm32cube.ide.mcu.externaltools.gnu-tools-for-stm32.11.3.rel1.linux64_1.1.1.202309131626/tools/bin/../lib/gcc/arm-none-eabi/11.3.1/../../../../arm-none-eabi/lib/thumb/v6-m/nofp/libc_nano.a(libc_a-strtod.o)
                0x00000000080108d8                _strtod_l
 .text.strtod   0x00000000080114ec       0x1c /opt/st/stm32cubeide_1.13.2/plugins/com.st.stm32cube.ide.mcu.externaltools.gnu-tools-for-stm32.11.3.rel1.linux64_1.1.1.202309131626/tools/bin/../lib/gcc/arm-none-eabi/11.3.1/../../../../arm-none-eabi/lib/thumb/v6-m/nofp/libc_nano.a(libc_a-strtod.o)
                0x00000000080114ec                strtod
 .text._strtol_l.constprop.0
                0x0000000008011508      0x10c /opt/st/stm32cubeide_1.13.2/plugins/com.st.stm32cube.ide.mcu.externaltools.gnu-tools-for-stm32.11.3.rel1.linux64_1.1.1.202309131626/tools/bin/../lib/gcc/arm-none-eabi/11.3.1/../../../../arm-none-eabi/lib/thumb/v6-m/nofp/libc_nano.a(libc_a-strtol.o)
 .text.strtol   0x0000000008011614       0x18 /opt/st/stm32cubeide_1.13.2/plugins/com.st.stm32cube.ide.mcu.externaltools.gnu-tools-for-stm32.11.3.rel1.linux64_1.1.1.202309131626/tools/bin/../lib/gcc/arm-none-eabi/11.3.1/../../../../arm-none-eabi/lib/thumb/v6-m/nofp/libc_nano.a(libc_a-strtol.o)
                0x0000000008011614                strtol
 .text.__utoa   0x000000000801162c       0x68 /opt/st/stm32cubeide_1.13.2/plugins/com.st.stm32cube.ide.mcu.externaltools.gnu-tools-for-stm32.11.3.rel1.linux64_1.1.1.202309131626/tools/bin/../lib/gcc/arm-none-eabi/11.3.1/../../../../arm-none-eabi/lib/thumb/v6-m/nofp/libc_nano.a(libc_a-utoa.o)
                0x000000000801162c                __utoa
 .text.std      0x0000000008011694       0x6c /opt/st/stm32cubeide_1.13.2/plugins/com.st.stm32cube.ide.mcu.externaltools.gnu-tools-for-stm32.11.3.rel1.linux64_1.1.1.202309131626/tools/bin/../lib/gcc/arm-none-eabi/11.3.1/../../../../arm-none-eabi/lib/thumb/v6-m/nofp/libc_nano.a(libc_a-findfp.o)
 .text.stdio_exit_handler
                0x0000000008011700       0x1c /opt/st/stm32cubeide_1.13.2/plugins/com.st.stm32cube.ide.mcu.externaltools.gnu-tools-for-stm32.11.3.rel1.linux64_1.1.1.202309131626/tools/bin/../lib/gcc/arm-none-eabi/11.3.1/../../../../arm-none-eabi/lib/thumb/v6-m/nofp/libc_nano.a(libc_a-findfp.o)
 .text.cleanup_stdio
                0x000000000801171c       0x3c /opt/st/stm32cubeide_1.13.2/plugins/com.st.stm32cube.ide.mcu.externaltools.gnu-tools-for-stm32.11.3.rel1.linux64_1.1.1.202309131626/tools/bin/../lib/gcc/arm-none-eabi/11.3.1/../../../../arm-none-eabi/lib/thumb/v6-m/nofp/libc_nano.a(libc_a-findfp.o)
 .text.global_stdio_init.part.0
                0x0000000008011758       0x3c /opt/st/stm32cubeide_1.13.2/plugins/com.st.stm32cube.ide.mcu.externaltools.gnu-tools-for-stm32.11.3.rel1.linux64_1.1.1.202309131626/tools/bin/../lib/gcc/arm-none-eabi/11.3.1/../../../../arm-none-eabi/lib/thumb/v6-m/nofp/libc_nano.a(libc_a-findfp.o)
 .text.__sfp_lock_acquire
                0x0000000008011794       0x10 /opt/st/stm32cubeide_1.13.2/plugins/com.st.stm32cube.ide.mcu.externaltools.gnu-tools-for-stm32.11.3.rel1.linux64_1.1.1.202309131626/tools/bin/../lib/gcc/arm-none-eabi/11.3.1/../../../../arm-none-eabi/lib/thumb/v6-m/nofp/libc_nano.a(libc_a-findfp.o)
                0x0000000008011794                __sfp_lock_acquire
 .text.__sfp_lock_release
                0x00000000080117a4       0x10 /opt/st/stm32cubeide_1.13.2/plugins/com.st.stm32cube.ide.mcu.externaltools.gnu-tools-for-stm32.11.3.rel1.linux64_1.1.1.202309131626/tools/bin/../lib/gcc/arm-none-eabi/11.3.1/../../../../arm-none-eabi/lib/thumb/v6-m/nofp/libc_nano.a(libc_a-findfp.o)
                0x00000000080117a4                __sfp_lock_release
 .text.__sinit  0x00000000080117b4       0x30 /opt/st/stm32cubeide_1.13.2/plugins/com.st.stm32cube.ide.mcu.externaltools.gnu-tools-for-stm32.11.3.rel1.linux64_1.1.1.202309131626/tools/bin/../lib/gcc/arm-none-eabi/11.3.1/../../../../arm-none-eabi/lib/thumb/v6-m/nofp/libc_nano.a(libc_a-findfp.o)
                0x00000000080117b4                __sinit
 .text._fwalk_sglue
                0x00000000080117e4       0x38 /opt/st/stm32cubeide_1.13.2/plugins/com.st.stm32cube.ide.mcu.externaltools.gnu-tools-for-stm32.11.3.rel1.linux64_1.1.1.202309131626/tools/bin/../lib/gcc/arm-none-eabi/11.3.1/../../../../arm-none-eabi/lib/thumb/v6-m/nofp/libc_nano.a(libc_a-fwalk.o)
                0x00000000080117e4                _fwalk_sglue
 .text.__sread  0x000000000801181c       0x28 /opt/st/stm32cubeide_1.13.2/plugins/com.st.stm32cube.ide.mcu.externaltools.gnu-tools-for-stm32.11.3.rel1.linux64_1.1.1.202309131626/tools/bin/../lib/gcc/arm-none-eabi/11.3.1/../../../../arm-none-eabi/lib/thumb/v6-m/nofp/libc_nano.a(libc_a-stdio.o)
                0x000000000801181c                __sread
 .text.__swrite
                0x0000000008011844       0x38 /opt/st/stm32cubeide_1.13.2/plugins/com.st.stm32cube.ide.mcu.externaltools.gnu-tools-for-stm32.11.3.rel1.linux64_1.1.1.202309131626/tools/bin/../lib/gcc/arm-none-eabi/11.3.1/../../../../arm-none-eabi/lib/thumb/v6-m/nofp/libc_nano.a(libc_a-stdio.o)
                0x0000000008011844                __swrite
 .text.__sseek  0x000000000801187c       0x2c /opt/st/stm32cubeide_1.13.2/plugins/com.st.stm32cube.ide.mcu.externaltools.gnu-tools-for-stm32.11.3.rel1.linux64_1.1.1.202309131626/tools/bin/../lib/gcc/arm-none-eabi/11.3.1/../../../../arm-none-eabi/lib/thumb/v6-m/nofp/libc_nano.a(libc_a-stdio.o)
                0x000000000801187c                __sseek
 .text.__sclose
                0x00000000080118a8        0xc /opt/st/stm32cubeide_1.13.2/plugins/com.st.stm32cube.ide.mcu.externaltools.gnu-tools-for-stm32.11.3.rel1.linux64_1.1.1.202309131626/tools/bin/../lib/gcc/arm-none-eabi/11.3.1/../../../../arm-none-eabi/lib/thumb/v6-m/nofp/libc_nano.a(libc_a-stdio.o)
                0x00000000080118a8                __sclose
 .text.memcmp   0x00000000080118b4       0x1c /opt/st/stm32cubeide_1.13.2/plugins/com.st.stm32cube.ide.mcu.externaltools.gnu-tools-for-stm32.11.3.rel1.linux64_1.1.1.202309131626/tools/bin/../lib/gcc/arm-none-eabi/11.3.1/../../../../arm-none-eabi/lib/thumb/v6-m/nofp/libc_nano.a(libc_a-memcmp.o)
                0x00000000080118b4                memcmp
 .text.memset   0x00000000080118d0       0x10 /opt/st/stm32cubeide_1.13.2/plugins/com.st.stm32cube.ide.mcu.externaltools.gnu-tools-for-stm32.11.3.rel1.linux64_1.1.1.202309131626/tools/bin/../lib/gcc/arm-none-eabi/11.3.1/../../../../arm-none-eabi/lib/thumb/v6-m/nofp/libc_nano.a(libc_a-memset.o)
                0x00000000080118d0                memset
 .text.strncmp  0x00000000080118e0       0x22 /opt/st/stm32cubeide_1.13.2/plugins/com.st.stm32cube.ide.mcu.externaltools.gnu-tools-for-stm32.11.3.rel1.linux64_1.1.1.202309131626/tools/bin/../lib/gcc/arm-none-eabi/11.3.1/../../../../arm-none-eabi/lib/thumb/v6-m/nofp/libc_nano.a(libc_a-strncmp.o)
                0x00000000080118e0                strncmp
 *fill*         0x0000000008011902        0x2 
 .text._close_r
                0x0000000008011904       0x24 /opt/st/stm32cubeide_1.13.2/plugins/com.st.stm32cube.ide.mcu.externaltools.gnu-tools-for-stm32.11.3.rel1.linux64_1.1.1.202309131626/tools/bin/../lib/gcc/arm-none-eabi/11.3.1/../../../../arm-none-eabi/lib/thumb/v6-m/nofp/libc_nano.a(libc_a-closer.o)
                0x0000000008011904                _close_r
 .text._lseek_r
                0x0000000008011928       0x28 /opt/st/stm32cubeide_1.13.2/plugins/com.st.stm32cube.ide.mcu.externaltools.gnu-tools-for-stm32.11.3.rel1.linux64_1.1.1.202309131626/tools/bin/../lib/gcc/arm-none-eabi/11.3.1/../../../../arm-none-eabi/lib/thumb/v6-m/nofp/libc_nano.a(libc_a-lseekr.o)
                0x0000000008011928                _lseek_r
 .text._read_r  0x0000000008011950       0x28 /opt/st/stm32cubeide_1.13.2/plugins/com.st.stm32cube.ide.mcu.externaltools.gnu-tools-for-stm32.11.3.rel1.linux64_1.1.1.202309131626/tools/bin/../lib/gcc/arm-none-eabi/11.3.1/../../../../arm-none-eabi/lib/thumb/v6-m/nofp/libc_nano.a(libc_a-readr.o)
                0x0000000008011950                _read_r
 .text._write_r
                0x0000000008011978       0x28 /opt/st/stm32cubeide_1.13.2/plugins/com.st.stm32cube.ide.mcu.externaltools.gnu-tools-for-stm32.11.3.rel1.linux64_1.1.1.202309131626/tools/bin/../lib/gcc/arm-none-eabi/11.3.1/../../../../arm-none-eabi/lib/thumb/v6-m/nofp/libc_nano.a(libc_a-writer.o)
                0x0000000008011978                _write_r
 .text.__errno  0x00000000080119a0        0xc /opt/st/stm32cubeide_1.13.2/plugins/com.st.stm32cube.ide.mcu.externaltools.gnu-tools-for-stm32.11.3.rel1.linux64_1.1.1.202309131626/tools/bin/../lib/gcc/arm-none-eabi/11.3.1/../../../../arm-none-eabi/lib/thumb/v6-m/nofp/libc_nano.a(libc_a-errno.o)
                0x00000000080119a0                __errno
 .text.__libc_init_array
                0x00000000080119ac       0x48 /opt/st/stm32cubeide_1.13.2/plugins/com.st.stm32cube.ide.mcu.externaltools.gnu-tools-for-stm32.11.3.rel1.linux64_1.1.1.202309131626/tools/bin/../lib/gcc/arm-none-eabi/11.3.1/../../../../arm-none-eabi/lib/thumb/v6-m/nofp/libc_nano.a(libc_a-init.o)
                0x00000000080119ac                __libc_init_array
 .text.__retarget_lock_init_recursive
                0x00000000080119f4        0x2 /opt/st/stm32cubeide_1.13.2/plugins/com.st.stm32cube.ide.mcu.externaltools.gnu-tools-for-stm32.11.3.rel1.linux64_1.1.1.202309131626/tools/bin/../lib/gcc/arm-none-eabi/11.3.1/../../../../arm-none-eabi/lib/thumb/v6-m/nofp/libc_nano.a(libc_a-lock.o)
                0x00000000080119f4                __retarget_lock_init_recursive
 .text.__retarget_lock_acquire_recursive
                0x00000000080119f6        0x2 /opt/st/stm32cubeide_1.13.2/plugins/com.st.stm32cube.ide.mcu.externaltools.gnu-tools-for-stm32.11.3.rel1.linux64_1.1.1.202309131626/tools/bin/../lib/gcc/arm-none-eabi/11.3.1/../../../../arm-none-eabi/lib/thumb/v6-m/nofp/libc_nano.a(libc_a-lock.o)
                0x00000000080119f6                __retarget_lock_acquire_recursive
 .text.__retarget_lock_release_recursive
                0x00000000080119f8        0x2 /opt/st/stm32cubeide_1.13.2/plugins/com.st.stm32cube.ide.mcu.externaltools.gnu-tools-for-stm32.11.3.rel1.linux64_1.1.1.202309131626/tools/bin/../lib/gcc/arm-none-eabi/11.3.1/../../../../arm-none-eabi/lib/thumb/v6-m/nofp/libc_nano.a(libc_a-lock.o)
                0x00000000080119f8                __retarget_lock_release_recursive
 .text.memcpy   0x00000000080119fa       0x12 /opt/st/stm32cubeide_1.13.2/plugins/com.st.stm32cube.ide.mcu.externaltools.gnu-tools-for-stm32.11.3.rel1.linux64_1.1.1.202309131626/tools/bin/../lib/gcc/arm-none-eabi/11.3.1/../../../../arm-none-eabi/lib/thumb/v6-m/nofp/libc_nano.a(libc_a-memcpy-stub.o)
                0x00000000080119fa                memcpy
 .text.nan      0x0000000008011a0c        0xc /opt/st/stm32cubeide_1.13.2/plugins/com.st.stm32cube.ide.mcu.externaltools.gnu-tools-for-stm32.11.3.rel1.linux64_1.1.1.202309131626/tools/bin/../lib/gcc/arm-none-eabi/11.3.1/../../../../arm-none-eabi/lib/thumb/v6-m/nofp/libc_nano.a(libm_a-s_nan.o)
                0x0000000008011a0c                nan
 .text._free_r  0x0000000008011a18       0x94 /opt/st/stm32cubeide_1.13.2/plugins/com.st.stm32cube.ide.mcu.externaltools.gnu-tools-for-stm32.11.3.rel1.linux64_1.1.1.202309131626/tools/bin/../lib/gcc/arm-none-eabi/11.3.1/../../../../arm-none-eabi/lib/thumb/v6-m/nofp/libc_nano.a(libc_a-freer.o)
                0x0000000008011a18                _free_r
 .text.rshift   0x0000000008011aac       0xaa /opt/st/stm32cubeide_1.13.2/plugins/com.st.stm32cube.ide.mcu.externaltools.gnu-tools-for-stm32.11.3.rel1.linux64_1.1.1.202309131626/tools/bin/../lib/gcc/arm-none-eabi/11.3.1/../../../../arm-none-eabi/lib/thumb/v6-m/nofp/libc_nano.a(libc_a-gdtoa-gethex.o)
 .text.__hexdig_fun
                0x0000000008011b56       0x2a /opt/st/stm32cubeide_1.13.2/plugins/com.st.stm32cube.ide.mcu.externaltools.gnu-tools-for-stm32.11.3.rel1.linux64_1.1.1.202309131626/tools/bin/../lib/gcc/arm-none-eabi/11.3.1/../../../../arm-none-eabi/lib/thumb/v6-m/nofp/libc_nano.a(libc_a-gdtoa-gethex.o)
                0x0000000008011b56                __hexdig_fun
 .text.__gethex
                0x0000000008011b80      0x448 /opt/st/stm32cubeide_1.13.2/plugins/com.st.stm32cube.ide.mcu.externaltools.gnu-tools-for-stm32.11.3.rel1.linux64_1.1.1.202309131626/tools/bin/../lib/gcc/arm-none-eabi/11.3.1/../../../../arm-none-eabi/lib/thumb/v6-m/nofp/libc_nano.a(libc_a-gdtoa-gethex.o)
                0x0000000008011b80                __gethex
 .text.L_shift  0x0000000008011fc8       0x24 /opt/st/stm32cubeide_1.13.2/plugins/com.st.stm32cube.ide.mcu.externaltools.gnu-tools-for-stm32.11.3.rel1.linux64_1.1.1.202309131626/tools/bin/../lib/gcc/arm-none-eabi/11.3.1/../../../../arm-none-eabi/lib/thumb/v6-m/nofp/libc_nano.a(libc_a-gdtoa-hexnan.o)
 .text.__match  0x0000000008011fec       0x28 /opt/st/stm32cubeide_1.13.2/plugins/com.st.stm32cube.ide.mcu.externaltools.gnu-tools-for-stm32.11.3.rel1.linux64_1.1.1.202309131626/tools/bin/../lib/gcc/arm-none-eabi/11.3.1/../../../../arm-none-eabi/lib/thumb/v6-m/nofp/libc_nano.a(libc_a-gdtoa-hexnan.o)
                0x0000000008011fec                __match
 .text.__hexnan
                0x0000000008012014      0x150 /opt/st/stm32cubeide_1.13.2/plugins/com.st.stm32cube.ide.mcu.externaltools.gnu-tools-for-stm32.11.3.rel1.linux64_1.1.1.202309131626/tools/bin/../lib/gcc/arm-none-eabi/11.3.1/../../../../arm-none-eabi/lib/thumb/v6-m/nofp/libc_nano.a(libc_a-gdtoa-hexnan.o)
                0x0000000008012014                __hexnan
 .text.sbrk_aligned
                0x0000000008012164       0x44 /opt/st/stm32cubeide_1.13.2/plugins/com.st.stm32cube.ide.mcu.externaltools.gnu-tools-for-stm32.11.3.rel1.linux64_1.1.1.202309131626/tools/bin/../lib/gcc/arm-none-eabi/11.3.1/../../../../arm-none-eabi/lib/thumb/v6-m/nofp/libc_nano.a(libc_a-mallocr.o)
 .text._malloc_r
                0x00000000080121a8      0x104 /opt/st/stm32cubeide_1.13.2/plugins/com.st.stm32cube.ide.mcu.externaltools.gnu-tools-for-stm32.11.3.rel1.linux64_1.1.1.202309131626/tools/bin/../lib/gcc/arm-none-eabi/11.3.1/../../../../arm-none-eabi/lib/thumb/v6-m/nofp/libc_nano.a(libc_a-mallocr.o)
                0x00000000080121a8                _malloc_r
 .text.__ascii_mbtowc
                0x00000000080122ac       0x24 /opt/st/stm32cubeide_1.13.2/plugins/com.st.stm32cube.ide.mcu.externaltools.gnu-tools-for-stm32.11.3.rel1.linux64_1.1.1.202309131626/tools/bin/../lib/gcc/arm-none-eabi/11.3.1/../../../../arm-none-eabi/lib/thumb/v6-m/nofp/libc_nano.a(libc_a-mbtowc_r.o)
                0x00000000080122ac                __ascii_mbtowc
 .text.__malloc_lock