Archive member included to satisfy reference by file (symbol)

/opt/st/stm32cubeide_1.13.2/plugins/com.st.stm32cube.ide.mcu.externaltools.gnu-tools-for-stm32.11.3.rel1.linux64_1.1.1.202309131626/tools/bin/../lib/gcc/arm-none-eabi/11.3.1/../../../../arm-none-eabi/lib/thumb/v6-m/nofp/libc_nano.a(libc_a-atof.o)
                              ./Src/boardConsole/interface.o (atof)
/opt/st/stm32cubeide_1.13.2/plugins/com.st.stm32cube.ide.mcu.externaltools.gnu-tools-for-stm32.11.3.rel1.linux64_1.1.1.202309131626/tools/bin/../lib/gcc/arm-none-eabi/11.3.1/../../../../arm-none-eabi/lib/thumb/v6-m/nofp/libc_nano.a(libc_a-atoi.o)
                              ./Src/boardConsole/interface.o (atoi)
/opt/st/stm32cubeide_1.13.2/plugins/com.st.stm32cube.ide.mcu.externaltools.gnu-tools-for-stm32.11.3.rel1.linux64_1.1.1.202309131626/tools/bin/../lib/gcc/arm-none-eabi/11.3.1/../../../../arm-none-eabi/lib/thumb/v6-m/nofp/libc_nano.a(libc_a-exit.o)
                              /opt/st/stm32cubeide_1.13.2/plugins/com.st.stm32cube.ide.mcu.externaltools.gnu-tools-for-stm32.11.3.rel1.linux64_1.1.1.202309131626/tools/bin/../lib/gcc/arm-none-eabi/11.3.1/../../../../arm-none-eabi/lib/thumb/v6-m/nofp/crt0.o (exit)
/opt/st/stm32cubeide_1.13.2/plugins/com.st.stm32cube.ide.mcu.externaltools.gnu-tools-for-stm32.11.3.rel1.linux64_1.1.1.202309131626/tools/bin/../lib/gcc/arm-none-eabi/11.3.1/../../../../arm-none-eabi/lib/thumb/v6-m/nofp/libc_nano.a(libc_a-itoa.o)
                              ./Src/boardConsole/interface.o (itoa)
/opt/st/stm32cubeide_1.13.2/plugins/com.st.stm32cube.ide.mcu.externaltools.gnu-tools-for-stm32.11.3.rel1.linux64_1.1.1.202309131626/tools/bin/../lib/gcc/arm-none-eabi/11.3.1/../../../../arm-none-eabi/lib/thumb/v6-m/nofp/libc_nano.a(libc_a-strtod.o)
                              /opt/st/stm32cubeide_1.13.2/plugins/com.st.stm32cube.ide.mcu.externaltools.gnu-tools-for-stm32.11.3.rel1.linux64_1.1.1.202309131626/tools/bin/../lib/gcc/arm-none-eabi/11.3.1/../../../../arm-none-eabi/lib/thumb/v6-m/nofp/libc_nano.a(libc_a-atof.o) (strtod)
/opt/st/stm32cubeide_1.13.2/plugins/com.st.stm32cube.ide.mcu.externaltools.gnu-tools-for-stm32.11.3.rel1.linux64_1.1.1.202309131626/tools/bin/../lib/gcc/arm-none-eabi/11.3.1/../../../../arm-none-eabi/lib/thumb/v6-m/nofp/libc_nano.a(libc_a-strtol.o)
                              /opt/st/stm32cubeide_1.13.2/plugins/com.st.stm32cube.ide.mcu.externaltools.gnu-tools-for-stm32.11.3.rel1.linux64_1.1.1.202309131626/tools/bin/../lib/gcc/arm-none-eabi/11.3.1/../../../../arm-none-eabi/lib/thumb/v6-m/nofp/libc_nano.a(libc_a-atoi.o) (_strtol_r)
/opt/st/stm32cubeide_1.13.2/plugins/com.st.stm32cube.ide.mcu.externaltools.gnu-tools-for-stm32.11.3.rel1.linux64_1.1.1.202309131626/tools/bin/../lib/gcc/arm-none-eabi/11.3.1/../../../../arm-none-eabi/lib/thumb/v6-m/nofp/libc_nano.a(libc_a-utoa.o)
                              /opt/st/stm32cubeide_1.13.2/plugins/com.st.stm32cube.ide.mcu.externaltools.gnu-tools-for-stm32.11.3.rel1.linux64_1.1.1.202309131626/tools/bin/../lib/gcc/arm-none-eabi/11.3.1/../../../../arm-none-eabi/lib/thumb/v6-m/nofp/libc_nano.a(libc_a-itoa.o) (__utoa)
/opt/st/stm32cubeide_1.13.2/plugins/com.st.stm32cube.ide.mcu.externaltools.gnu-tools-for-stm32.11.3.rel1.linux64_1.1.1.202309131626/tools/bin/../lib/gcc/arm-none-eabi/11.3.1/../../../../arm-none-eabi/lib/thumb/v6-m/nofp/libc_nano.a(libc_a-ctype_.o)
                              /opt/st/stm32cubeide_1.13.2/plugins/com.st.stm32cube.ide.mcu.externaltools.gnu-tools-for-stm32.11.3.rel1.linux64_1.1.1.202309131626/tools/bin/../lib/gcc/arm-none-eabi/11.3.1/../../../../arm-none-eabi/lib/thumb/v6-m/nofp/libc_nano.a(libc_a-strtol.o) (_ctype_)
/opt/st/stm32cubeide_1.13.2/plugins/com.st.stm32cube.ide.mcu.externaltools.gnu-tools-for-stm32.11.3.rel1.linux64_1.1.1.202309131626/tools/bin/../lib/gcc/arm-none-eabi/11.3.1/../../../../arm-none-eabi/lib/thumb/v6-m/nofp/libc_nano.a(libc_a-findfp.o)
                              /opt/st/stm32cubeide_1.13.2/plugins/com.st.stm32cube.ide.mcu.externaltools.gnu-tools-for-stm32.11.3.rel1.linux64_1.1.1.202309131626/tools/bin/../lib/gcc/arm-none-eabi/11.3.1/../../../../arm-none-eabi/lib/thumb/v6-m/nofp/libc_nano.a(libc_a-exit.o) (__stdio_exit_handler)
/opt/st/stm32cubeide_1.13.2/plugins/com.st.stm32cube.ide.mcu.externaltools.gnu-tools-for-stm32.11.3.rel1.linux64_1.1.1.202309131626/tools/bin/../lib/gcc/arm-none-eabi/11.3.1/../../../../arm-none-eabi/lib/thumb/v6-m/nofp/libc_nano.a(libc_a-fwalk.o)
                              /opt/st/stm32cubeide_1.13.2/plugins/com.st.stm32cube.ide.mcu.externaltools.gnu-tools-for-stm32.11.3.rel1.linux64_1.1.1.202309131626/tools/bin/../lib/gcc/arm-none-eabi/11.3.1/../../../../arm-none-eabi/lib/thumb/v6-m/nofp/libc_nano.a(libc_a-findfp.o) (_fwalk_sglue)
[...]
Memory Configuration

Name             Origin             Length             Attributes
RAM              0x0000000020000000 0x0000000000009000 xrw
FLASH            0x0000000008000000 0x0000000000020000 xr
*default*        0x0000000000000000 0xffffffffffffffff

Linker script and memory map

LOAD /opt/st/stm32cubeide_1.13.2/plugins/com.st.stm32cube.ide.mcu.externaltools.gnu-tools-for-stm32.11.3.rel1.linux64_1.1.1.202309131626/tools/bin/../lib/gcc/arm-none-eabi/11.3.1/thumb/v6-m/nofp/crti.o
LOAD /opt/st/stm32cubeide_1.13.2/plugins/com.st.stm32cube.ide.mcu.externaltools.gnu-tools-for-stm32.11.3.rel1.linux64_1.1.1.202309131626/tools/bin/../lib/gcc/arm-none-eabi/11.3.1/thumb/v6-m/nofp/crtbegin.o
LOAD /opt/st/stm32cubeide_1.13.2/plugins/com.st.stm32cube.ide.mcu.externaltools.gnu-tools-for-stm32.11.3.rel1.linux64_1.1.1.202309131626/tools/bin/../lib/gcc/arm-none-eabi/11.3.1/../../../../arm-none-eabi/lib/thumb/v6-m/nofp/crt0.o
LOAD ./Drivers/STM32G0xx_HAL_Driver/Src/stm32g0xx_hal.o
LOAD ./Drivers/STM32G0xx_HAL_Driver/Src/stm32g0xx_hal_adc.o
LOAD ./Drivers/STM32G0xx_HAL_Driver/Src/stm32g0xx_hal_adc_ex.o
LOAD ./Drivers/STM32G0xx_HAL_Driver/Src/stm32g0xx_hal_comp.o
LOAD ./Drivers/STM32G0xx_HAL_Driver/Src/stm32g0xx_hal_cortex.o
LOAD ./Drivers/STM32G0xx_HAL_Driver/Src/stm32g0xx_hal_dma.o
LOAD ./Drivers/STM32G0xx_HAL_Driver/Src/stm32g0xx_hal_dma_ex.o
LOAD ./Drivers/STM32G0xx_HAL_Driver/Src/stm32g0xx_hal_exti.o
LOAD ./Drivers/STM32G0xx_HAL_Driver/Src/stm32g0xx_hal_flash.o
LOAD ./Drivers/STM32G0xx_HAL_Driver/Src/stm32g0xx_hal_flash_ex.o
LOAD ./Drivers/STM32G0xx_HAL_Driver/Src/stm32g0xx_hal_gpio.o
LOAD ./Drivers/STM32G0xx_HAL_Driver/Src/stm32g0xx_hal_i2c.o
LOAD ./Drivers/STM32G0xx_HAL_Driver/Src/stm32g0xx_hal_i2c_ex.o
LOAD ./Drivers/STM32G0xx_HAL_Driver/Src/stm32g0xx_hal_pwr.o
LOAD ./Drivers/STM32G0xx_HAL_Driver/Src/stm32g0xx_hal_pwr_ex.o
LOAD ./Drivers/STM32G0xx_HAL_Driver/Src/stm32g0xx_hal_rcc.o
LOAD ./Drivers/STM32G0xx_HAL_Driver/Src/stm32g0xx_hal_rcc_ex.o
LOAD ./Drivers/STM32G0xx_HAL_Driver/Src/stm32g0xx_hal_tim.o
LOAD ./Drivers/STM32G0xx_HAL_Driver/Src/stm32g0xx_hal_tim_ex.o
LOAD ./Drivers/STM32G0xx_HAL_Driver/Src/stm32g0xx_hal_uart.o
LOAD ./Drivers/STM32G0xx_HAL_Driver/Src/stm32g0xx_hal_uart_ex.o
LOAD ./Drivers/STM32G0xx_HAL_Driver/Src/stm32g0xx_ll_adc.o
LOAD ./Drivers/STM32G0xx_HAL_Driver/Src/stm32g0xx_ll_dma.o
LOAD ./Drivers/STM32G0xx_HAL_Driver/Src/stm32g0xx_ll_rcc.o
LOAD ./FreeRTOS/Source/croutine.o
LOAD ./FreeRTOS/Source/event_groups.o
LOAD ./FreeRTOS/Source/list.o
LOAD ./FreeRTOS/Source/queue.o
LOAD ./FreeRTOS/Source/stream_buffer.o
LOAD ./FreeRTOS/Source/tasks.o
LOAD ./FreeRTOS/Source/timers.o
LOAD ./FreeRTOS/Source/portable/GCC/ARM_CM0/port.o
LOAD ./FreeRTOS/Source/portable/MemMang/heap_4.o
LOAD ./Src/adc.o
LOAD ./Src/comp.o
LOAD ./Src/dma.o
LOAD ./Src/gpio.o
LOAD ./Src/i2c.o
LOAD ./Src/main.o
LOAD ./Src/stm32g0xx_hal_msp.o
LOAD ./Src/stm32g0xx_hal_timebase_tim.o
LOAD ./Src/stm32g0xx_it.o
LOAD ./Src/syscalls.o
LOAD ./Src/sysmem.o
LOAD ./Src/system_stm32g0xx.o
LOAD ./Src/tim.o
LOAD ./Src/usart.o
LOAD ./Src/boardConsole/boardconsoleapp.o
LOAD ./Src/boardConsole/buttons.o
LOAD ./Src/boardConsole/interface.o
LOAD ./Src/boardConsole/interrupts.o
LOAD ./Src/libs/adconv.o
LOAD ./Src/libs/blinkpin.o
LOAD ./Src/libs/delays.o
LOAD ./Src/libs/eeprom.o
LOAD ./Src/libs/hd44780.o
LOAD ./Src/libs/menu.o
LOAD ./Src/libs/motohours.o
LOAD ./Src/libs/nmea0183.o
LOAD ./Src/libs/pwm.o
LOAD ./Src/libs/scheduler.o
LOAD ./Src/libs/tachometer.o
LOAD ./Startup/startup_stm32g071rbtx.o
START GROUP
LOAD /opt/st/stm32cubeide_1.13.2/plugins/com.st.stm32cube.ide.mcu.externaltools.gnu-tools-for-stm32.11.3.rel1.linux64_1.1.1.202309131626/tools/bin/../lib/gcc/arm-none-eabi/11.3.1/../../../../arm-none-eabi/lib/thumb/v6-m/nofp/libc_nano.a
LOAD /opt/st/stm32cubeide_1.13.2/plugins/com.st.stm32cube.ide.mcu.externaltools.gnu-tools-for-stm32.11.3.rel1.linux64_1.1.1.202309131626/tools/bin/../lib/gcc/arm-none-eabi/11.3.1/../../../../arm-none-eabi/lib/thumb/v6-m/nofp/libm.a
END GROUP
START GROUP
LOAD /opt/st/stm32cubeide_1.13.2/plugins/com.st.stm32cube.ide.mcu.externaltools.gnu-tools-for-stm32.11.3.rel1.linux64_1.1.1.202309131626/tools/bin/../lib/gcc/arm-none-eabi/11.3.1/thumb/v6-m/nofp/libgcc.a
LOAD /opt/st/stm32cubeide_1.13.2/plugins/com.st.stm32cube.ide.mcu.externaltools.gnu-tools-for-stm32.11.3.rel1.linux64_1.1.1.202309131626/tools/bin/../lib/gcc/arm-none-eabi/11.3.1/../../../../arm-none-eabi/lib/thumb/v6-m/nofp/libc_nano.a
END GROUP
START GROUP
LOAD /opt/st/stm32cubeide_1.13.2/plugins/com.st.stm32cube.ide.mcu.externaltools.gnu-tools-for-stm32.11.3.rel1.linux64_1.1.1.202309131626/tools/bin/../lib/gcc/arm-none-eabi/11.3.1/thumb/v6-m/nofp/libgcc.a
LOAD /opt/st/stm32cubeide_1.13.2/plugins/com.st.stm32cube.ide.mcu.externaltools.gnu-tools-for-stm32.11.3.rel1.linux64_1.1.1.202309131626/tools/bin/../lib/gcc/arm-none-eabi/11.3.1/../../../../arm-none-eabi/lib/thumb/v6-m/nofp/libc_nano.a
LOAD /opt/st/stm32cubeide_1.13.2/plugins/com.st.stm32cube.ide.mcu.externaltools.gnu-tools-for-stm32.11.3.rel1.linux64_1.1.1.202309131626/tools/bin/../lib/gcc/arm-none-eabi/11.3.1/../../../../arm-none-eabi/lib/thumb/v6-m/nofp/libnosys.a
END GROUP
START GROUP
LOAD /opt/st/stm32cubeide_1.13.2/plugins/com.st.stm32cube.ide.mcu.externaltools.gnu-tools-for-stm32.11.3.rel1.linux64_1.1.1.202309131626/tools/bin/../lib/gcc/arm-none-eabi/11.3.1/thumb/v6-m/nofp/libgcc.a
LOAD /opt/st/stm32cubeide_1.13.2/plugins/com.st.stm32cube.ide.mcu.externaltools.gnu-tools-for-stm32.11.3.rel1.linux64_1.1.1.202309131626/tools/bin/../lib/gcc/arm-none-eabi/11.3.1/../../../../arm-none-eabi/lib/thumb/v6-m/nofp/libc_nano.a
LOAD /opt/st/stm32cubeide_1.13.2/plugins/com.st.stm32cube.ide.mcu.externaltools.gnu-tools-for-stm32.11.3.rel1.linux64_1.1.1.202309131626/tools/bin/../lib/gcc/arm-none-eabi/11.3.1/../../../../arm-none-eabi/lib/thumb/v6-m/nofp/libnosys.a
END GROUP
LOAD /opt/st/stm32cubeide_1.13.2/plugins/com.st.stm32cube.ide.mcu.externaltools.gnu-tools-for-stm32.11.3.rel1.linux64_1.1.1.202309131626/tools/bin/../lib/gcc/arm-none-eabi/11.3.1/thumb/v6-m/nofp/crtend.o
LOAD /opt/st/stm32cubeide_1.13.2/plugins/com.st.stm32cube.ide.mcu.externaltools.gnu-tools-for-stm32.11.3.rel1.linux64_1.1.1.202309131626/tools/bin/../lib/gcc/arm-none-eabi/11.3.1/thumb/v6-m/nofp/crtn.o
                0x0000000020009000                _estack = (ORIGIN (RAM) + LENGTH (RAM))
                0x0000000000000200                _Min_Heap_Size = 0x200
                0x0000000000000400                _Min_Stack_Size = 0x400

.isr_vector     0x0000000008000000       0xbc
                0x0000000008000000                . = ALIGN (0x4)
 *(.isr_vector)
 .isr_vector    0x0000000008000000       0xbc ./Startup/startup_stm32g071rbtx.o
                0x0000000008000000                g_pfnVectors
                0x00000000080000bc                . = ALIGN (0x4)

.text           0x00000000080000c0    0x13d70
                0x00000000080000c0                . = ALIGN (0x4)
 *(.text)
 .text          0x00000000080000c0       0x48 /opt/st/stm32cubeide_1.13.2/plugins/com.st.stm32cube.ide.mcu.externaltools.gnu-tools-for-stm32.11.3.rel1.linux64_1.1.1.202309131626/tools/bin/../lib/gcc/arm-none-eabi/11.3.1/thumb/v6-m/nofp/crtbegin.o
 .text          0x0000000008000108        0xe /opt/st/stm32cubeide_1.13.2/plugins/com.st.stm32cube.ide.mcu.externaltools.gnu-tools-for-stm32.11.3.rel1.linux64_1.1.1.202309131626/tools/bin/../lib/gcc/arm-none-eabi/11.3.1/../../../../arm-none-eabi/lib/thumb/v6-m/nofp/libc_nano.a(libc_a-strlen.o)
                0x0000000008000108                strlen
 *fill*         0x0000000008000116        0x2 
 .text          0x0000000008000118       0x14 /opt/st/stm32cubeide_1.13.2/plugins/com.st.stm32cube.ide.mcu.externaltools.gnu-tools-for-stm32.11.3.rel1.linux64_1.1.1.202309131626/tools/bin/../lib/gcc/arm-none-eabi/11.3.1/thumb/v6-m/nofp/libgcc.a(_thumb1_case_uqi.o)
                0x0000000008000118                __gnu_thumb1_case_uqi
 .text          0x000000000800012c       0x14 /opt/st/stm32cubeide_1.13.2/plugins/com.st.stm32cube.ide.mcu.externaltools.gnu-tools-for-stm32.11.3.rel1.linux64_1.1.1.202309131626/tools/bin/../lib/gcc/arm-none-eabi/11.3.1/thumb/v6-m/nofp/libgcc.a(_thumb1_case_shi.o)
                0x000000000800012c                __gnu_thumb1_case_shi
 .text          0x0000000008000140      0x114 /opt/st/stm32cubeide_1.13.2/plugins/com.st.stm32cube.ide.mcu.externaltools.gnu-tools-for-stm32.11.3.rel1.linux64_1.1.1.202309131626/tools/bin/../lib/gcc/arm-none-eabi/11.3.1/thumb/v6-m/nofp/libgcc.a(_udivsi3.o)
                0x0000000008000140                __udivsi3
                0x0000000008000140                __aeabi_uidiv
                0x000000000800024c                __aeabi_uidivmod
 .text          0x0000000008000254      0x1d4 /opt/st/stm32cubeide_1.13.2/plugins/com.st.stm32cube.ide.mcu.externaltools.gnu-tools-for-stm32.11.3.rel1.linux64_1.1.1.202309131626/tools/bin/../lib/gcc/arm-none-eabi/11.3.1/thumb/v6-m/nofp/libgcc.a(_divsi3.o)
                0x0000000008000254                __aeabi_idiv
                0x0000000008000254                __divsi3
                0x0000000008000420                __aeabi_idivmod
 .text          0x0000000008000428        0x4 /opt/st/stm32cubeide_1.13.2/plugins/com.st.stm32cube.ide.mcu.externaltools.gnu-tools-for-stm32.11.3.rel1.linux64_1.1.1.202309131626/tools/bin/../lib/gcc/arm-none-eabi/11.3.1/thumb/v6-m/nofp/libgcc.a(_dvmd_tls.o)
                0x0000000008000428                __aeabi_ldiv0
                0x0000000008000428                __aeabi_idiv0
 .text          0x000000000800042c       0x7c /opt/st/stm32cubeide_1.13.2/plugins/com.st.stm32cube.ide.mcu.externaltools.gnu-tools-for-stm32.11.3.rel1.linux64_1.1.1.202309131626/tools/bin/../lib/gcc/arm-none-eabi/11.3.1/thumb/v6-m/nofp/libgcc.a(_arm_cmpdf2.o)
                0x000000000800042c                __aeabi_cdrcmple
                0x000000000800043c                __aeabi_cdcmple
                0x000000000800043c                __aeabi_cdcmpeq
                0x000000000800044c                __aeabi_dcmpeq
                0x0000000008000458                __aeabi_dcmplt
                0x000000000800046c                __aeabi_dcmple
                0x0000000008000480                __aeabi_dcmpgt
                0x0000000008000494                __aeabi_dcmpge
 .text          0x00000000080004a8       0x74 /opt/st/stm32cubeide_1.13.2/plugins/com.st.stm32cube.ide.mcu.externaltools.gnu-tools-for-stm32.11.3.rel1.linux64_1.1.1.202309131626/tools/bin/../lib/gcc/arm-none-eabi/11.3.1/thumb/v6-m/nofp/libgcc.a(_arm_cmpsf2.o)
                0x00000000080004a8                __aeabi_cfrcmple
                0x00000000080004b0                __aeabi_cfcmple
                0x00000000080004b0                __aeabi_cfcmpeq
                0x00000000080004c0                __aeabi_fcmpeq
                0x00000000080004cc                __aeabi_fcmplt
                0x00000000080004e0                __aeabi_fcmple
                0x00000000080004f4                __aeabi_fcmpgt
                0x0000000008000508                __aeabi_fcmpge
 .text          0x000000000800051c       0x40 /opt/st/stm32cubeide_1.13.2/plugins/com.st.stm32cube.ide.mcu.externaltools.gnu-tools-for-stm32.11.3.rel1.linux64_1.1.1.202309131626/tools/bin/../lib/gcc/arm-none-eabi/11.3.1/thumb/v6-m/nofp/libgcc.a(_aeabi_uldivmod.o)
                0x000000000800051c                __aeabi_uldivmod
 .text          0x000000000800055c       0x30 /opt/st/stm32cubeide_1.13.2/plugins/com.st.stm32cube.ide.mcu.externaltools.gnu-tools-for-stm32.11.3.rel1.linux64_1.1.1.202309131626/tools/bin/../lib/gcc/arm-none-eabi/11.3.1/thumb/v6-m/nofp/libgcc.a(_fixunssfsi.o)
                0x000000000800055c                __aeabi_f2uiz
                0x000000000800055c                __fixunssfsi
 .text          0x000000000800058c       0x3c /opt/st/stm32cubeide_1.13.2/plugins/com.st.stm32cube.ide.mcu.externaltools.gnu-tools-for-stm32.11.3.rel1.linux64_1.1.1.202309131626/tools/bin/../lib/gcc/arm-none-eabi/11.3.1/thumb/v6-m/nofp/libgcc.a(_fixunsdfsi.o)
                0x000000000800058c                __fixunsdfsi
                0x000000000800058c                __aeabi_d2uiz
 .text          0x00000000080005c8       0x3c /opt/st/stm32cubeide_1.13.2/plugins/com.st.stm32cube.ide.mcu.externaltools.gnu-tools-for-stm32.11.3.rel1.linux64_1.1.1.202309131626/tools/bin/../lib/gcc/arm-none-eabi/11.3.1/thumb/v6-m/nofp/libgcc.a(_fixdfdi.o)
                0x00000000080005c8                __aeabi_d2lz
                0x00000000080005c8                __fixdfdi
 .text          0x0000000008000604       0x3c /opt/st/stm32cubeide_1.13.2/plugins/com.st.stm32cube.ide.mcu.externaltools.gnu-tools-for-stm32.11.3.rel1.linux64_1.1.1.202309131626/tools/bin/../lib/gcc/arm-none-eabi/11.3.1/thumb/v6-m/nofp/libgcc.a(_fixunsdfdi.o)
                0x0000000008000604                __aeabi_d2ulz
                0x0000000008000604                __fixunsdfdi
 .text          0x0000000008000640       0x2c /opt/st/stm32cubeide_1.13.2/plugins/com.st.stm32cube.ide.mcu.externaltools.gnu-tools-for-stm32.11.3.rel1.linux64_1.1.1.202309131626/tools/bin/../lib/gcc/arm-none-eabi/11.3.1/thumb/v6-m/nofp/libgcc.a(_floatdidf.o)
                0x0000000008000640                __floatdidf
                0x0000000008000640                __aeabi_l2d
 .text          0x000000000800066c      0x198 /opt/st/stm32cubeide_1.13.2/plugins/com.st.stm32cube.ide.mcu.externaltools.gnu-tools-for-stm32.11.3.rel1.linux64_1.1.1.202309131626/tools/bin/../lib/gcc/arm-none-eabi/11.3.1/thumb/v6-m/nofp/libgcc.a(_udivmoddi4.o)
                0x000000000800066c                __udivmoddi4
 .text          0x0000000008000804       0x4c /opt/st/stm32cubeide_1.13.2/plugins/com.st.stm32cube.ide.mcu.externaltools.gnu-tools-for-stm32.11.3.rel1.linux64_1.1.1.202309131626/tools/bin/../lib/gcc/arm-none-eabi/11.3.1/thumb/v6-m/nofp/libgcc.a(eqsf2.o)
                0x0000000008000804                __nesf2
                0x0000000008000804                __eqsf2
 .text          0x0000000008000850       0x8c /opt/st/stm32cubeide_1.13.2/plugins/com.st.stm32cube.ide.mcu.externaltools.gnu-tools-for-stm32.11.3.rel1.linux64_1.1.1.202309131626/tools/bin/../lib/gcc/arm-none-eabi/11.3.1/thumb/v6-m/nofp/libgcc.a(gesf2.o)
                0x0000000008000850                __gtsf2
                0x0000000008000850                __gesf2
 .text          0x00000000080008dc       0x88 /opt/st/stm32cubeide_1.13.2/plugins/com.st.stm32cube.ide.mcu.externaltools.gnu-tools-for-stm32.11.3.rel1.linux64_1.1.1.202309131626/tools/bin/../lib/gcc/arm-none-eabi/11.3.1/thumb/v6-m/nofp/libgcc.a(lesf2.o)
                0x00000000080008dc                __lesf2
                0x00000000080008dc                __ltsf2
 .text          0x0000000008000964      0x29c /opt/st/stm32cubeide_1.13.2/plugins/com.st.stm32cube.ide.mcu.externaltools.gnu-tools-for-stm32.11.3.rel1.linux64_1.1.1.202309131626/tools/bin/../lib/gcc/arm-none-eabi/11.3.1/thumb/v6-m/nofp/libgcc.a(mulsf3.o)
                0x0000000008000964                __aeabi_fmul
 .text          0x0000000008000c00      0x340 /opt/st/stm32cubeide_1.13.2/plugins/com.st.stm32cube.ide.mcu.externaltools.gnu-tools-for-stm32.11.3.rel1.linux64_1.1.1.202309131626/tools/bin/../lib/gcc/arm-none-eabi/11.3.1/thumb/v6-m/nofp/libgcc.a(subsf3.o)
                0x0000000008000c00                __aeabi_fsub
 .text          0x0000000008000f40       0x40 /opt/st/stm32cubeide_1.13.2/plugins/com.st.stm32cube.ide.mcu.externaltools.gnu-tools-for-stm32.11.3.rel1.linux64_1.1.1.202309131626/tools/bin/../lib/gcc/arm-none-eabi/11.3.1/thumb/v6-m/nofp/libgcc.a(fixsfsi.o)
                0x0000000008000f40                __aeabi_f2iz
 .text          0x0000000008000f80       0x90 /opt/st/stm32cubeide_1.13.2/plugins/com.st.stm32cube.ide.mcu.externaltools.gnu-tools-for-stm32.11.3.rel1.linux64_1.1.1.202309131626/tools/bin/../lib/gcc/arm-none-eabi/11.3.1/thumb/v6-m/nofp/libgcc.a(floatunsisf.o)
                0x0000000008000f80                __aeabi_ui2f
 .text          0x0000000008001010      0x6c0 /opt/st/stm32cubeide_1.13.2/plugins/com.st.stm32cube.ide.mcu.externaltools.gnu-tools-for-stm32.11.3.rel1.linux64_1.1.1.202309131626/tools/bin/../lib/gcc/arm-none-eabi/11.3.1/thumb/v6-m/nofp/libgcc.a(adddf3.o)
                0x0000000008001010                __aeabi_dadd
 .text          0x00000000080016d0      0x5dc /opt/st/stm32cubeide_1.13.2/plugins/com.st.stm32cube.ide.mcu.externaltools.gnu-tools-for-stm32.11.3.rel1.linux64_1.1.1.202309131626/tools/bin/../lib/gcc/arm-none-eabi/11.3.1/thumb/v6-m/nofp/libgcc.a(divdf3.o)
                0x00000000080016d0                __aeabi_ddiv
 .text          0x0000000008001cac       0x84 /opt/st/stm32cubeide_1.13.2/plugins/com.st.stm32cube.ide.mcu.externaltools.gnu-tools-for-stm32.11.3.rel1.linux64_1.1.1.202309131626/tools/bin/../lib/gcc/arm-none-eabi/11.3.1/thumb/v6-m/nofp/libgcc.a(eqdf2.o)
                0x0000000008001cac                __eqdf2
                0x0000000008001cac                __nedf2
 .text          0x0000000008001d30       0xcc /opt/st/stm32cubeide_1.13.2/plugins/com.st.stm32cube.ide.mcu.externaltools.gnu-tools-for-stm32.11.3.rel1.linux64_1.1.1.202309131626/tools/bin/../lib/gcc/arm-none-eabi/11.3.1/thumb/v6-m/nofp/libgcc.a(gedf2.o)
                0x0000000008001d30                __gtdf2
                0x0000000008001d30                __gedf2
 .text          0x0000000008001dfc       0xc8 /opt/st/stm32cubeide_1.13.2/plugins/com.st.stm32cube.ide.mcu.externaltools.gnu-tools-for-stm32.11.3.rel1.linux64_1.1.1.202309131626/tools/bin/../lib/gcc/arm-none-eabi/11.3.1/thumb/v6-m/nofp/libgcc.a(ledf2.o)
                0x0000000008001dfc                __ltdf2
                0x0000000008001dfc                __ledf2
 .text          0x0000000008001ec4      0x584 /opt/st/stm32cubeide_1.13.2/plugins/com.st.stm32cube.ide.mcu.externaltools.gnu-tools-for-stm32.11.3.rel1.linux64_1.1.1.202309131626/tools/bin/../lib/gcc/arm-none-eabi/11.3.1/thumb/v6-m/nofp/libgcc.a(muldf3.o)
                0x0000000008001ec4                __aeabi_dmul
 .text          0x0000000008002448      0x704 /opt/st/stm32cubeide_1.13.2/plugins/com.st.stm32cube.ide.mcu.externaltools.gnu-tools-for-stm32.11.3.rel1.linux64_1.1.1.202309131626/tools/bin/../lib/gcc/arm-none-eabi/11.3.1/thumb/v6-m/nofp/libgcc.a(subdf3.o)
                0x0000000008002448                __aeabi_dsub
 .text          0x0000000008002b4c       0x6c /opt/st/stm32cubeide_1.13.2/plugins/com.st.stm32cube.ide.mcu.externaltools.gnu-tools-for-stm32.11.3.rel1.linux64_1.1.1.202309131626/tools/bin/../lib/gcc/arm-none-eabi/11.3.1/thumb/v6-m/nofp/libgcc.a(fixdfsi.o)
                0x0000000008002b4c                __aeabi_d2iz
 .text          0x0000000008002bb8       0x60 /opt/st/stm32cubeide_1.13.2/plugins/com.st.stm32cube.ide.mcu.externaltools.gnu-tools-for-stm32.11.3.rel1.linux64_1.1.1.202309131626/tools/bin/../lib/gcc/arm-none-eabi/11.3.1/thumb/v6-m/nofp/libgcc.a(floatsidf.o)
                0x0000000008002bb8                __aeabi_i2d
 .text          0x0000000008002c18       0x4c /opt/st/stm32cubeide_1.13.2/plugins/com.st.stm32cube.ide.mcu.externaltools.gnu-tools-for-stm32.11.3.rel1.linux64_1.1.1.202309131626/tools/bin/../lib/gcc/arm-none-eabi/11.3.1/thumb/v6-m/nofp/libgcc.a(floatunsidf.o)
                0x0000000008002c18                __aeabi_ui2d
 .text          0x0000000008002c64       0x90 /opt/st/stm32cubeide_1.13.2/plugins/com.st.stm32cube.ide.mcu.externaltools.gnu-tools-for-stm32.11.3.rel1.linux64_1.1.1.202309131626/tools/bin/../lib/gcc/arm-none-eabi/11.3.1/thumb/v6-m/nofp/libgcc.a(extendsfdf2.o)
                0x0000000008002c64                __aeabi_f2d
 .text          0x0000000008002cf4      0x10c /opt/st/stm32cubeide_1.13.2/plugins/com.st.stm32cube.ide.mcu.externaltools.gnu-tools-for-stm32.11.3.rel1.linux64_1.1.1.202309131626/tools/bin/../lib/gcc/arm-none-eabi/11.3.1/thumb/v6-m/nofp/libgcc.a(truncdfsf2.o)
                0x0000000008002cf4                __aeabi_d2f
 .text          0x0000000008002e00       0x3c /opt/st/stm32cubeide_1.13.2/plugins/com.st.stm32cube.ide.mcu.externaltools.gnu-tools-for-stm32.11.3.rel1.linux64_1.1.1.202309131626/tools/bin/../lib/gcc/arm-none-eabi/11.3.1/thumb/v6-m/nofp/libgcc.a(_clzsi2.o)
                0x0000000008002e00                __clzsi2
 .text          0x0000000008002e3c       0x18 /opt/st/stm32cubeide_1.13.2/plugins/com.st.stm32cube.ide.mcu.externaltools.gnu-tools-for-stm32.11.3.rel1.linux64_1.1.1.202309131626/tools/bin/../lib/gcc/arm-none-eabi/11.3.1/thumb/v6-m/nofp/libgcc.a(_clzdi2.o)
                0x0000000008002e3c                __clzdi2
 *(.text*)
 .text.HAL_Init
                0x0000000008002e54       0x40 ./Drivers/STM32G0xx_HAL_Driver/Src/stm32g0xx_hal.o
                0x0000000008002e54                HAL_Init
 .text.HAL_IncTick
                0x0000000008002e94       0x24 ./Drivers/STM32G0xx_HAL_Driver/Src/stm32g0xx_hal.o
                0x0000000008002e94                HAL_IncTick
 .text.HAL_GetTick
                0x0000000008002eb8       0x14 ./Drivers/STM32G0xx_HAL_Driver/Src/stm32g0xx_hal.o
                0x0000000008002eb8                HAL_GetTick
 .text.HAL_Delay
                0x0000000008002ecc       0x48 ./Drivers/STM32G0xx_HAL_Driver/Src/stm32g0xx_hal.o
                0x0000000008002ecc                HAL_Delay
 .text.HAL_SYSCFG_StrobeDBattpinsConfig
                0x0000000008002f14       0x2c ./Drivers/STM32G0xx_HAL_Driver/Src/stm32g0xx_hal.o
                0x0000000008002f14                HAL_SYSCFG_StrobeDBattpinsConfig
 .text.LL_ADC_SetCommonPathInternalCh
                0x0000000008002f40       0x28 ./Drivers/STM32G0xx_HAL_Driver/Src/stm32g0xx_hal_adc.o
 .text.LL_ADC_GetCommonPathInternalCh
                0x0000000008002f68       0x1a ./Drivers/STM32G0xx_HAL_Driver/Src/stm32g0xx_hal_adc.o
 .text.LL_ADC_SetSamplingTimeCommonChannels
                0x0000000008002f82       0x3a ./Drivers/STM32G0xx_HAL_Driver/Src/stm32g0xx_hal_adc.o
 .text.LL_ADC_GetSamplingTimeCommonChannels
                0x0000000008002fbc       0x2e ./Drivers/STM32G0xx_HAL_Driver/Src/stm32g0xx_hal_adc.o
 .text.LL_ADC_REG_IsTriggerSourceSWStart
                0x0000000008002fea       0x22 ./Drivers/STM32G0xx_HAL_Driver/Src/stm32g0xx_hal_adc.o
 .text.LL_ADC_REG_SetSequencerRanks
                0x000000000800300c       0x40 ./Drivers/STM32G0xx_HAL_Driver/Src/stm32g0xx_hal_adc.o
 .text.LL_ADC_REG_SetSequencerChAdd
                0x000000000800304c       0x22 ./Drivers/STM32G0xx_HAL_Driver/Src/stm32g0xx_hal_adc.o
 .text.LL_ADC_REG_SetSequencerChRem
                0x000000000800306e       0x24 ./Drivers/STM32G0xx_HAL_Driver/Src/stm32g0xx_hal_adc.o
 .text.LL_ADC_REG_GetDMATransfer
                0x0000000008003092       0x18 ./Drivers/STM32G0xx_HAL_Driver/Src/stm32g0xx_hal_adc.o
 *fill*         0x00000000080030aa        0x2 
 .text.LL_ADC_SetChannelSamplingTime
                0x00000000080030ac       0x38 ./Drivers/STM32G0xx_HAL_Driver/Src/stm32g0xx_hal_adc.o
 .text.LL_ADC_EnableInternalRegulator
                0x00000000080030e4       0x28 ./Drivers/STM32G0xx_HAL_Driver/Src/stm32g0xx_hal_adc.o
 .text.LL_ADC_IsInternalRegulatorEnabled
                0x000000000800310c       0x28 ./Drivers/STM32G0xx_HAL_Driver/Src/stm32g0xx_hal_adc.o
 .text.LL_ADC_Enable
                0x0000000008003134       0x24 ./Drivers/STM32G0xx_HAL_Driver/Src/stm32g0xx_hal_adc.o
 .text.LL_ADC_Disable
                0x0000000008003158       0x24 ./Drivers/STM32G0xx_HAL_Driver/Src/stm32g0xx_hal_adc.o
 .text.LL_ADC_IsEnabled
                0x000000000800317c       0x22 ./Drivers/STM32G0xx_HAL_Driver/Src/stm32g0xx_hal_adc.o
 .text.LL_ADC_IsDisableOngoing
                0x000000000800319e       0x22 ./Drivers/STM32G0xx_HAL_Driver/Src/stm32g0xx_hal_adc.o
 .text.LL_ADC_REG_StartConversion
                0x00000000080031c0       0x24 ./Drivers/STM32G0xx_HAL_Driver/Src/stm32g0xx_hal_adc.o
 .text.LL_ADC_REG_IsConversionOngoing
                0x00000000080031e4       0x22 ./Drivers/STM32G0xx_HAL_Driver/Src/stm32g0xx_hal_adc.o
 *fill*         0x0000000008003206        0x2 
 .text.HAL_ADC_Init
                0x0000000008003208      0x350 ./Drivers/STM32G0xx_HAL_Driver/Src/stm32g0xx_hal_adc.o
                0x0000000008003208                HAL_ADC_Init
 .text.HAL_ADC_Start_DMA
                0x0000000008003558      0x11c ./Drivers/STM32G0xx_HAL_Driver/Src/stm32g0xx_hal_adc.o
                0x0000000008003558                HAL_ADC_Start_DMA
 .text.HAL_ADC_IRQHandler
                0x0000000008003674      0x230 ./Drivers/STM32G0xx_HAL_Driver/Src/stm32g0xx_hal_adc.o
                0x0000000008003674                HAL_ADC_IRQHandler
 .text.HAL_ADC_ConvCpltCallback
                0x00000000080038a4       0x10 ./Drivers/STM32G0xx_HAL_Driver/Src/stm32g0xx_hal_adc.o
                0x00000000080038a4                HAL_ADC_ConvCpltCallback
 .text.HAL_ADC_ConvHalfCpltCallback
                0x00000000080038b4       0x10 ./Drivers/STM32G0xx_HAL_Driver/Src/stm32g0xx_hal_adc.o
                0x00000000080038b4                HAL_ADC_ConvHalfCpltCallback
 .text.HAL_ADC_LevelOutOfWindowCallback
                0x00000000080038c4       0x10 ./Drivers/STM32G0xx_HAL_Driver/Src/stm32g0xx_hal_adc.o
                0x00000000080038c4                HAL_ADC_LevelOutOfWindowCallback
 .text.HAL_ADC_ErrorCallback
                0x00000000080038d4       0x10 ./Drivers/STM32G0xx_HAL_Driver/Src/stm32g0xx_hal_adc.o
                0x00000000080038d4                HAL_ADC_ErrorCallback
 .text.HAL_ADC_ConfigChannel
                0x00000000080038e4      0x3b0 ./Drivers/STM32G0xx_HAL_Driver/Src/stm32g0xx_hal_adc.o
                0x00000000080038e4                HAL_ADC_ConfigChannel
 .text.ADC_Enable
                0x0000000008003c94      0x10c ./Drivers/STM32G0xx_HAL_Driver/Src/stm32g0xx_hal_adc.o
                0x0000000008003c94                ADC_Enable
 .text.ADC_Disable
                0x0000000008003da0       0xbc ./Drivers/STM32G0xx_HAL_Driver/Src/stm32g0xx_hal_adc.o
                0x0000000008003da0                ADC_Disable
 .text.ADC_DMAConvCplt
                0x0000000008003e5c       0xc8 ./Drivers/STM32G0xx_HAL_Driver/Src/stm32g0xx_hal_adc.o
 .text.ADC_DMAHalfConvCplt
                0x0000000008003f24       0x1e ./Drivers/STM32G0xx_HAL_Driver/Src/stm32g0xx_hal_adc.o
 .text.ADC_DMAError
                0x0000000008003f42       0x36 ./Drivers/STM32G0xx_HAL_Driver/Src/stm32g0xx_hal_adc.o
 .text.LL_ADC_SetCalibrationFactor
                0x0000000008003f78       0x28 ./Drivers/STM32G0xx_HAL_Driver/Src/stm32g0xx_hal_adc_ex.o
 .text.LL_ADC_GetCalibrationFactor
                0x0000000008003fa0       0x1a ./Drivers/STM32G0xx_HAL_Driver/Src/stm32g0xx_hal_adc_ex.o
 *fill*         0x0000000008003fba        0x2 
 .text.LL_ADC_Enable
                0x0000000008003fbc       0x24 ./Drivers/STM32G0xx_HAL_Driver/Src/stm32g0xx_hal_adc_ex.o
 .text.LL_ADC_Disable
                0x0000000008003fe0       0x24 ./Drivers/STM32G0xx_HAL_Driver/Src/stm32g0xx_hal_adc_ex.o
 .text.LL_ADC_IsEnabled
                0x0000000008004004       0x22 ./Drivers/STM32G0xx_HAL_Driver/Src/stm32g0xx_hal_adc_ex.o
 *fill*         0x0000000008004026        0x2 
 .text.LL_ADC_StartCalibration
                0x0000000008004028       0x28 ./Drivers/STM32G0xx_HAL_Driver/Src/stm32g0xx_hal_adc_ex.o
 .text.LL_ADC_IsCalibrationOnGoing
                0x0000000008004050       0x26 ./Drivers/STM32G0xx_HAL_Driver/Src/stm32g0xx_hal_adc_ex.o
 *fill*         0x0000000008004076        0x2 
 .text.HAL_ADCEx_Calibration_Start
                0x0000000008004078      0x1ac ./Drivers/STM32G0xx_HAL_Driver/Src/stm32g0xx_hal_adc_ex.o
                0x0000000008004078                HAL_ADCEx_Calibration_Start
 .text.HAL_ADCEx_LevelOutOfWindow2Callback
                0x0000000008004224       0x10 ./Drivers/STM32G0xx_HAL_Driver/Src/stm32g0xx_hal_adc_ex.o
                0x0000000008004224                HAL_ADCEx_LevelOutOfWindow2Callback
 .text.HAL_ADCEx_LevelOutOfWindow3Callback
                0x0000000008004234       0x10 ./Drivers/STM32G0xx_HAL_Driver/Src/stm32g0xx_hal_adc_ex.o
                0x0000000008004234                HAL_ADCEx_LevelOutOfWindow3Callback
 .text.HAL_ADCEx_EndOfSamplingCallback
                0x0000000008004244       0x10 ./Drivers/STM32G0xx_HAL_Driver/Src/stm32g0xx_hal_adc_ex.o
                0x0000000008004244                HAL_ADCEx_EndOfSamplingCallback
 .text.HAL_ADCEx_ChannelConfigReadyCallback
                0x0000000008004254       0x10 ./Drivers/STM32G0xx_HAL_Driver/Src/stm32g0xx_hal_adc_ex.o
                0x0000000008004254                HAL_ADCEx_ChannelConfigReadyCallback
 .text.LL_EXTI_EnableIT_0_31
                0x0000000008004264       0x24 ./Drivers/STM32G0xx_HAL_Driver/Src/stm32g0xx_hal_comp.o
 .text.LL_EXTI_DisableIT_0_31
                0x0000000008004288       0x28 ./Drivers/STM32G0xx_HAL_Driver/Src/stm32g0xx_hal_comp.o
 .text.LL_EXTI_EnableEvent_0_31
                0x00000000080042b0       0x24 ./Drivers/STM32G0xx_HAL_Driver/Src/stm32g0xx_hal_comp.o
 .text.LL_EXTI_DisableEvent_0_31
                0x00000000080042d4       0x28 ./Drivers/STM32G0xx_HAL_Driver/Src/stm32g0xx_hal_comp.o
 .text.LL_EXTI_EnableRisingTrig_0_31
                0x00000000080042fc       0x20 ./Drivers/STM32G0xx_HAL_Driver/Src/stm32g0xx_hal_comp.o
 .text.LL_EXTI_DisableRisingTrig_0_31
                0x000000000800431c       0x24 ./Drivers/STM32G0xx_HAL_Driver/Src/stm32g0xx_hal_comp.o
 .text.LL_EXTI_EnableFallingTrig_0_31
                0x0000000008004340       0x20 ./Drivers/STM32G0xx_HAL_Driver/Src/stm32g0xx_hal_comp.o
 .text.LL_EXTI_DisableFallingTrig_0_31
                0x0000000008004360       0x24 ./Drivers/STM32G0xx_HAL_Driver/Src/stm32g0xx_hal_comp.o
 .text.LL_EXTI_IsActiveFallingFlag_0_31
                0x0000000008004384       0x28 ./Drivers/STM32G0xx_HAL_Driver/Src/stm32g0xx_hal_comp.o
 .text.LL_EXTI_ClearFallingFlag_0_31
                0x00000000080043ac       0x1c ./Drivers/STM32G0xx_HAL_Driver/Src/stm32g0xx_hal_comp.o
 .text.LL_EXTI_IsActiveRisingFlag_0_31
                0x00000000080043c8       0x28 ./Drivers/STM32G0xx_HAL_Driver/Src/stm32g0xx_hal_comp.o
 .text.LL_EXTI_ClearRisingFlag_0_31
                0x00000000080043f0       0x1c ./Drivers/STM32G0xx_HAL_Driver/Src/stm32g0xx_hal_comp.o
 .text.HAL_COMP_Init
                0x000000000800440c      0x2c4 ./Drivers/STM32G0xx_HAL_Driver/Src/stm32g0xx_hal_comp.o
                0x000000000800440c                HAL_COMP_Init
 .text.HAL_COMP_Start
                0x00000000080046d0       0xa4 ./Drivers/STM32G0xx_HAL_Driver/Src/stm32g0xx_hal_comp.o
                0x00000000080046d0                HAL_COMP_Start
 .text.HAL_COMP_IRQHandler
                0x0000000008004774       0xa8 ./Drivers/STM32G0xx_HAL_Driver/Src/stm32g0xx_hal_comp.o
                0x0000000008004774                HAL_COMP_IRQHandler
 .text.HAL_COMP_GetOutputLevel
                0x000000000800481c       0x1c ./Drivers/STM32G0xx_HAL_Driver/Src/stm32g0xx_hal_comp.o
                0x000000000800481c                HAL_COMP_GetOutputLevel
 .text.__NVIC_EnableIRQ
                0x0000000008004838       0x34 ./Drivers/STM32G0xx_HAL_Driver/Src/stm32g0xx_hal_cortex.o
 .text.__NVIC_SetPriority
                0x000000000800486c       0xdc ./Drivers/STM32G0xx_HAL_Driver/Src/stm32g0xx_hal_cortex.o
 .text.HAL_NVIC_SetPriority
                0x0000000008004948       0x2a ./Drivers/STM32G0xx_HAL_Driver/Src/stm32g0xx_hal_cortex.o
                0x0000000008004948                HAL_NVIC_SetPriority
 .text.HAL_NVIC_EnableIRQ
                0x0000000008004972       0x20 ./Drivers/STM32G0xx_HAL_Driver/Src/stm32g0xx_hal_cortex.o
                0x0000000008004972                HAL_NVIC_EnableIRQ
 *fill*         0x0000000008004992        0x2 
 .text.HAL_DMA_Init
                0x0000000008004994      0x114 ./Drivers/STM32G0xx_HAL_Driver/Src/stm32g0xx_hal_dma.o
                0x0000000008004994                HAL_DMA_Init
 .text.HAL_DMA_Start_IT
                0x0000000008004aa8      0x10c ./Drivers/STM32G0xx_HAL_Driver/Src/stm32g0xx_hal_dma.o
                0x0000000008004aa8                HAL_DMA_Start_IT
 .text.HAL_DMA_Abort
                0x0000000008004bb4       0xc4 ./Drivers/STM32G0xx_HAL_Driver/Src/stm32g0xx_hal_dma.o
                0x0000000008004bb4                HAL_DMA_Abort
 .text.HAL_DMA_Abort_IT
                0x0000000008004c78       0xd4 ./Drivers/STM32G0xx_HAL_Driver/Src/stm32g0xx_hal_dma.o
                0x0000000008004c78                HAL_DMA_Abort_IT
 .text.HAL_DMA_IRQHandler
                0x0000000008004d4c      0x164 ./Drivers/STM32G0xx_HAL_Driver/Src/stm32g0xx_hal_dma.o
                0x0000000008004d4c                HAL_DMA_IRQHandler
 .text.DMA_SetConfig
                0x0000000008004eb0       0x80 ./Drivers/STM32G0xx_HAL_Driver/Src/stm32g0xx_hal_dma.o
 .text.DMA_CalcDMAMUXChannelBaseAndMask
                0x0000000008004f30       0x58 ./Drivers/STM32G0xx_HAL_Driver/Src/stm32g0xx_hal_dma.o
 .text.DMA_CalcDMAMUXRequestGenBaseAndMask
                0x0000000008004f88       0x48 ./Drivers/STM32G0xx_HAL_Driver/Src/stm32g0xx_hal_dma.o
 .text.HAL_GPIO_Init
                0x0000000008004fd0      0x2c8 ./Drivers/STM32G0xx_HAL_Driver/Src/stm32g0xx_hal_gpio.o
                0x0000000008004fd0                HAL_GPIO_Init
 .text.HAL_GPIO_ReadPin
                0x0000000008005298       0x3a ./Drivers/STM32G0xx_HAL_Driver/Src/stm32g0xx_hal_gpio.o
                0x0000000008005298                HAL_GPIO_ReadPin
 .text.HAL_GPIO_WritePin
                0x00000000080052d2       0x3a ./Drivers/STM32G0xx_HAL_Driver/Src/stm32g0xx_hal_gpio.o
                0x00000000080052d2                HAL_GPIO_WritePin
 .text.HAL_GPIO_EXTI_IRQHandler
                0x000000000800530c       0x54 ./Drivers/STM32G0xx_HAL_Driver/Src/stm32g0xx_hal_gpio.o
                0x000000000800530c                HAL_GPIO_EXTI_IRQHandler
 .text.HAL_GPIO_EXTI_Falling_Callback
                0x0000000008005360       0x14 ./Drivers/STM32G0xx_HAL_Driver/Src/stm32g0xx_hal_gpio.o
                0x0000000008005360                HAL_GPIO_EXTI_Falling_Callback
 .text.HAL_I2C_Init
                0x0000000008005374      0x12c ./Drivers/STM32G0xx_HAL_Driver/Src/stm32g0xx_hal_i2c.o
                0x0000000008005374                HAL_I2C_Init
 .text.HAL_I2C_Mem_Write
                0x00000000080054a0      0x25c ./Drivers/STM32G0xx_HAL_Driver/Src/stm32g0xx_hal_i2c.o
                0x00000000080054a0                HAL_I2C_Mem_Write
 .text.HAL_I2C_Mem_Read
                0x00000000080056fc      0x268 ./Drivers/STM32G0xx_HAL_Driver/Src/stm32g0xx_hal_i2c.o
                0x00000000080056fc                HAL_I2C_Mem_Read
 .text.I2C_RequestMemoryWrite
                0x0000000008005964       0xc8 ./Drivers/STM32G0xx_HAL_Driver/Src/stm32g0xx_hal_i2c.o
 .text.I2C_RequestMemoryRead
                0x0000000008005a2c       0xc4 ./Drivers/STM32G0xx_HAL_Driver/Src/stm32g0xx_hal_i2c.o
 .text.I2C_Flush_TXDR
                0x0000000008005af0       0x44 ./Drivers/STM32G0xx_HAL_Driver/Src/stm32g0xx_hal_i2c.o
 .text.I2C_WaitOnFlagUntilTimeout
                0x0000000008005b34       0x7e ./Drivers/STM32G0xx_HAL_Driver/Src/stm32g0xx_hal_i2c.o
 .text.I2C_WaitOnTXISFlagUntilTimeout
                0x0000000008005bb2       0x7e ./Drivers/STM32G0xx_HAL_Driver/Src/stm32g0xx_hal_i2c.o
 .text.I2C_WaitOnSTOPFlagUntilTimeout
                0x0000000008005c30       0x78 ./Drivers/STM32G0xx_HAL_Driver/Src/stm32g0xx_hal_i2c.o
 .text.I2C_IsErrorOccurred
                0x0000000008005ca8      0x200 ./Drivers/STM32G0xx_HAL_Driver/Src/stm32g0xx_hal_i2c.o
 .text.I2C_TransferConfig
                0x0000000008005ea8       0x74 ./Drivers/STM32G0xx_HAL_Driver/Src/stm32g0xx_hal_i2c.o
 .text.HAL_I2CEx_ConfigAnalogFilter
                0x0000000008005f1c       0x98 ./Drivers/STM32G0xx_HAL_Driver/Src/stm32g0xx_hal_i2c_ex.o
                0x0000000008005f1c                HAL_I2CEx_ConfigAnalogFilter
 .text.HAL_I2CEx_ConfigDigitalFilter
                0x0000000008005fb4       0x98 ./Drivers/STM32G0xx_HAL_Driver/Src/stm32g0xx_hal_i2c_ex.o
                0x0000000008005fb4                HAL_I2CEx_ConfigDigitalFilter
 .text.HAL_PWREx_ControlVoltageScaling
                0x000000000800604c       0x80 ./Drivers/STM32G0xx_HAL_Driver/Src/stm32g0xx_hal_pwr_ex.o
                0x000000000800604c                HAL_PWREx_ControlVoltageScaling
 .text.LL_RCC_GetAPB1Prescaler
                0x00000000080060cc       0x18 ./Drivers/STM32G0xx_HAL_Driver/Src/stm32g0xx_hal_rcc.o
 .text.HAL_RCC_OscConfig
                0x00000000080060e4      0x634 ./Drivers/STM32G0xx_HAL_Driver/Src/stm32g0xx_hal_rcc.o
                0x00000000080060e4                HAL_RCC_OscConfig
 .text.HAL_RCC_ClockConfig
                0x0000000008006718      0x210 ./Drivers/STM32G0xx_HAL_Driver/Src/stm32g0xx_hal_rcc.o
                0x0000000008006718                HAL_RCC_ClockConfig
 .text.HAL_RCC_GetSysClockFreq
                0x0000000008006928      0x100 ./Drivers/STM32G0xx_HAL_Driver/Src/stm32g0xx_hal_rcc.o
                0x0000000008006928                HAL_RCC_GetSysClockFreq
 .text.HAL_RCC_GetHCLKFreq
                0x0000000008006a28       0x14 ./Drivers/STM32G0xx_HAL_Driver/Src/stm32g0xx_hal_rcc.o
                0x0000000008006a28                HAL_RCC_GetHCLKFreq
 .text.HAL_RCC_GetPCLK1Freq
                0x0000000008006a3c       0x2c ./Drivers/STM32G0xx_HAL_Driver/Src/stm32g0xx_hal_rcc.o
                0x0000000008006a3c                HAL_RCC_GetPCLK1Freq
 .text.HAL_RCC_GetClockConfig
                0x0000000008006a68       0x54 ./Drivers/STM32G0xx_HAL_Driver/Src/stm32g0xx_hal_rcc.o
                0x0000000008006a68                HAL_RCC_GetClockConfig
 .text.HAL_RCCEx_PeriphCLKConfig
                0x0000000008006abc      0x370 ./Drivers/STM32G0xx_HAL_Driver/Src/stm32g0xx_hal_rcc_ex.o
                0x0000000008006abc                HAL_RCCEx_PeriphCLKConfig
 .text.HAL_TIM_Base_Init
                0x0000000008006e2c       0xb0 ./Drivers/STM32G0xx_HAL_Driver/Src/stm32g0xx_hal_tim.o
                0x0000000008006e2c                HAL_TIM_Base_Init
 .text.HAL_TIM_Base_Start
                0x0000000008006edc       0xa8 ./Drivers/STM32G0xx_HAL_Driver/Src/stm32g0xx_hal_tim.o
                0x0000000008006edc                HAL_TIM_Base_Start
 .text.HAL_TIM_Base_Start_IT
                0x0000000008006f84       0xb8 ./Drivers/STM32G0xx_HAL_Driver/Src/stm32g0xx_hal_tim.o
                0x0000000008006f84                HAL_TIM_Base_Start_IT
 .text.HAL_TIM_PWM_Init
                0x000000000800703c       0xb0 ./Drivers/STM32G0xx_HAL_Driver/Src/stm32g0xx_hal_tim.o
                0x000000000800703c                HAL_TIM_PWM_Init
 .text.HAL_TIM_PWM_MspInit
                0x00000000080070ec       0x10 ./Drivers/STM32G0xx_HAL_Driver/Src/stm32g0xx_hal_tim.o
                0x00000000080070ec                HAL_TIM_PWM_MspInit
 .text.HAL_TIM_PWM_Start
                0x00000000080070fc      0x1d4 ./Drivers/STM32G0xx_HAL_Driver/Src/stm32g0xx_hal_tim.o
                0x00000000080070fc                HAL_TIM_PWM_Start
 .text.HAL_TIM_IRQHandler
                0x00000000080072d0      0x264 ./Drivers/STM32G0xx_HAL_Driver/Src/stm32g0xx_hal_tim.o
                0x00000000080072d0                HAL_TIM_IRQHandler
 .text.HAL_TIM_PWM_ConfigChannel
                0x0000000008007534      0x200 ./Drivers/STM32G0xx_HAL_Driver/Src/stm32g0xx_hal_tim.o
                0x0000000008007534                HAL_TIM_PWM_ConfigChannel
 .text.HAL_TIM_ConfigClockSource
                0x0000000008007734      0x1ac ./Drivers/STM32G0xx_HAL_Driver/Src/stm32g0xx_hal_tim.o
                0x0000000008007734                HAL_TIM_ConfigClockSource
 .text.HAL_TIM_OC_DelayElapsedCallback
                0x00000000080078e0       0x10 ./Drivers/STM32G0xx_HAL_Driver/Src/stm32g0xx_hal_tim.o
                0x00000000080078e0                HAL_TIM_OC_DelayElapsedCallback
 .text.HAL_TIM_IC_CaptureCallback
                0x00000000080078f0       0x10 ./Drivers/STM32G0xx_HAL_Driver/Src/stm32g0xx_hal_tim.o
                0x00000000080078f0                HAL_TIM_IC_CaptureCallback
 .text.HAL_TIM_PWM_PulseFinishedCallback
                0x0000000008007900       0x10 ./Drivers/STM32G0xx_HAL_Driver/Src/stm32g0xx_hal_tim.o
                0x0000000008007900                HAL_TIM_PWM_PulseFinishedCallback
 .text.HAL_TIM_TriggerCallback
                0x0000000008007910       0x10 ./Drivers/STM32G0xx_HAL_Driver/Src/stm32g0xx_hal_tim.o
                0x0000000008007910                HAL_TIM_TriggerCallback
 .text.TIM_Base_SetConfig
                0x0000000008007920      0x100 ./Drivers/STM32G0xx_HAL_Driver/Src/stm32g0xx_hal_tim.o
                0x0000000008007920                TIM_Base_SetConfig
 .text.TIM_OC1_SetConfig
                0x0000000008007a20      0x114 ./Drivers/STM32G0xx_HAL_Driver/Src/stm32g0xx_hal_tim.o
 .text.TIM_OC2_SetConfig
                0x0000000008007b34      0x108 ./Drivers/STM32G0xx_HAL_Driver/Src/stm32g0xx_hal_tim.o
                0x0000000008007b34                TIM_OC2_SetConfig
 .text.TIM_OC3_SetConfig
                0x0000000008007c3c      0x110 ./Drivers/STM32G0xx_HAL_Driver/Src/stm32g0xx_hal_tim.o
 .text.TIM_OC4_SetConfig
                0x0000000008007d4c       0xd4 ./Drivers/STM32G0xx_HAL_Driver/Src/stm32g0xx_hal_tim.o
 .text.TIM_OC5_SetConfig
                0x0000000008007e20       0xc0 ./Drivers/STM32G0xx_HAL_Driver/Src/stm32g0xx_hal_tim.o
 .text.TIM_OC6_SetConfig
                0x0000000008007ee0       0xc8 ./Drivers/STM32G0xx_HAL_Driver/Src/stm32g0xx_hal_tim.o
 .text.TIM_TI1_ConfigInputStage
                0x0000000008007fa8       0x5c ./Drivers/STM32G0xx_HAL_Driver/Src/stm32g0xx_hal_tim.o
 .text.TIM_TI2_ConfigInputStage
                0x0000000008008004       0x64 ./Drivers/STM32G0xx_HAL_Driver/Src/stm32g0xx_hal_tim.o
 .text.TIM_ITRx_SetConfig
                0x0000000008008068       0x38 ./Drivers/STM32G0xx_HAL_Driver/Src/stm32g0xx_hal_tim.o
 .text.TIM_ETR_SetConfig
                0x00000000080080a0       0x40 ./Drivers/STM32G0xx_HAL_Driver/Src/stm32g0xx_hal_tim.o
                0x00000000080080a0                TIM_ETR_SetConfig
 .text.TIM_CCxChannelCmd
                0x00000000080080e0       0x46 ./Drivers/STM32G0xx_HAL_Driver/Src/stm32g0xx_hal_tim.o
                0x00000000080080e0                TIM_CCxChannelCmd
 *fill*         0x0000000008008126        0x2 
 .text.HAL_TIMEx_MasterConfigSynchronization
                0x0000000008008128       0xdc ./Drivers/STM32G0xx_HAL_Driver/Src/stm32g0xx_hal_tim_ex.o
                0x0000000008008128                HAL_TIMEx_MasterConfigSynchronization
 .text.HAL_TIMEx_CommutCallback
                0x0000000008008204       0x10 ./Drivers/STM32G0xx_HAL_Driver/Src/stm32g0xx_hal_tim_ex.o
                0x0000000008008204                HAL_TIMEx_CommutCallback
 .text.HAL_TIMEx_BreakCallback
                0x0000000008008214       0x10 ./Drivers/STM32G0xx_HAL_Driver/Src/stm32g0xx_hal_tim_ex.o
                0x0000000008008214                HAL_TIMEx_BreakCallback
 .text.HAL_TIMEx_Break2Callback
                0x0000000008008224       0x10 ./Drivers/STM32G0xx_HAL_Driver/Src/stm32g0xx_hal_tim_ex.o
                0x0000000008008224                HAL_TIMEx_Break2Callback
 .text.HAL_UART_Init
                0x0000000008008234       0xac ./Drivers/STM32G0xx_HAL_Driver/Src/stm32g0xx_hal_uart.o
                0x0000000008008234                HAL_UART_Init
 .text.HAL_UART_Receive_IT
                0x00000000080082e0       0xbc ./Drivers/STM32G0xx_HAL_Driver/Src/stm32g0xx_hal_uart.o
                0x00000000080082e0                HAL_UART_Receive_IT
 .text.HAL_UART_IRQHandler
                0x000000000800839c      0x64c ./Drivers/STM32G0xx_HAL_Driver/Src/stm32g0xx_hal_uart.o
                0x000000000800839c                HAL_UART_IRQHandler
 .text.HAL_UART_TxCpltCallback
                0x00000000080089e8       0x10 ./Drivers/STM32G0xx_HAL_Driver/Src/stm32g0xx_hal_uart.o
                0x00000000080089e8                HAL_UART_TxCpltCallback
 .text.HAL_UART_ErrorCallback
                0x00000000080089f8       0x10 ./Drivers/STM32G0xx_HAL_Driver/Src/stm32g0xx_hal_uart.o
                0x00000000080089f8                HAL_UART_ErrorCallback
 .text.HAL_UARTEx_RxEventCallback
                0x0000000008008a08       0x16 ./Drivers/STM32G0xx_HAL_Driver/Src/stm32g0xx_hal_uart.o
                0x0000000008008a08                HAL_UARTEx_RxEventCallback
 *fill*         0x0000000008008a1e        0x2 
 .text.UART_SetConfig
                0x0000000008008a20      0x57c ./Drivers/STM32G0xx_HAL_Driver/Src/stm32g0xx_hal_uart.o
                0x0000000008008a20                UART_SetConfig
 .text.UART_AdvFeatureConfig
                0x0000000008008f9c      0x168 ./Drivers/STM32G0xx_HAL_Driver/Src/stm32g0xx_hal_uart.o
                0x0000000008008f9c                UART_AdvFeatureConfig
 .text.UART_CheckIdleState
                0x0000000008009104       0x9c ./Drivers/STM32G0xx_HAL_Driver/Src/stm32g0xx_hal_uart.o
                0x0000000008009104                UART_CheckIdleState
 .text.UART_WaitOnFlagUntilTimeout
                0x00000000080091a0      0x190 ./Drivers/STM32G0xx_HAL_Driver/Src/stm32g0xx_hal_uart.o
                0x00000000080091a0                UART_WaitOnFlagUntilTimeout
 .text.UART_Start_Receive_IT
                0x0000000008009330      0x248 ./Drivers/STM32G0xx_HAL_Driver/Src/stm32g0xx_hal_uart.o
                0x0000000008009330                UART_Start_Receive_IT
 .text.UART_EndRxTransfer
                0x0000000008009578       0xcc ./Drivers/STM32G0xx_HAL_Driver/Src/stm32g0xx_hal_uart.o
 .text.UART_DMAAbortOnError
                0x0000000008009644       0x2e ./Drivers/STM32G0xx_HAL_Driver/Src/stm32g0xx_hal_uart.o
 .text.UART_EndTransmit_IT
                0x0000000008009672       0x58 ./Drivers/STM32G0xx_HAL_Driver/Src/stm32g0xx_hal_uart.o
 *fill*         0x00000000080096ca        0x2 
 .text.UART_RxISR_8BIT
                0x00000000080096cc      0x174 ./Drivers/STM32G0xx_HAL_Driver/Src/stm32g0xx_hal_uart.o
 .text.UART_RxISR_16BIT
                0x0000000008009840      0x174 ./Drivers/STM32G0xx_HAL_Driver/Src/stm32g0xx_hal_uart.o
 .text.UART_RxISR_8BIT_FIFOEN
                0x00000000080099b4      0x2ec ./Drivers/STM32G0xx_HAL_Driver/Src/stm32g0xx_hal_uart.o
 .text.UART_RxISR_16BIT_FIFOEN
                0x0000000008009ca0      0x2ec ./Drivers/STM32G0xx_HAL_Driver/Src/stm32g0xx_hal_uart.o
 .text.HAL_UARTEx_WakeupCallback
                0x0000000008009f8c       0x10 ./Drivers/STM32G0xx_HAL_Driver/Src/stm32g0xx_hal_uart_ex.o
                0x0000000008009f8c                HAL_UARTEx_WakeupCallback
 .text.HAL_UARTEx_RxFifoFullCallback
                0x0000000008009f9c       0x10 ./Drivers/STM32G0xx_HAL_Driver/Src/stm32g0xx_hal_uart_ex.o
                0x0000000008009f9c                HAL_UARTEx_RxFifoFullCallback
 .text.HAL_UARTEx_TxFifoEmptyCallback
                0x0000000008009fac       0x10 ./Drivers/STM32G0xx_HAL_Driver/Src/stm32g0xx_hal_uart_ex.o
                0x0000000008009fac                HAL_UARTEx_TxFifoEmptyCallback
 .text.HAL_UARTEx_DisableFifoMode
                0x0000000008009fbc       0x74 ./Drivers/STM32G0xx_HAL_Driver/Src/stm32g0xx_hal_uart_ex.o
                0x0000000008009fbc                HAL_UARTEx_DisableFifoMode
 .text.HAL_UARTEx_SetTxFifoThreshold
                0x000000000800a030       0x7e ./Drivers/STM32G0xx_HAL_Driver/Src/stm32g0xx_hal_uart_ex.o
                0x000000000800a030                HAL_UARTEx_SetTxFifoThreshold
 *fill*         0x000000000800a0ae        0x2 
 .text.HAL_UARTEx_SetRxFifoThreshold
                0x000000000800a0b0       0x84 ./Drivers/STM32G0xx_HAL_Driver/Src/stm32g0xx_hal_uart_ex.o
                0x000000000800a0b0                HAL_UARTEx_SetRxFifoThreshold
 .text.UARTEx_SetNbDataToProcess
                0x000000000800a134       0xbc ./Drivers/STM32G0xx_HAL_Driver/Src/stm32g0xx_hal_uart_ex.o
 .text.vListInitialise
                0x000000000800a1f0       0x3c ./FreeRTOS/Source/list.o
                0x000000000800a1f0                vListInitialise
 .text.vListInitialiseItem
                0x000000000800a22c       0x16 ./FreeRTOS/Source/list.o
                0x000000000800a22c                vListInitialiseItem
 .text.vListInsert
                0x000000000800a242       0x6c ./FreeRTOS/Source/list.o
                0x000000000800a242                vListInsert
 .text.uxListRemove
                0x000000000800a2ae       0x50 ./FreeRTOS/Source/list.o
                0x000000000800a2ae                uxListRemove
 .text.xQueueGenericReset
                0x000000000800a2fe      0x112 ./FreeRTOS/Source/queue.o
                0x000000000800a2fe                xQueueGenericReset
 .text.xQueueGenericCreateStatic
                0x000000000800a410       0x88 ./FreeRTOS/Source/queue.o
                0x000000000800a410                xQueueGenericCreateStatic
 .text.prvInitialiseNewQueue
                0x000000000800a498       0x4e ./FreeRTOS/Source/queue.o
 .text.xQueueReceive
                0x000000000800a4e6      0x16a ./FreeRTOS/Source/queue.o
                0x000000000800a4e6                xQueueReceive
 .text.prvCopyDataFromQueue
                0x000000000800a650       0x4c ./FreeRTOS/Source/queue.o
 .text.prvUnlockQueue
                0x000000000800a69c       0xbc ./FreeRTOS/Source/queue.o
 .text.prvIsQueueEmpty
                0x000000000800a758       0x2c ./FreeRTOS/Source/queue.o
 .text.vQueueAddToRegistry
                0x000000000800a784       0x88 ./FreeRTOS/Source/queue.o
                0x000000000800a784                vQueueAddToRegistry
 .text.vQueueWaitForMessageRestricted
                0x000000000800a80c       0x66 ./FreeRTOS/Source/queue.o
                0x000000000800a80c                vQueueWaitForMessageRestricted
 .text.xTaskCreateStatic
                0x000000000800a872       0x94 ./FreeRTOS/Source/tasks.o
                0x000000000800a872                xTaskCreateStatic
 .text.xTaskCreate
                0x000000000800a906       0xa4 ./FreeRTOS/Source/tasks.o
                0x000000000800a906                xTaskCreate
 *fill*         0x000000000800a9aa        0x2 
 .text.prvInitialiseNewTask
                0x000000000800a9ac      0x100 ./FreeRTOS/Source/tasks.o
 .text.prvAddNewTaskToReadyList
                0x000000000800aaac      0x11c ./FreeRTOS/Source/tasks.o
 .text.xTaskDelayUntil
                0x000000000800abc8       0xb8 ./FreeRTOS/Source/tasks.o
                0x000000000800abc8                xTaskDelayUntil
 .text.vTaskStartScheduler
                0x000000000800ac80       0xb0 ./FreeRTOS/Source/tasks.o
                0x000000000800ac80                vTaskStartScheduler
 .text.vTaskSuspendAll
                0x000000000800ad30       0x18 ./FreeRTOS/Source/tasks.o
                0x000000000800ad30                vTaskSuspendAll
 .text.xTaskResumeAll
                0x000000000800ad48      0x1d0 ./FreeRTOS/Source/tasks.o
                0x000000000800ad48                xTaskResumeAll
 .text.xTaskGetTickCount
                0x000000000800af18       0x1c ./FreeRTOS/Source/tasks.o
                0x000000000800af18                xTaskGetTickCount
 .text.xTaskIncrementTick
                0x000000000800af34      0x218 ./FreeRTOS/Source/tasks.o
                0x000000000800af34                xTaskIncrementTick
 .text.vTaskSwitchContext
                0x000000000800b14c       0xa4 ./FreeRTOS/Source/tasks.o
                0x000000000800b14c                vTaskSwitchContext
 .text.vTaskPlaceOnEventList
                0x000000000800b1f0       0x3c ./FreeRTOS/Source/tasks.o
                0x000000000800b1f0                vTaskPlaceOnEventList
 .text.vTaskPlaceOnEventListRestricted
                0x000000000800b22c       0x7c ./FreeRTOS/Source/tasks.o
                0x000000000800b22c                vTaskPlaceOnEventListRestricted
 .text.xTaskRemoveFromEventList
                0x000000000800b2a8      0x194 ./FreeRTOS/Source/tasks.o
                0x000000000800b2a8                xTaskRemoveFromEventList
 .text.vTaskInternalSetTimeOutState
                0x000000000800b43c       0x28 ./FreeRTOS/Source/tasks.o
                0x000000000800b43c                vTaskInternalSetTimeOutState
 .text.xTaskCheckForTimeOut
                0x000000000800b464       0xa8 ./FreeRTOS/Source/tasks.o
                0x000000000800b464                xTaskCheckForTimeOut
 .text.vTaskMissedYield
                0x000000000800b50c       0x14 ./FreeRTOS/Source/tasks.o
                0x000000000800b50c                vTaskMissedYield
 .text.prvIdleTask
                0x000000000800b520       0x20 ./FreeRTOS/Source/tasks.o
 .text.prvInitialiseTaskLists
                0x000000000800b540       0x88 ./FreeRTOS/Source/tasks.o
 .text.prvCheckTasksWaitingTermination
                0x000000000800b5c8       0x5c ./FreeRTOS/Source/tasks.o
 .text.prvDeleteTCB
                0x000000000800b624       0x50 ./FreeRTOS/Source/tasks.o
 .text.prvResetNextTaskUnblockTime
                0x000000000800b674       0x34 ./FreeRTOS/Source/tasks.o
 .text.xTaskGetSchedulerState
                0x000000000800b6a8       0x38 ./FreeRTOS/Source/tasks.o
                0x000000000800b6a8                xTaskGetSchedulerState
 .text.prvAddCurrentTaskToDelayedList
                0x000000000800b6e0       0xdc ./FreeRTOS/Source/tasks.o
 .text.xTimerCreateTimerTask
                0x000000000800b7bc       0x7c ./FreeRTOS/Source/timers.o
                0x000000000800b7bc                xTimerCreateTimerTask
 .text.prvReloadTimer
                0x000000000800b838       0x42 ./FreeRTOS/Source/timers.o
 *fill*         0x000000000800b87a        0x2 
 .text.prvProcessExpiredTimer
                0x000000000800b87c       0x64 ./FreeRTOS/Source/timers.o
 .text.prvTimerTask
                0x000000000800b8e0       0x28 ./FreeRTOS/Source/timers.o
 .text.prvProcessTimerOrBlockTask
                0x000000000800b908       0x90 ./FreeRTOS/Source/timers.o
 .text.prvGetNextExpireTime
                0x000000000800b998       0x44 ./FreeRTOS/Source/timers.o
 .text.prvSampleTimeNow
                0x000000000800b9dc       0x40 ./FreeRTOS/Source/timers.o
 .text.prvInsertTimerInActiveList
                0x000000000800ba1c       0x84 ./FreeRTOS/Source/timers.o
 .text.prvProcessReceivedCommands
                0x000000000800baa0      0x184 ./FreeRTOS/Source/timers.o
 .text.prvSwitchTimerLists
                0x000000000800bc24       0x50 ./FreeRTOS/Source/timers.o
 .text.prvCheckForValidListAndQueue
                0x000000000800bc74       0x84 ./FreeRTOS/Source/timers.o
 .text.pxPortInitialiseStack
                0x000000000800bcf8       0x54 ./FreeRTOS/Source/portable/GCC/ARM_CM0/port.o
                0x000000000800bcf8                pxPortInitialiseStack
 .text.prvTaskExitError
                0x000000000800bd4c       0x30 ./FreeRTOS/Source/portable/GCC/ARM_CM0/port.o
 *fill*         0x000000000800bd7c        0x4 
 .text.vPortStartFirstTask
                0x000000000800bd80       0x38 ./FreeRTOS/Source/portable/GCC/ARM_CM0/port.o
 .text.xPortStartScheduler
                0x000000000800bdb8       0x48 ./FreeRTOS/Source/portable/GCC/ARM_CM0/port.o
                0x000000000800bdb8                xPortStartScheduler
 .text.vPortYield
                0x000000000800be00       0x20 ./FreeRTOS/Source/portable/GCC/ARM_CM0/port.o
                0x000000000800be00                vPortYield
 .text.vPortEnterCritical
                0x000000000800be20       0x24 ./FreeRTOS/Source/portable/GCC/ARM_CM0/port.o
                0x000000000800be20                vPortEnterCritical
 .text.vPortExitCritical
                0x000000000800be44       0x30 ./FreeRTOS/Source/portable/GCC/ARM_CM0/port.o
                0x000000000800be44                vPortExitCritical
 .text.ulSetInterruptMaskFromISR
                0x000000000800be74        0xc ./FreeRTOS/Source/portable/GCC/ARM_CM0/port.o
                0x000000000800be74                ulSetInterruptMaskFromISR
 .text.vClearInterruptMaskFromISR
                0x000000000800be80        0x8 ./FreeRTOS/Source/portable/GCC/ARM_CM0/port.o
                0x000000000800be80                vClearInterruptMaskFromISR
 *fill*         0x000000000800be88        0x8 
 .text.PendSV_Handler
                0x000000000800be90       0x48 ./FreeRTOS/Source/portable/GCC/ARM_CM0/port.o
                0x000000000800be90                PendSV_Handler
 .text.SysTick_Handler
                0x000000000800bed8       0x34 ./FreeRTOS/Source/portable/GCC/ARM_CM0/port.o
                0x000000000800bed8                SysTick_Handler
 .text.vPortSetupTimerInterrupt
                0x000000000800bf0c       0x44 ./FreeRTOS/Source/portable/GCC/ARM_CM0/port.o
                0x000000000800bf0c                vPortSetupTimerInterrupt
 .text.pvPortMalloc
                0x000000000800bf50      0x150 ./FreeRTOS/Source/portable/MemMang/heap_4.o
                0x000000000800bf50                pvPortMalloc
 .text.vPortFree
                0x000000000800c0a0       0x98 ./FreeRTOS/Source/portable/MemMang/heap_4.o
                0x000000000800c0a0                vPortFree
 .text.prvHeapInit
                0x000000000800c138       0xb4 ./FreeRTOS/Source/portable/MemMang/heap_4.o
 .text.prvInsertBlockIntoFreeList
                0x000000000800c1ec       0xb0 ./FreeRTOS/Source/portable/MemMang/heap_4.o
 .text.MX_ADC1_Init
                0x000000000800c29c      0x150 ./Src/adc.o
                0x000000000800c29c                MX_ADC1_Init
 .text.HAL_ADC_MspInit
                0x000000000800c3ec      0x124 ./Src/adc.o
                0x000000000800c3ec                HAL_ADC_MspInit
 .text.MX_COMP1_Init
                0x000000000800c510       0x64 ./Src/comp.o
                0x000000000800c510                MX_COMP1_Init
 .text.HAL_COMP_MspInit
                0x000000000800c574       0x7c ./Src/comp.o
                0x000000000800c574                HAL_COMP_MspInit
 .text.MX_DMA_Init
                0x000000000800c5f0       0x3c ./Src/dma.o
                0x000000000800c5f0                MX_DMA_Init
 .text.MX_GPIO_Init
                0x000000000800c62c      0x19c ./Src/gpio.o
                0x000000000800c62c                MX_GPIO_Init
 .text.MX_I2C1_Init
                0x000000000800c7c8       0x80 ./Src/i2c.o
                0x000000000800c7c8                MX_I2C1_Init
 .text.HAL_I2C_MspInit
                0x000000000800c848       0xc4 ./Src/i2c.o
                0x000000000800c848                HAL_I2C_MspInit
 .text.main     0x000000000800c90c       0x3e ./Src/main.o
                0x000000000800c90c                main
 .text.SystemClock_Config
                0x000000000800c94a       0xb0 ./Src/main.o
                0x000000000800c94a                SystemClock_Config
 *fill*         0x000000000800c9fa        0x2 
 .text.vApplicationGetIdleTaskMemory
                0x000000000800c9fc       0x30 ./Src/main.o
                0x000000000800c9fc                vApplicationGetIdleTaskMemory
 .text.vApplicationGetTimerTaskMemory
                0x000000000800ca2c       0x30 ./Src/main.o
                0x000000000800ca2c                vApplicationGetTimerTaskMemory
 .text.HAL_TIM_PeriodElapsedCallback
                0x000000000800ca5c       0x2c ./Src/main.o
                0x000000000800ca5c                HAL_TIM_PeriodElapsedCallback
 .text.Error_Handler
                0x000000000800ca88        0xa ./Src/main.o
                0x000000000800ca88                Error_Handler
 *fill*         0x000000000800ca92        0x2 
 .text.HAL_MspInit
                0x000000000800ca94       0x50 ./Src/stm32g0xx_hal_msp.o
                0x000000000800ca94                HAL_MspInit
 .text.HAL_InitTick
                0x000000000800cae4      0x108 ./Src/stm32g0xx_hal_timebase_tim.o
                0x000000000800cae4                HAL_InitTick
 .text.NMI_Handler
                0x000000000800cbec        0x6 ./Src/stm32g0xx_it.o
                0x000000000800cbec                NMI_Handler
 .text.HardFault_Handler
                0x000000000800cbf2        0x6 ./Src/stm32g0xx_it.o
                0x000000000800cbf2                HardFault_Handler
 .text.SVC_Handler
                0x000000000800cbf8        0xa ./Src/stm32g0xx_it.o
                0x000000000800cbf8                SVC_Handler
 .text.EXTI4_15_IRQHandler
                0x000000000800cc02       0x10 ./Src/stm32g0xx_it.o
                0x000000000800cc02                EXTI4_15_IRQHandler
 *fill*         0x000000000800cc12        0x2 
 .text.DMA1_Channel1_IRQHandler
                0x000000000800cc14       0x18 ./Src/stm32g0xx_it.o
                0x000000000800cc14                DMA1_Channel1_IRQHandler
 .text.ADC1_COMP_IRQHandler
                0x000000000800cc2c       0x24 ./Src/stm32g0xx_it.o
                0x000000000800cc2c                ADC1_COMP_IRQHandler
 .text.TIM2_IRQHandler
                0x000000000800cc50       0x18 ./Src/stm32g0xx_it.o
                0x000000000800cc50                TIM2_IRQHandler
 .text.TIM7_LPTIM2_IRQHandler
                0x000000000800cc68       0x18 ./Src/stm32g0xx_it.o
                0x000000000800cc68                TIM7_LPTIM2_IRQHandler
 .text.TIM16_IRQHandler
                0x000000000800cc80       0x18 ./Src/stm32g0xx_it.o
                0x000000000800cc80                TIM16_IRQHandler
 .text.USART1_IRQHandler
                0x000000000800cc98       0x18 ./Src/stm32g0xx_it.o
                0x000000000800cc98                USART1_IRQHandler
 .text._getpid  0x000000000800ccb0        0xc ./Src/syscalls.o
                0x000000000800ccb0                _getpid
 .text._kill    0x000000000800ccbc       0x20 ./Src/syscalls.o
                0x000000000800ccbc                _kill
 .text._exit    0x000000000800ccdc       0x18 ./Src/syscalls.o
                0x000000000800ccdc                _exit
 .text._read    0x000000000800ccf4       0x3a ./Src/syscalls.o
                0x000000000800ccf4                _read
 .text._write   0x000000000800cd2e       0x38 ./Src/syscalls.o
                0x000000000800cd2e                _write
 .text._close   0x000000000800cd66       0x14 ./Src/syscalls.o
                0x000000000800cd66                _close
 .text._fstat   0x000000000800cd7a       0x1c ./Src/syscalls.o
                0x000000000800cd7a                _fstat
 .text._isatty  0x000000000800cd96       0x12 ./Src/syscalls.o
                0x000000000800cd96                _isatty
 .text._lseek   0x000000000800cda8       0x16 ./Src/syscalls.o
                0x000000000800cda8                _lseek
 *fill*         0x000000000800cdbe        0x2 
 .text._sbrk    0x000000000800cdc0       0x6c ./Src/sysmem.o
                0x000000000800cdc0                _sbrk
 .text.SystemInit
                0x000000000800ce2c        0xa ./Src/system_stm32g0xx.o
                0x000000000800ce2c                SystemInit
 *fill*         0x000000000800ce36        0x2 
 .text.MX_TIM2_Init
                0x000000000800ce38       0xa8 ./Src/tim.o
                0x000000000800ce38                MX_TIM2_Init
 .text.MX_TIM3_Init
                0x000000000800cee0      0x100 ./Src/tim.o
                0x000000000800cee0                MX_TIM3_Init
 .text.MX_TIM16_Init
                0x000000000800cfe0       0x54 ./Src/tim.o
                0x000000000800cfe0                MX_TIM16_Init
 .text.MX_TIM17_Init
                0x000000000800d034       0x50 ./Src/tim.o
                0x000000000800d034                MX_TIM17_Init
 .text.HAL_TIM_Base_MspInit
                0x000000000800d084       0xd8 ./Src/tim.o
                0x000000000800d084                HAL_TIM_Base_MspInit
 .text.HAL_TIM_MspPostInit
                0x000000000800d15c       0x78 ./Src/tim.o
                0x000000000800d15c                HAL_TIM_MspPostInit
 .text.MX_USART1_UART_Init
                0x000000000800d1d4       0xa4 ./Src/usart.o
                0x000000000800d1d4                MX_USART1_UART_Init
 .text.MX_USART2_UART_Init
                0x000000000800d278       0x9c ./Src/usart.o
                0x000000000800d278                MX_USART2_UART_Init
 .text.HAL_UART_MspInit
                0x000000000800d314      0x164 ./Src/usart.o
                0x000000000800d314                HAL_UART_MspInit
 .text.boardComputer_process
                0x000000000800d478      0x540 ./Src/boardConsole/boardconsoleapp.o
                0x000000000800d478                boardComputer_process
 .text.displayTask
                0x000000000800d9b8       0x50 ./Src/boardConsole/boardconsoleapp.o
                0x000000000800d9b8                displayTask
 .text.mthDumpTask
                0x000000000800da08       0x30 ./Src/boardConsole/boardconsoleapp.o
                0x000000000800da08                mthDumpTask
 .text.brightnessTask
                0x000000000800da38       0x48 ./Src/boardConsole/boardconsoleapp.o
                0x000000000800da38                brightnessTask
 .text.buttonsTask
                0x000000000800da80       0xf8 ./Src/boardConsole/boardconsoleapp.o
                0x000000000800da80                buttonsTask
 .text.lowFuelAlertTask
                0x000000000800db78      0x128 ./Src/boardConsole/boardconsoleapp.o
                0x000000000800db78                lowFuelAlertTask
 .text.readConfigFromEEPROM
                0x000000000800dca0      0x290 ./Src/boardConsole/boardconsoleapp.o
                0x000000000800dca0                readConfigFromEEPROM
 .text.writeConfigToEEPROM
                0x000000000800df30      0x140 ./Src/boardConsole/boardconsoleapp.o
                0x000000000800df30                writeConfigToEEPROM
 .text.buttons_read
                0x000000000800e070       0x60 ./Src/boardConsole/buttons.o
                0x000000000800e070                buttons_read
 .text.interface_init
                0x000000000800e0d0       0x88 ./Src/boardConsole/interface.o
                0x000000000800e0d0                interface_init
 .text.interface_switchScreen
                0x000000000800e158       0x20 ./Src/boardConsole/interface.o
                0x000000000800e158                interface_switchScreen
 .text.interface_display
                0x000000000800e178       0xd0 ./Src/boardConsole/interface.o
                0x000000000800e178                interface_display
 .text.interface_draw_speedo
                0x000000000800e248      0x158 ./Src/boardConsole/interface.o
 .text.interface_draw_tacho_digital
                0x000000000800e3a0       0xcc ./Src/boardConsole/interface.o
 .text.interface_draw_tacho_analog
                0x000000000800e46c       0xa8 ./Src/boardConsole/interface.o
 .text.interface_draw_course
                0x000000000800e514      0x214 ./Src/boardConsole/interface.o
 .text.interface_draw_clock
                0x000000000800e728      0x12c ./Src/boardConsole/interface.o
 .text.interface_draw_voltage
                0x000000000800e854       0xcc ./Src/boardConsole/interface.o
 .text.interface_draw_temperature
                0x000000000800e920       0xe8 ./Src/boardConsole/interface.o
 .text.interface_draw_trim
                0x000000000800ea08      0x15c ./Src/boardConsole/interface.o
 .text.interface_draw_fuel
                0x000000000800eb64      0x184 ./Src/boardConsole/interface.o
 .text.interface_draw_settings
                0x000000000800ece8       0xf4 ./Src/boardConsole/interface.o
 .text.interface_draw_motohours
                0x000000000800eddc      0x138 ./Src/boardConsole/interface.o
 .text.HAL_UART_RxCpltCallback
                0x000000000800ef14       0x20 ./Src/boardConsole/interrupts.o
                0x000000000800ef14                HAL_UART_RxCpltCallback
 .text.HAL_GPIO_EXTI_Rising_Callback
                0x000000000800ef34       0x28 ./Src/boardConsole/interrupts.o
                0x000000000800ef34                HAL_GPIO_EXTI_Rising_Callback
 .text.periodElapsedCallback
                0x000000000800ef5c       0x3c ./Src/boardConsole/interrupts.o
                0x000000000800ef5c                periodElapsedCallback
 .text.HAL_COMP_TriggerCallback
                0x000000000800ef98       0x4c ./Src/boardConsole/interrupts.o
                0x000000000800ef98                HAL_COMP_TriggerCallback
 .text.adconv_init
                0x000000000800efe4       0x9a ./Src/libs/adconv.o
                0x000000000800efe4                adconv_init
 .text.adconv_configChannel
                0x000000000800f07e       0x2c ./Src/libs/adconv.o
                0x000000000800f07e                adconv_configChannel
 .text.adconv_getValue
                0x000000000800f0aa       0x4c ./Src/libs/adconv.o
                0x000000000800f0aa                adconv_getValue
 .text.blinkpin_init
                0x000000000800f0f6       0x32 ./Src/libs/blinkpin.o
                0x000000000800f0f6                blinkpin_init
 .text.blinkpin_pattern
                0x000000000800f128       0x3a ./Src/libs/blinkpin.o
                0x000000000800f128                blinkpin_pattern
 *fill*         0x000000000800f162        0x2 
 .text.delay_us_init
                0x000000000800f164       0x24 ./Src/libs/delays.o
                0x000000000800f164                delay_us_init
 .text.delay_us
                0x000000000800f188       0x38 ./Src/libs/delays.o
                0x000000000800f188                delay_us
 .text.eeprom_init
                0x000000000800f1c0       0x74 ./Src/libs/eeprom.o
                0x000000000800f1c0                eeprom_init
 .text.eeprom_writeByte
                0x000000000800f234       0x6a ./Src/libs/eeprom.o
                0x000000000800f234                eeprom_writeByte
 .text.eeprom_readByte
                0x000000000800f29e       0x40 ./Src/libs/eeprom.o
                0x000000000800f29e                eeprom_readByte
 .text.eeprom_write
                0x000000000800f2de       0x8a ./Src/libs/eeprom.o
                0x000000000800f2de                eeprom_write
 .text.eeprom_read
                0x000000000800f368       0x74 ./Src/libs/eeprom.o
                0x000000000800f368                eeprom_read
 .text.eeprom_writeWord
                0x000000000800f3dc       0x46 ./Src/libs/eeprom.o
                0x000000000800f3dc                eeprom_writeWord
 .text.eeprom_readWord
                0x000000000800f422       0x28 ./Src/libs/eeprom.o
                0x000000000800f422                eeprom_readWord
 *fill*         0x000000000800f44a        0x2 
 .text.LCD_SetDataPort
                0x000000000800f44c       0xb8 ./Src/libs/hd44780.o
 .text.LCD_DataOut
                0x000000000800f504       0x38 ./Src/libs/hd44780.o
 .text.LCD_WriteByte
                0x000000000800f53c       0x70 ./Src/libs/hd44780.o
                0x000000000800f53c                LCD_WriteByte
 .text.LCD_WriteCmd
                0x000000000800f5ac       0x3c ./Src/libs/hd44780.o
                0x000000000800f5ac                LCD_WriteCmd
 .text.LCD_WriteData
                0x000000000800f5e8       0x30 ./Src/libs/hd44780.o
                0x000000000800f5e8                LCD_WriteData
 .text.LCD_Char
                0x000000000800f618       0x3c ./Src/libs/hd44780.o
                0x000000000800f618                LCD_Char
 .text.LCD_String
                0x000000000800f654       0x2a ./Src/libs/hd44780.o
                0x000000000800f654                LCD_String
 .text.LCD_Data
                0x000000000800f67e       0x4c ./Src/libs/hd44780.o
                0x000000000800f67e                LCD_Data
 .text.LCD_DefChar
                0x000000000800f6ca       0x66 ./Src/libs/hd44780.o
                0x000000000800f6ca                LCD_DefChar
 .text.LCD_Locate
                0x000000000800f730       0x4e ./Src/libs/hd44780.o
                0x000000000800f730                LCD_Locate
 .text.LCD_Cls  0x000000000800f77e       0x10 ./Src/libs/hd44780.o
                0x000000000800f77e                LCD_Cls
 *fill*         0x000000000800f78e        0x2 
 .text.LCD_Init
                0x000000000800f790       0x7c ./Src/libs/hd44780.o
                0x000000000800f790                LCD_Init
 .text.menu_init
                0x000000000800f80c       0x34 ./Src/libs/menu.o
                0x000000000800f80c                menu_init
 .text.menu_itemChangeValue
                0x000000000800f840      0x17c ./Src/libs/menu.o
                0x000000000800f840                menu_itemChangeValue
 .text.menu_itemSetValue
                0x000000000800f9bc       0x4c ./Src/libs/menu.o
                0x000000000800f9bc                menu_itemSetValue
 .text.menu_itemInit
                0x000000000800fa08      0x234 ./Src/libs/menu.o
                0x000000000800fa08                menu_itemInit
 .text.menu_readCurrentValue
                0x000000000800fc3c       0x40 ./Src/libs/menu.o
                0x000000000800fc3c                menu_readCurrentValue
 .text.menu_readCurrentName
                0x000000000800fc7c       0x50 ./Src/libs/menu.o
                0x000000000800fc7c                menu_readCurrentName
 .text.menu_itemReadValue
                0x000000000800fccc       0x44 ./Src/libs/menu.o
                0x000000000800fccc                menu_itemReadValue
 .text.menu_switch
                0x000000000800fd10      0x450 ./Src/libs/menu.o
                0x000000000800fd10                menu_switch
 .text.menu_readCurrentEditFlag
                0x0000000008010160       0x1c ./Src/libs/menu.o
                0x0000000008010160                menu_readCurrentEditFlag
 .text.menu_readActiveFlag
                0x000000000801017c       0x18 ./Src/libs/menu.o
                0x000000000801017c                menu_readActiveFlag
 .text.menu_readIfHaveSubmenu
                0x0000000008010194       0x24 ./Src/libs/menu.o
                0x0000000008010194                menu_readIfHaveSubmenu
 .text.menu_turnOn
                0x00000000080101b8       0xd4 ./Src/libs/menu.o
                0x00000000080101b8                menu_turnOn
 .text.menu_turnOff
                0x000000000801028c       0x28 ./Src/libs/menu.o
                0x000000000801028c                menu_turnOff
 .text.motohours_init
                0x00000000080102b4       0x78 ./Src/libs/motohours.o
                0x00000000080102b4                motohours_init
 .text.motohours_dumpSetFlag
                0x000000000801032c       0x34 ./Src/libs/motohours.o
                0x000000000801032c                motohours_dumpSetFlag
 .text.motohours_dump
                0x0000000008010360       0x3c ./Src/libs/motohours.o
                0x0000000008010360                motohours_dump
 .text.motohours_read
                0x000000000801039c       0x20 ./Src/libs/motohours.o
                0x000000000801039c                motohours_read
 .text.motohours_readMts
                0x00000000080103bc       0x14 ./Src/libs/motohours.o
                0x00000000080103bc                motohours_readMts
 .text.motohours_inc
                0x00000000080103d0       0x2a ./Src/libs/motohours.o
                0x00000000080103d0                motohours_inc
 .text.nmea0183_init_IT
                0x00000000080103fa       0x42 ./Src/libs/nmea0183.o
                0x00000000080103fa                nmea0183_init_IT
 .text.nmea0183_retval
                0x000000000801043c       0xe2 ./Src/libs/nmea0183.o
                0x000000000801043c                nmea0183_retval
 .text.nmea0183_grabFrame_IT
                0x000000000801051e       0xe8 ./Src/libs/nmea0183.o
                0x000000000801051e                nmea0183_grabFrame_IT
 .text.nmea0183_pullParameters
                0x0000000008010606      0x1c6 ./Src/libs/nmea0183.o
 .text.nmea0183_classifyFrame
                0x00000000080107cc       0xe0 ./Src/libs/nmea0183.o
 .text.pwm_init
                0x00000000080108ac       0x3c ./Src/libs/pwm.o
                0x00000000080108ac                pwm_init
 .text.pwm_setDuty
                0x00000000080108e8       0x88 ./Src/libs/pwm.o
                0x00000000080108e8                pwm_setDuty
 .text.tachometer_start
                0x0000000008010970       0x78 ./Src/libs/tachometer.o
                0x0000000008010970                tachometer_start
 .text.tachometer_read
                0x00000000080109e8       0x14 ./Src/libs/tachometer.o
                0x00000000080109e8                tachometer_read
 .text.tachometer_extiCallback
                0x00000000080109fc       0xc4 ./Src/libs/tachometer.o
                0x00000000080109fc                tachometer_extiCallback
 .text.tachometer_timerCallback
                0x0000000008010ac0       0x22 ./Src/libs/tachometer.o
                0x0000000008010ac0                tachometer_timerCallback
 *fill*         0x0000000008010ae2        0x2 
 .text.Reset_Handler
                0x0000000008010ae4       0x50 ./Startup/startup_stm32g071rbtx.o
                0x0000000008010ae4                Reset_Handler
 .text.Default_Handler
                0x0000000008010b34        0x2 ./Startup/startup_stm32g071rbtx.o
                0x0000000008010b34                USART3_4_LPUART1_IRQHandler
                0x0000000008010b34                TIM1_CC_IRQHandler
                0x0000000008010b34                PVD_IRQHandler
                0x0000000008010b34                I2C1_IRQHandler
                0x0000000008010b34                RTC_TAMP_IRQHandler
                0x0000000008010b34                SPI1_IRQHandler
                0x0000000008010b34                EXTI2_3_IRQHandler
                0x0000000008010b34                I2C2_IRQHandler
                0x0000000008010b34                TIM17_IRQHandler
                0x0000000008010b34                TIM3_IRQHandler
                0x0000000008010b34                RCC_IRQHandler
                0x0000000008010b34                Default_Handler
                0x0000000008010b34                CEC_IRQHandler
                0x0000000008010b34                TIM14_IRQHandler
                0x0000000008010b34                TIM15_IRQHandler
                0x0000000008010b34                EXTI0_1_IRQHandler
                0x0000000008010b34                SPI2_IRQHandler
                0x0000000008010b34                TIM6_DAC_LPTIM1_IRQHandler
                0x0000000008010b34                WWDG_IRQHandler
                0x0000000008010b34                DMA1_Ch4_7_DMAMUX1_OVR_IRQHandler
                0x0000000008010b34                DMA1_Channel2_3_IRQHandler
                0x0000000008010b34                UCPD1_2_IRQHandler
                0x0000000008010b34                USART2_IRQHandler
                0x0000000008010b34                FLASH_IRQHandler
                0x0000000008010b34                TIM1_BRK_UP_TRG_COM_IRQHandler
 .text.atof     0x0000000008010b36        0xa /opt/st/stm32cubeide_1.13.2/plugins/com.st.stm32cube.ide.mcu.externaltools.gnu-tools-for-stm32.11.3.rel1.linux64_1.1.1.202309131626/tools/bin/../lib/gcc/arm-none-eabi/11.3.1/../../../../arm-none-eabi/lib/thumb/v6-m/nofp/libc_nano.a(libc_a-atof.o)
                0x0000000008010b36                atof
 .text.atoi     0x0000000008010b40        0xc /opt/st/stm32cubeide_1.13.2/plugins/com.st.stm32cube.ide.mcu.externaltools.gnu-tools-for-stm32.11.3.rel1.linux64_1.1.1.202309131626/tools/bin/../lib/gcc/arm-none-eabi/11.3.1/../../../../arm-none-eabi/lib/thumb/v6-m/nofp/libc_nano.a(libc_a-atoi.o)
                0x0000000008010b40                atoi
 .text.__itoa   0x0000000008010b4c       0x30 /opt/st/stm32cubeide_1.13.2/plugins/com.st.stm32cube.ide.mcu.externaltools.gnu-tools-for-stm32.11.3.rel1.linux64_1.1.1.202309131626/tools/bin/../lib/gcc/arm-none-eabi/11.3.1/../../../../arm-none-eabi/lib/thumb/v6-m/nofp/libc_nano.a(libc_a-itoa.o)
                0x0000000008010b4c                __itoa
 .text.itoa     0x0000000008010b7c        0x8 /opt/st/stm32cubeide_1.13.2/plugins/com.st.stm32cube.ide.mcu.externaltools.gnu-tools-for-stm32.11.3.rel1.linux64_1.1.1.202309131626/tools/bin/../lib/gcc/arm-none-eabi/11.3.1/../../../../arm-none-eabi/lib/thumb/v6-m/nofp/libc_nano.a(libc_a-itoa.o)
                0x0000000008010b7c                itoa
 .text.sulp     0x0000000008010b84       0x30 /opt/st/stm32cubeide_1.13.2/plugins/com.st.stm32cube.ide.mcu.externaltools.gnu-tools-for-stm32.11.3.rel1.linux64_1.1.1.202309131626/tools/bin/../lib/gcc/arm-none-eabi/11.3.1/../../../../arm-none-eabi/lib/thumb/v6-m/nofp/libc_nano.a(libc_a-strtod.o)
 .text._strtod_l
                0x0000000008010bb4      0xc14 /opt/st/stm32cubeide_1.13.2/plugins/com.st.stm32cube.ide.mcu.externaltools.gnu-tools-for-stm32.11.3.rel1.linux64_1.1.1.202309131626/tools/bin/../lib/gcc/arm-none-eabi/11.3.1/../../../../arm-none-eabi/lib/thumb/v6-m/nofp/libc_nano.a(libc_a-strtod.o)
                0x0000000008010bb4                _strtod_l
 .text.strtod   0x00000000080117c8       0x1c /opt/st/stm32cubeide_1.13.2/plugins/com.st.stm32cube.ide.mcu.externaltools.gnu-tools-for-stm32.11.3.rel1.linux64_1.1.1.202309131626/tools/bin/../lib/gcc/arm-none-eabi/11.3.1/../../../../arm-none-eabi/lib/thumb/v6-m/nofp/libc_nano.a(libc_a-strtod.o)
                0x00000000080117c8                strtod
 .text._strtol_l.constprop.0
                0x00000000080117e4      0x10c /opt/st/stm32cubeide_1.13.2/plugins/com.st.stm32cube.ide.mcu.externaltools.gnu-tools-for-stm32.11.3.rel1.linux64_1.1.1.202309131626/tools/bin/../lib/gcc/arm-none-eabi/11.3.1/../../../../arm-none-eabi/lib/thumb/v6-m/nofp/libc_nano.a(libc_a-strtol.o)
 .text.strtol   0x00000000080118f0       0x18 /opt/st/stm32cubeide_1.13.2/plugins/com.st.stm32cube.ide.mcu.externaltools.gnu-tools-for-stm32.11.3.rel1.linux64_1.1.1.202309131626/tools/bin/../lib/gcc/arm-none-eabi/11.3.1/../../../../arm-none-eabi/lib/thumb/v6-m/nofp/libc_nano.a(libc_a-strtol.o)
                0x00000000080118f0                strtol
 .text.__utoa   0x0000000008011908       0x68 /opt/st/stm32cubeide_1.13.2/plugins/com.st.stm32cube.ide.mcu.externaltools.gnu-tools-for-stm32.11.3.rel1.linux64_1.1.1.202309131626/tools/bin/../lib/gcc/arm-none-eabi/11.3.1/../../../../arm-none-eabi/lib/thumb/v6-m/nofp/libc_nano.a(libc_a-utoa.o)
                0x0000000008011908                __utoa
 .text.std      0x0000000008011970       0x6c /opt/st/stm32cubeide_1.13.2/plugins/com.st.stm32cube.ide.mcu.externaltools.gnu-tools-for-stm32.11.3.rel1.linux64_1.1.1.202309131626/tools/bin/../lib/gcc/arm-none-eabi/11.3.1/../../../../arm-none-eabi/lib/thumb/v6-m/nofp/libc_nano.a(libc_a-findfp.o)
 .text.stdio_exit_handler
                0x00000000080119dc       0x1c /opt/st/stm32cubeide_1.13.2/plugins/com.st.stm32cube.ide.mcu.externaltools.gnu-tools-for-stm32.11.3.rel1.linux64_1.1.1.202309131626/tools/bin/../lib/gcc/arm-none-eabi/11.3.1/../../../../arm-none-eabi/lib/thumb/v6-m/nofp/libc_nano.a(libc_a-findfp.o)
 .text.cleanup_stdio
                0x00000000080119f8       0x3c /opt/st/stm32cubeide_1.13.2/plugins/com.st.stm32cube.ide.mcu.externaltools.gnu-tools-for-stm32.11.3.rel1.linux64_1.1.1.202309131626/tools/bin/../lib/gcc/arm-none-eabi/11.3.1/../../../../arm-none-eabi/lib/thumb/v6-m/nofp/libc_nano.a(libc_a-findfp.o)
 .text.global_stdio_init.part.0
                0x0000000008011a34       0x3c /opt/st/stm32cubeide_1.13.2/plugins/com.st.stm32cube.ide.mcu.externaltools.gnu-tools-for-stm32.11.3.rel1.linux64_1.1.1.202309131626/tools/bin/../lib/gcc/arm-none-eabi/11.3.1/../../../../arm-none-eabi/lib/thumb/v6-m/nofp/libc_nano.a(libc_a-findfp.o)
 .text.__sfp_lock_acquire
                0x0000000008011a70       0x10 /opt/st/stm32cubeide_1.13.2/plugins/com.st.stm32cube.ide.mcu.externaltools.gnu-tools-for-stm32.11.3.rel1.linux64_1.1.1.202309131626/tools/bin/../lib/gcc/arm-none-eabi/11.3.1/../../../../arm-none-eabi/lib/thumb/v6-m/nofp/libc_nano.a(libc_a-findfp.o)
                0x0000000008011a70                __sfp_lock_acquire
 .text.__sfp_lock_release
                0x0000000008011a80       0x10 /opt/st/stm32cubeide_1.13.2/plugins/com.st.stm32cube.ide.mcu.externaltools.gnu-tools-for-stm32.11.3.rel1.linux64_1.1.1.202309131626/tools/bin/../lib/gcc/arm-none-eabi/11.3.1/../../../../arm-none-eabi/lib/thumb/v6-m/nofp/libc_nano.a(libc_a-findfp.o)
                0x0000000008011a80                __sfp_lock_release
 .text.__sinit  0x0000000008011a90       0x30 /opt/st/stm32cubeide_1.13.2/plugins/com.st.stm32cube.ide.mcu.externaltools.gnu-tools-for-stm32.11.3.rel1.linux64_1.1.1.202309131626/tools/bin/../lib/gcc/arm-none-eabi/11.3.1/../../../../arm-none-eabi/lib/thumb/v6-m/nofp/libc_nano.a(libc_a-findfp.o)
                0x0000000008011a90                __sinit
 .text._fwalk_sglue
                0x0000000008011ac0       0x38 /opt/st/stm32cubeide_1.13.2/plugins/com.st.stm32cube.ide.mcu.externaltools.gnu-tools-for-stm32.11.3.rel1.linux64_1.1.1.202309131626/tools/bin/../lib/gcc/arm-none-eabi/11.3.1/../../../../arm-none-eabi/lib/thumb/v6-m/nofp/libc_nano.a(libc_a-fwalk.o)
                0x0000000008011ac0                _fwalk_sglue
 .text.snprintf
                0x0000000008011af8       0x68 /opt/st/stm32cubeide_1.13.2/plugins/com.st.stm32cube.ide.mcu.externaltools.gnu-tools-for-stm32.11.3.rel1.linux64_1.1.1.202309131626/tools/bin/../lib/gcc/arm-none-eabi/11.3.1/../../../../arm-none-eabi/lib/thumb/v6-m/nofp/libc_nano.a(libc_a-snprintf.o)
                0x0000000008011af8                snprintf
                0x0000000008011af8                sniprintf
 .text.__sread  0x0000000008011b60       0x28 /opt/st/stm32cubeide_1.13.2/plugins/com.st.stm32cube.ide.mcu.externaltools.gnu-tools-for-stm32.11.3.rel1.linux64_1.1.1.202309131626/tools/bin/../lib/gcc/arm-none-eabi/11.3.1/../../../../arm-none-eabi/lib/thumb/v6-m/nofp/libc_nano.a(libc_a-stdio.o)
                0x0000000008011b60                __sread
 .text.__swrite
                0x0000000008011b88       0x38 /opt/st/stm32cubeide_1.13.2/plugins/com.st.stm32cube.ide.mcu.externaltools.gnu-tools-for-stm32.11.3.rel1.linux64_1.1.1.202309131626/tools/bin/../lib/gcc/arm-none-eabi/11.3.1/../../../../arm-none-eabi/lib/thumb/v6-m/nofp/libc_nano.a(libc_a-stdio.o)
                0x0000000008011b88                __swrite
 .text.__sseek  0x0000000008011bc0       0x2c /opt/st/stm32cubeide_1.13.2/plugins/com.st.stm32cube.ide.mcu.externaltools.gnu-tools-for-stm32.11.3.rel1.linux64_1.1.1.202309131626/tools/bin/../lib/gcc/arm-none-eabi/11.3.1/../../../../arm-none-eabi/lib/thumb/v6-m/nofp/libc_nano.a(libc_a-stdio.o)
                0x0000000008011bc0                __sseek
 .text.__sclose
                0x0000000008011bec        0xc /opt/st/stm32cubeide_1.13.2/plugins/com.st.stm32cube.ide.mcu.externaltools.gnu-tools-for-stm32.11.3.rel1.linux64_1.1.1.202309131626/tools/bin/../lib/gcc/arm-none-eabi/11.3.1/../../../../arm-none-eabi/lib/thumb/v6-m/nofp/libc_nano.a(libc_a-stdio.o)
                0x0000000008011bec                __sclose
 .text.memcmp   0x0000000008011bf8       0x1c /opt/st/stm32cubeide_1.13.2/plugins/com.st.stm32cube.ide.mcu.externaltools.gnu-tools-for-stm32.11.3.rel1.linux64_1.1.1.202309131626/tools/bin/../lib/gcc/arm-none-eabi/11.3.1/../../../../arm-none-eabi/lib/thumb/v6-m/nofp/libc_nano.a(libc_a-memcmp.o)
                0x0000000008011bf8                memcmp
 .text.memset   0x0000000008011c14       0x10 /opt/st/stm32cubeide_1.13.2/plugins/com.st.stm32cube.ide.mcu.externaltools.gnu-tools-for-stm32.11.3.rel1.linux64_1.1.1.202309131626/tools/bin/../lib/gcc/arm-none-eabi/11.3.1/../../../../arm-none-eabi/lib/thumb/v6-m/nofp/libc_nano.a(libc_a-memset.o)
                0x0000000008011c14                memset
 .text.strncmp  0x0000000008011c24       0x22 /opt/st/stm32cubeide_1.13.2/plugins/com.st.stm32cube.ide.mcu.externaltools.gnu-tools-for-stm32.11.3.rel1.linux64_1.1.1.202309131626/tools/bin/../lib/gcc/arm-none-eabi/11.3.1/../../../../arm-none-eabi/lib/thumb/v6-m/nofp/libc_nano.a(libc_a-strncmp.o)
                0x0000000008011c24                strncmp
 *fill*         0x0000000008011c46        0x2 
 .text._close_r
                0x0000000008011c48       0x24 /opt/st/stm32cubeide_1.13.2/plugins/com.st.stm32cube.ide.mcu.externaltools.gnu-tools-for-stm32.11.3.rel1.linux64_1.1.1.202309131626/tools/bin/../lib/gcc/arm-none-eabi/11.3.1/../../../../arm-none-eabi/lib/thumb/v6-m/nofp/libc_nano.a(libc_a-closer.o)
                0x0000000008011c48                _close_r
 .text._lseek_r
                0x0000000008011c6c       0x28 /opt/st/stm32cubeide_1.13.2/plugins/com.st.stm32cube.ide.mcu.externaltools.gnu-tools-for-stm32.11.3.rel1.linux64_1.1.1.202309131626/tools/bin/../lib/gcc/arm-none-eabi/11.3.1/../../../../arm-none-eabi/lib/thumb/v6-m/nofp/libc_nano.a(libc_a-lseekr.o)
                0x0000000008011c6c                _lseek_r
 .text._read_r  0x0000000008011c94       0x28 /opt/st/stm32cubeide_1.13.2/plugins/com.st.stm32cube.ide.mcu.externaltools.gnu-tools-for-stm32.11.3.rel1.linux64_1.1.1.202309131626/tools/bin/../lib/gcc/arm-none-eabi/11.3.1/../../../../arm-none-eabi/lib/thumb/v6-m/nofp/libc_nano.a(libc_a-readr.o)
                0x0000000008011c94                _read_r
 .text._write_r
                0x0000000008011cbc       0x28 /opt/st/stm32cubeide_1.13.2/plugins/com.st.stm32cube.ide.mcu.externaltools.gnu-tools-for-stm32.11.3.rel1.linux64_1.1.1.202309131626/tools/bin/../lib/gcc/arm-none-eabi/11.3.1/../../../../arm-none-eabi/lib/thumb/v6-m/nofp/libc_nano.a(libc_a-writer.o)
                0x0000000008011cbc                _write_r
 .text.__errno  0x0000000008011ce4        0xc /opt/st/stm32cubeide_1.13.2/plugins/com.st.stm32cube.ide.mcu.externaltools.gnu-tools-for-stm32.11.3.rel1.linux64_1.1.1.202309131626/tools/bin/../lib/gcc/arm-none-eabi/11.3.1/../../../../arm-none-eabi/lib/thumb/v6-m/nofp/libc_nano.a(libc_a-errno.o)
                0x0000000008011ce4                __errno
 .text.__libc_init_array
                0x0000000008011cf0       0x48 /opt/st/stm32cubeide_1.13.2/plugins/com.st.stm32cube.ide.mcu.externaltools.gnu-tools-for-stm32.11.3.rel1.linux64_1.1.1.202309131626/tools/bin/../lib/gcc/arm-none-eabi/11.3.1/../../../../arm-none-eabi/lib/thumb/v6-m/nofp/libc_nano.a(libc_a-init.o)
                0x0000000008011cf0                __libc_init_array
 .text.__retarget_lock_init_recursive
                0x0000000008011d38        0x2 /opt/st/stm32cubeide_1.13.2/plugins/com.st.stm32cube.ide.mcu.externaltools.gnu-tools-for-stm32.11.3.rel1.linux64_1.1.1.202309131626/tools/bin/../lib/gcc/arm-none-eabi/11.3.1/../../../../arm-none-eabi/lib/thumb/v6-m/nofp/libc_nano.a(libc_a-lock.o)
                0x0000000008011d38                __retarget_lock_init_recursive
 .text.__retarget_lock_acquire_recursive
                0x0000000008011d3a        0x2 /opt/st/stm32cubeide_1.13.2/plugins/com.st.stm32cube.ide.mcu.externaltools.gnu-tools-for-stm32.11.3.rel1.linux64_1.1.1.202309131626/tools/bin/../lib/gcc/arm-none-eabi/11.3.1/../../../../arm-none-eabi/lib/thumb/v6-m/nofp/libc_nano.a(libc_a-lock.o)
                0x0000000008011d3a                __retarget_lock_acquire_recursive
 .text.__retarget_lock_release_recursive
                0x0000000008011d3c        0x2 /opt/st/stm32cubeide_1.13.2/plugins/com.st.stm32cube.ide.mcu.externaltools.gnu-tools-for-stm32.11.3.rel1.linux64_1.1.1.202309131626/tools/bin/../lib/gcc/arm-none-eabi/11.3.1/../../../../arm-none-eabi/lib/thumb/v6-m/nofp/libc_nano.a(libc_a-lock.o)
                0x0000000008011d3c                __retarget_lock_release_recursive
 .text.memcpy   0x0000000008011d3e       0x12 /opt/st/stm32cubeide_1.13.2/plugins/com.st.stm32cube.ide.mcu.externaltools.gnu-tools-for-stm32.11.3.rel1.linux64_1.1.1.202309131626/tools/bin/../lib/gcc/arm-none-eabi/11.3.1/../../../../arm-none-eabi/lib/thumb/v6-m/nofp/libc_nano.a(libc_a-memcpy-stub.o)
                0x0000000008011d3e                memcpy
 .text.nan      0x0000000008011d50        0xc /opt/st/stm32cubeide_1.13.2/plugins/com.st.stm32cube.ide.mcu.externaltools.gnu-tools-for-stm32.11.3.rel1.linux64_1.1.1.202309131626/tools/bin/../lib/gcc/arm-none-eabi/11.3.1/../../../../arm-none-eabi/lib/thumb/v6-m/nofp/libc_nano.a(libm_a-s_nan.o)
                0x0000000008011d50                nan
 .text._free_r  0x0000000008011d5c       0x94 /opt/st/stm32cubeide_1.13.2/plugins/com.st.stm32cube.ide.mcu.externaltools.gnu-tools-for-stm32.11.3.rel1.linux64_1.1.1.202309131626/tools/bin/../lib/gcc/arm-none-eabi/11.3.1/../../../../arm-none-eabi/lib/thumb/v6-m/nofp/libc_nano.a(libc_a-freer.o)
                0x0000000008011d5c                _free_r
 .text.rshift   0x0000000008011df0       0xaa /opt/st/stm32cubeide_1.13.2/plugins/com.st.stm32cube.ide.mcu.externaltools.gnu-tools-for-stm32.11.3.rel1.linux64_1.1.1.202309131626/tools/bin/../lib/gcc/arm-none-eabi/11.3.1/../../../../arm-none-eabi/lib/thumb/v6-m/nofp/libc_nano.a(libc_a-gdtoa-gethex.o)
 .text.__hexdig_fun
                0x0000000008011e9a       0x2a /opt/st/stm32cubeide_1.13.2/plugins/com.st.stm32cube.ide.mcu.externaltools.gnu-tools-for-stm32.11.3.rel1.linux64_1.1.1.202309131626/tools/bin/../lib/gcc/arm-none-eabi/11.3.1/../../../../arm-none-eabi/lib/thumb/v6-m/nofp/libc_nano.a(libc_a-gdtoa-gethex.o)
                0x0000000008011e9a                __hexdig_fun
 .text.__gethex
                0x0000000008011ec4      0x448 /opt/st/stm32cubeide_1.13.2/plugins/com.st.stm32cube.ide.mcu.externaltools.gnu-tools-for-stm32.11.3.rel1.linux64_1.1.1.202309131626/tools/bin/../lib/gcc/arm-none-eabi/11.3.1/../../../../arm-none-eabi/lib/thumb/v6-m/nofp/libc_nano.a(libc_a-gdtoa-gethex.o)
                0x0000000008011ec4                __gethex
 .text.L_shift  0x000000000801230c       0x24 /opt/st/stm32cubeide_1.13.2/plugins/com.st.stm32cube.ide.mcu.externaltools.gnu-tools-for-stm32.11.3.rel1.linux64_1.1.1.202309131626/tools/bin/../lib/gcc/arm-none-eabi/11.3.1/../../../../arm-none-eabi/lib/thumb/v6-m/nofp/libc_nano.a(libc_a-gdtoa-hexnan.o)
 .text.__match  0x0000000008012330       0x28 /opt/st/stm32cubeide_1.13.2/plugins/com.st.stm32cube.ide.mcu.externaltools.gnu-tools-for-stm32.11.3.rel1.linux64_1.1.1.202309131626/tools/bin/../lib/gcc/arm-none-eabi/11.3.1/../../../../arm-none-eabi/lib/thumb/v6-m/nofp/libc_nano.a(libc_a-gdtoa-hexnan.o)
                0x0000000008012330                __match
 .text.__hexnan
                0x0000000008012358      0x150 /opt/st/stm32cubeide_1.13.2/plugins/com.st.stm32cube.ide.mcu.externaltools.gnu-tools-for-stm32.11.3.rel1.linux64_1.1.1.202309131626/tools/bin/../lib/gcc/arm-none-eabi/11.3.1/../../../../arm-none-eabi/lib/thumb/v6-m/nofp/libc_nano.a(libc_a-gdtoa-hexnan.o)
                0x0000000008012358                __hexnan